Information: Updating design information... (UID-85)
 
****************************************
Report : constraint
        -all_violators
Design : adder
Version: 2003.03
Date   : Sun Apr  5 23:34:28 2009
****************************************


   max_delay/setup ('CLK' group)

                             Required        Actual
   Endpoint                 Path Delay     Path Delay        Slack
   -----------------------------------------------------------------
   bm_reg[29]/D                 1.21           1.53 r        -0.32  (VIOLATED)
   am_reg[29]/D                 1.21           1.53 r        -0.32  (VIOLATED)
   bm_reg[45]/D                 1.21           1.53 r        -0.32  (VIOLATED)
   am_reg[21]/D                 1.21           1.53 r        -0.32  (VIOLATED)
   bm_reg[44]/D                 1.21           1.53 r        -0.32  (VIOLATED)
   am_reg[9]/D                  1.21           1.53 r        -0.31  (VIOLATED)
   am_reg[25]/D                 1.21           1.53 r        -0.31  (VIOLATED)
   bm_reg[42]/D                 1.21           1.53 r        -0.31  (VIOLATED)
   bm_reg[60]/D                 1.21           1.53 r        -0.31  (VIOLATED)
   am_reg[43]/D                 1.21           1.53 r        -0.31  (VIOLATED)
   am_reg[42]/D                 1.21           1.53 r        -0.31  (VIOLATED)
   am_reg[56]/D                 1.21           1.52 r        -0.31  (VIOLATED)
   bm_reg[8]/D                  1.21           1.52 r        -0.31  (VIOLATED)
   am_reg[3]/D                  1.21           1.51 r        -0.30  (VIOLATED)
   am_reg[31]/D                 1.21           1.51 r        -0.30  (VIOLATED)
   am_reg[54]/D                 1.21           1.51 r        -0.30  (VIOLATED)
   bm_reg[17]/D                 1.21           1.51 r        -0.30  (VIOLATED)
   bm_reg[19]/D                 1.21           1.51 r        -0.30  (VIOLATED)
   bm_reg[33]/D                 1.21           1.51 r        -0.30  (VIOLATED)
   bm_reg[49]/D                 1.21           1.51 r        -0.30  (VIOLATED)
   bm_reg[58]/D                 1.21           1.51 r        -0.30  (VIOLATED)
   am_reg[12]/D                 1.21           1.51 r        -0.29  (VIOLATED)
   am_reg[49]/D                 1.21           1.51 r        -0.29  (VIOLATED)
   bm_reg[22]/D                 1.21           1.51 r        -0.29  (VIOLATED)
   bm_reg[28]/D                 1.21           1.51 r        -0.29  (VIOLATED)
   bm_reg[37]/D                 1.21           1.51 r        -0.29  (VIOLATED)
   bm_reg[46]/D                 1.21           1.51 r        -0.29  (VIOLATED)
   am_reg[4]/D                  1.21           1.47 r        -0.26  (VIOLATED)
   am_reg[22]/D                 1.21           1.47 r        -0.26  (VIOLATED)
   am_reg[52]/D                 1.21           1.47 r        -0.26  (VIOLATED)
   bm_reg[62]/D                 1.21           1.47 r        -0.26  (VIOLATED)
   am_reg[44]/D                 1.21           1.45 r        -0.24  (VIOLATED)
   bm_reg[11]/D                 1.21           1.45 r        -0.24  (VIOLATED)
   am_reg[36]/D                 1.21           1.45 r        -0.23  (VIOLATED)
   am_reg[46]/D                 1.21           1.45 r        -0.23  (VIOLATED)
   bm_reg[21]/D                 1.21           1.45 r        -0.23  (VIOLATED)
   bm_reg[35]/D                 1.21           1.45 r        -0.23  (VIOLATED)
   am_reg[17]/D                 1.21           1.44 r        -0.23  (VIOLATED)
   am_reg[39]/D                 1.21           1.44 r        -0.23  (VIOLATED)
   bm_reg[26]/D                 1.21           1.44 r        -0.23  (VIOLATED)
   bm_reg[30]/D                 1.21           1.44 r        -0.23  (VIOLATED)
   bm_reg[34]/D                 1.21           1.44 r        -0.23  (VIOLATED)
   bm_reg[52]/D                 1.21           1.44 r        -0.23  (VIOLATED)
   bm_reg[55]/D                 1.21           1.44 r        -0.23  (VIOLATED)
   bm_reg[61]/D                 1.21           1.44 r        -0.23  (VIOLATED)
   am_reg[45]/D                 1.21           1.44 r        -0.22  (VIOLATED)
   am_reg[61]/D                 1.21           1.44 r        -0.22  (VIOLATED)
   am_reg[27]/D                 1.21           1.43 r        -0.22  (VIOLATED)
   bm_reg[38]/D                 1.21           1.43 r        -0.22  (VIOLATED)
   am_reg[57]/D                 1.21           1.43 r        -0.22  (VIOLATED)
   bm_reg[63]/D                 1.21           1.43 r        -0.22  (VIOLATED)
   am_reg[24]/D                 1.21           1.43 r        -0.22  (VIOLATED)
   bm_reg[41]/D                 1.21           1.43 r        -0.22  (VIOLATED)
   bm_reg[2]/D                  1.21           1.43 r        -0.22  (VIOLATED)
   bm_reg[36]/D                 1.21           1.43 r        -0.22  (VIOLATED)
   am_reg[1]/D                  1.21           1.43 r        -0.22  (VIOLATED)
   am_reg[55]/D                 1.21           1.43 r        -0.22  (VIOLATED)
   am_reg[15]/D                 1.21           1.43 r        -0.22  (VIOLATED)
   am_reg[16]/D                 1.21           1.43 r        -0.22  (VIOLATED)
   am_reg[26]/D                 1.21           1.42 r        -0.21  (VIOLATED)
   bm_reg[47]/D                 1.21           1.42 r        -0.21  (VIOLATED)
   am_reg[47]/D                 1.21           1.41 r        -0.20  (VIOLATED)
   am_reg[60]/D                 1.21           1.41 r        -0.20  (VIOLATED)
   bm_reg[48]/D                 1.21           1.41 r        -0.20  (VIOLATED)
   am_reg[62]/D                 1.21           1.40 r        -0.19  (VIOLATED)
   bm_reg[3]/D                  1.21           1.40 r        -0.19  (VIOLATED)
   bm_reg[10]/D                 1.21           1.40 r        -0.19  (VIOLATED)
   am_reg[33]/D                 1.21           1.40 r        -0.19  (VIOLATED)
   am_reg[20]/D                 1.21           1.40 r        -0.19  (VIOLATED)
   bm_reg[24]/D                 1.21           1.40 r        -0.18  (VIOLATED)
   am_reg[6]/D                  1.21           1.38 r        -0.17  (VIOLATED)
   am_reg[32]/D                 1.21           1.38 r        -0.17  (VIOLATED)
   am_reg[2]/D                  1.21           1.37 r        -0.16  (VIOLATED)
   bm_reg[14]/D                 1.21           1.37 r        -0.16  (VIOLATED)
   am_reg[48]/D                 1.21           1.37 r        -0.15  (VIOLATED)
   am_reg[13]/D                 1.21           1.37 r        -0.15  (VIOLATED)
   am_reg[19]/D                 1.21           1.37 r        -0.15  (VIOLATED)
   bm_reg[15]/D                 1.21           1.37 r        -0.15  (VIOLATED)
   bm_reg[59]/D                 1.21           1.37 r        -0.15  (VIOLATED)
   am_reg[0]/D                  1.21           1.36 r        -0.15  (VIOLATED)
   am_reg[14]/D                 1.21           1.36 r        -0.15  (VIOLATED)
   bm_reg[16]/D                 1.21           1.36 r        -0.15  (VIOLATED)
   bm_reg[0]/D                  1.21           1.36 r        -0.15  (VIOLATED)
   bm_reg[51]/D                 1.21           1.36 r        -0.15  (VIOLATED)
   bm_reg[23]/D                 1.21           1.36 r        -0.15  (VIOLATED)
   bm_reg[31]/D                 1.21           1.36 r        -0.15  (VIOLATED)
   bm_reg[5]/D                  1.21           1.36 r        -0.15  (VIOLATED)
   bm_reg[9]/D                  1.21           1.36 r        -0.14  (VIOLATED)
   bm_reg[1]/D                  1.21           1.36 r        -0.14  (VIOLATED)
   bm_reg[20]/D                 1.21           1.35 r        -0.14  (VIOLATED)
   bm_reg[54]/D                 1.21           1.35 r        -0.14  (VIOLATED)
   bm_reg[12]/D                 1.21           1.35 r        -0.14  (VIOLATED)
   bm_reg[25]/D                 1.21           1.35 r        -0.14  (VIOLATED)
   am_reg[38]/D                 1.21           1.34 r        -0.13  (VIOLATED)
   bm_reg[18]/D                 1.21           1.33 r        -0.12  (VIOLATED)
   am_reg[50]/D                 1.21           1.33 r        -0.12  (VIOLATED)
   am_reg[53]/D                 1.21           1.33 r        -0.12  (VIOLATED)
   am_reg[34]/D                 1.21           1.33 r        -0.12  (VIOLATED)
   bm_reg[27]/D                 1.21           1.33 r        -0.12  (VIOLATED)
   am_reg[63]/D                 1.21           1.33 r        -0.11  (VIOLATED)
   bm_reg[53]/D                 1.21           1.33 r        -0.11  (VIOLATED)
   am_reg[30]/D                 1.21           1.28 r        -0.07  (VIOLATED)
   bm_reg[6]/D                  1.21           1.28 r        -0.07  (VIOLATED)
   am_reg[40]/D                 1.21           1.28 r        -0.06  (VIOLATED)
   am_reg[5]/D                  1.21           1.27 r        -0.06  (VIOLATED)
   am_reg[10]/D                 1.21           1.27 r        -0.06  (VIOLATED)
   am_reg[41]/D                 1.21           1.27 r        -0.06  (VIOLATED)
   am_reg[58]/D                 1.21           1.27 r        -0.06  (VIOLATED)
   am_reg[35]/D                 1.21           1.27 r        -0.05  (VIOLATED)
   bm_reg[13]/D                 1.21           1.27 r        -0.05  (VIOLATED)
   bm_reg[43]/D                 1.21           1.27 r        -0.05  (VIOLATED)
   am_reg[59]/D                 1.21           1.26 r        -0.05  (VIOLATED)
   bm_reg[50]/D                 1.21           1.26 r        -0.05  (VIOLATED)
   am_reg[18]/D                 1.21           1.26 r        -0.05  (VIOLATED)
   am_reg[23]/D                 1.21           1.26 r        -0.05  (VIOLATED)
   bm_reg[4]/D                  1.21           1.26 r        -0.05  (VIOLATED)
   am_reg[7]/D                  1.21           1.26 r        -0.04  (VIOLATED)
   am_reg[37]/D                 1.21           1.25 r        -0.04  (VIOLATED)
   am_reg[8]/D                  1.21           1.25 r        -0.04  (VIOLATED)
   am_reg[28]/D                 1.21           1.25 r        -0.04  (VIOLATED)
   am_reg[51]/D                 1.21           1.25 r        -0.04  (VIOLATED)
   bm_reg[7]/D                  1.21           1.25 r        -0.04  (VIOLATED)
   bm_reg[39]/D                 1.21           1.24 r        -0.03  (VIOLATED)
   bm_reg[40]/D                 1.21           1.24 r        -0.03  (VIOLATED)


   max_area

                             Required        Actual
   Design                      Area           Area           Slack
   -----------------------------------------------------------------
   adder                        0.00       13176.00       -13176.00 (VIOLATED)


1
