###############################################################################
#
# IAR ELF Linker V8.30.1.114/W32 for ARM                  06/Dec/2019  20:24:17
# Copyright 2007-2018 IAR Systems AB.
#
#    Output file  =  
#        D:\code\c_language\data-struct\IoT_Study\freertos_hello\boards\evkmimxrt1064\rtos_examples\freertos_hello\iar\release\freertos_hello.out
#    Map file     =  
#        D:\code\c_language\data-struct\IoT_Study\freertos_hello\boards\evkmimxrt1064\rtos_examples\freertos_hello\iar\release\list\freertos_hello.map
#    Command line =  
#        -f C:\Users\MAIBEN~1\AppData\Local\Temp\EW4154.tmp
#        (D:\code\c_language\data-struct\IoT_Study\freertos_hello\boards\evkmimxrt1064\rtos_examples\freertos_hello\iar\release\obj\board.o
#        D:\code\c_language\data-struct\IoT_Study\freertos_hello\boards\evkmimxrt1064\rtos_examples\freertos_hello\iar\release\obj\clock_config.o
#        D:\code\c_language\data-struct\IoT_Study\freertos_hello\boards\evkmimxrt1064\rtos_examples\freertos_hello\iar\release\obj\event_groups.o
#        D:\code\c_language\data-struct\IoT_Study\freertos_hello\boards\evkmimxrt1064\rtos_examples\freertos_hello\iar\release\obj\evkmimxrt1064_flexspi_nor_config.o
#        D:\code\c_language\data-struct\IoT_Study\freertos_hello\boards\evkmimxrt1064\rtos_examples\freertos_hello\iar\release\obj\evkmimxrt1064_sdram_ini_dcd.o
#        D:\code\c_language\data-struct\IoT_Study\freertos_hello\boards\evkmimxrt1064\rtos_examples\freertos_hello\iar\release\obj\freertos_hello.o
#        D:\code\c_language\data-struct\IoT_Study\freertos_hello\boards\evkmimxrt1064\rtos_examples\freertos_hello\iar\release\obj\fsl_assert.o
#        D:\code\c_language\data-struct\IoT_Study\freertos_hello\boards\evkmimxrt1064\rtos_examples\freertos_hello\iar\release\obj\fsl_clock.o
#        D:\code\c_language\data-struct\IoT_Study\freertos_hello\boards\evkmimxrt1064\rtos_examples\freertos_hello\iar\release\obj\fsl_common.o
#        D:\code\c_language\data-struct\IoT_Study\freertos_hello\boards\evkmimxrt1064\rtos_examples\freertos_hello\iar\release\obj\fsl_debug_console.o
#        D:\code\c_language\data-struct\IoT_Study\freertos_hello\boards\evkmimxrt1064\rtos_examples\freertos_hello\iar\release\obj\fsl_flexspi_nor_boot.o
#        D:\code\c_language\data-struct\IoT_Study\freertos_hello\boards\evkmimxrt1064\rtos_examples\freertos_hello\iar\release\obj\fsl_gpio.o
#        D:\code\c_language\data-struct\IoT_Study\freertos_hello\boards\evkmimxrt1064\rtos_examples\freertos_hello\iar\release\obj\fsl_lpuart.o
#        D:\code\c_language\data-struct\IoT_Study\freertos_hello\boards\evkmimxrt1064\rtos_examples\freertos_hello\iar\release\obj\fsl_str.o
#        D:\code\c_language\data-struct\IoT_Study\freertos_hello\boards\evkmimxrt1064\rtos_examples\freertos_hello\iar\release\obj\generic_list.o
#        D:\code\c_language\data-struct\IoT_Study\freertos_hello\boards\evkmimxrt1064\rtos_examples\freertos_hello\iar\release\obj\heap_4.o
#        D:\code\c_language\data-struct\IoT_Study\freertos_hello\boards\evkmimxrt1064\rtos_examples\freertos_hello\iar\release\obj\list.o
#        D:\code\c_language\data-struct\IoT_Study\freertos_hello\boards\evkmimxrt1064\rtos_examples\freertos_hello\iar\release\obj\lpuart_adapter.o
#        D:\code\c_language\data-struct\IoT_Study\freertos_hello\boards\evkmimxrt1064\rtos_examples\freertos_hello\iar\release\obj\pin_mux.o
#        D:\code\c_language\data-struct\IoT_Study\freertos_hello\boards\evkmimxrt1064\rtos_examples\freertos_hello\iar\release\obj\port.o
#        D:\code\c_language\data-struct\IoT_Study\freertos_hello\boards\evkmimxrt1064\rtos_examples\freertos_hello\iar\release\obj\portasm.o
#        D:\code\c_language\data-struct\IoT_Study\freertos_hello\boards\evkmimxrt1064\rtos_examples\freertos_hello\iar\release\obj\queue.o
#        D:\code\c_language\data-struct\IoT_Study\freertos_hello\boards\evkmimxrt1064\rtos_examples\freertos_hello\iar\release\obj\serial_manager.o
#        D:\code\c_language\data-struct\IoT_Study\freertos_hello\boards\evkmimxrt1064\rtos_examples\freertos_hello\iar\release\obj\serial_port_uart.o
#        D:\code\c_language\data-struct\IoT_Study\freertos_hello\boards\evkmimxrt1064\rtos_examples\freertos_hello\iar\release\obj\startup_MIMXRT1064.o
#        D:\code\c_language\data-struct\IoT_Study\freertos_hello\boards\evkmimxrt1064\rtos_examples\freertos_hello\iar\release\obj\stream_buffer.o
#        D:\code\c_language\data-struct\IoT_Study\freertos_hello\boards\evkmimxrt1064\rtos_examples\freertos_hello\iar\release\obj\system_MIMXRT1064.o
#        D:\code\c_language\data-struct\IoT_Study\freertos_hello\boards\evkmimxrt1064\rtos_examples\freertos_hello\iar\release\obj\tasks.o
#        D:\code\c_language\data-struct\IoT_Study\freertos_hello\boards\evkmimxrt1064\rtos_examples\freertos_hello\iar\release\obj\timers.o
#        --redirect _Printf=_PrintfSmallNoMb --redirect _Scanf=_ScanfSmallNoMb
#        --no_out_extension -o
#        D:\code\c_language\data-struct\IoT_Study\freertos_hello\boards\evkmimxrt1064\rtos_examples\freertos_hello\iar\release\freertos_hello.out
#        --map
#        D:\code\c_language\data-struct\IoT_Study\freertos_hello\boards\evkmimxrt1064\rtos_examples\freertos_hello\iar\release\list\freertos_hello.map
#        --config
#        D:\code\c_language\data-struct\IoT_Study\freertos_hello\boards\evkmimxrt1064\rtos_examples\freertos_hello\iar/MIMXRT1064xxxxx_ram.icf
#        --entry __iar_program_start --inline --vfe --text_out locale)
#
###############################################################################

*******************************************************************************
*** RUNTIME MODEL ATTRIBUTES
***

CppFlavor       = *
__Heap_Handler  = DLMalloc
__SystemLibrary = DLib
__dlib_version  = 6


*******************************************************************************
*** HEAP SELECTION
***

The advanced heap was selected because the application calls memory
allocation functions outside of system library functions, and there
are calls to deallocation functions in the application.


*******************************************************************************
*** PLACEMENT SUMMARY
***

"A0":  place at 0x0 { ro section .intvec };
"P1":  place in [from 0x0 to 0x3ff] |
                [from 0x400 to 0x1'ffff] { ro };
define block RW { rw };
"P2":  place in [from 0x2000'0000 to 0x2001'fbff] { block RW };
define block ZI { zi };
"P3":  place in [from 0x2000'0000 to 0x2001'fbff] { block ZI };
define block NCACHE_VAR { section NonCacheable, section NonCacheable.init };
"P5":  place in [from 0x2000'0000 to 0x2001'fbff] { block NCACHE_VAR };
define block CSTACK with size = 1K, alignment = 8 { };
"P6":  place in [from 0x2001'fc00 to 0x2001'ffff] { block CSTACK };
initialize by copy { rw, section .textrw };

No sections matched the following patterns:

  section NonCacheable       in block NCACHE_VAR
  section NonCacheable.init  in block NCACHE_VAR


  Section            Kind         Address    Size  Object
  -------            ----         -------    ----  ------
"A0":                                       0x400
  .intvec            ro code          0x0   0x400  startup_MIMXRT1064.o [1]
                                  - 0x400   0x400

"P1":                                      0x31c8
  .text              ro code        0x400   0x7e8  tasks.o [1]
  .text              ro code        0xbe8   0x1c8  heap_4.o [1]
  .text              ro code        0xdb0    0x3a  ABImemset48.o [4]
  .text              ro code        0xdea    0x3a  zero_init3.o [4]
  .text              ro code        0xe24   0x218  port.o [1]
  .text              ro code       0x103c    0x94  list.o [1]
  .text              ro code       0x10d0   0x3cc  timers.o [1]
  CODE               ro code       0x149c    0xb0  portasm.o [1]
  .text              ro code       0x154c   0x5c0  queue.o [1]
  .text              ro code       0x1b0c    0xa6  ABImemcpy.o [4]
  .text              ro code       0x1bb2     0x2  startup_MIMXRT1064.o [1]
  .text              ro code       0x1bb4   0x782  clock_config.o [1]
  .text              ro code       0x2336     0x2  startup_MIMXRT1064.o [1]
  .text              ro code       0x2338   0x3c0  fsl_clock.o [1]
  .text              ro code       0x26f8   0x2e4  fsl_lpuart.o [1]
  .text              ro code       0x29dc     0x6  ABImemclr4.o [4]
  .text              ro code       0x29e2     0x2  startup_MIMXRT1064.o [1]
  .text              ro code       0x29e4   0x22c  fsl_str.o [1]
  .text              ro code       0x2c10    0x36  strlen.o [4]
  .text              ro code       0x2c46     0x2  startup_MIMXRT1064.o [1]
  .text              ro code       0x2c48   0x218  board.o [1]
  .text              ro code       0x2e60   0x100  fsl_debug_console.o [1]
  .text              ro code       0x2f60    0x82  serial_manager.o [1]
  .text              ro code       0x2fe2     0x2  startup_MIMXRT1064.o [1]
  .text              ro code       0x2fe4     0x6  ABImemclr.o [4]
  .text              ro code       0x2fea    0x3e  serial_port_uart.o [1]
  .text              ro code       0x3028    0x5e  ABImemset.o [4]
  .text              ro code       0x3086     0x2  startup_MIMXRT1064.o [1]
  .text              ro code       0x3088    0xbc  lpuart_adapter.o [1]
  .text              ro code       0x3144   0x10a  system_MIMXRT1064.o [1]
  .text              ro code       0x3250    0x8c  freertos_hello.o [1]
  .text              ro code       0x32dc    0x2c  pin_mux.o [1]
  .text              ro code       0x3308    0x2c  copy_init3.o [4]
  .text              ro code       0x3334    0x28  startup_MIMXRT1064.o [1]
  .text              ro code       0x335c    0x28  data_init.o [4]
  .text              ro code       0x3384    0x22  fpinit_M.o [3]
  .iar.init_table    const         0x33a8    0x24  - Linker created -
  .text              ro code       0x33cc    0x1e  cmain.o [4]
  .text              ro code       0x33ea     0x4  exit.o [2]
  .text              ro code       0x33f0     0xa  cexit.o [4]
  .text              ro code       0x33fc     0xc  XXexit.o [4]
  Initializer bytes  const         0x3408    0x10  <for RW-1>
  .text              ro code       0x3418     0xc  cstartup_M.o [4]
  .text              ro code       0x3424     0x8  startup_MIMXRT1064.o [1]
  .text              ro code       0x342c     0x8  startup_MIMXRT1064.o [1]
  .text              ro code       0x3434     0x8  startup_MIMXRT1064.o [1]
  .text              ro code       0x343c     0x8  startup_MIMXRT1064.o [1]
  .text              ro code       0x3444     0x8  startup_MIMXRT1064.o [1]
  .text              ro code       0x344c     0x8  startup_MIMXRT1064.o [1]
  .text              ro code       0x3454     0x8  startup_MIMXRT1064.o [1]
  .text              ro code       0x345c     0x8  startup_MIMXRT1064.o [1]
  .text              ro code       0x3464     0x8  startup_MIMXRT1064.o [1]
  .text              ro code       0x346c     0x8  startup_MIMXRT1064.o [1]
  .text              ro code       0x3474     0x8  startup_MIMXRT1064.o [1]
  .text              ro code       0x347c     0x8  startup_MIMXRT1064.o [1]
  .text              ro code       0x3484     0x8  startup_MIMXRT1064.o [1]
  .text              ro code       0x348c     0x8  startup_MIMXRT1064.o [1]
  .text              ro code       0x3494     0x8  startup_MIMXRT1064.o [1]
  .text              ro code       0x349c     0x8  startup_MIMXRT1064.o [1]
  .text              ro code       0x34a4     0x8  startup_MIMXRT1064.o [1]
  .text              ro code       0x34ac     0x8  startup_MIMXRT1064.o [1]
  .text              ro code       0x34b4     0x8  startup_MIMXRT1064.o [1]
  .text              ro code       0x34bc     0x8  startup_MIMXRT1064.o [1]
  .text              ro code       0x34c4     0x8  startup_MIMXRT1064.o [1]
  .text              ro code       0x34cc     0x8  startup_MIMXRT1064.o [1]
  .text              ro code       0x34d4     0x8  startup_MIMXRT1064.o [1]
  .text              ro code       0x34dc     0x8  startup_MIMXRT1064.o [1]
  .text              ro code       0x34e4     0x8  startup_MIMXRT1064.o [1]
  .text              ro code       0x34ec     0x8  startup_MIMXRT1064.o [1]
  .text              ro code       0x34f4     0x8  startup_MIMXRT1064.o [1]
  .text              ro code       0x34fc     0x8  startup_MIMXRT1064.o [1]
  .text              ro code       0x3504     0x8  startup_MIMXRT1064.o [1]
  .text              ro code       0x350c     0x8  startup_MIMXRT1064.o [1]
  .text              ro code       0x3514     0x8  startup_MIMXRT1064.o [1]
  .text              ro code       0x351c     0x8  startup_MIMXRT1064.o [1]
  .text              ro code       0x3524     0x8  startup_MIMXRT1064.o [1]
  .text              ro code       0x352c     0x8  startup_MIMXRT1064.o [1]
  .text              ro code       0x3534     0x8  startup_MIMXRT1064.o [1]
  .text              ro code       0x353c     0x8  startup_MIMXRT1064.o [1]
  .text              ro code       0x3544     0x8  startup_MIMXRT1064.o [1]
  .text              ro code       0x354c     0x8  startup_MIMXRT1064.o [1]
  .text              ro code       0x3554     0x8  startup_MIMXRT1064.o [1]
  .text              ro code       0x355c     0x8  startup_MIMXRT1064.o [1]
  .text              ro code       0x3564     0x8  startup_MIMXRT1064.o [1]
  .text              ro code       0x356c     0x8  startup_MIMXRT1064.o [1]
  .text              ro code       0x3574     0x8  startup_MIMXRT1064.o [1]
  .text              ro code       0x357c     0x8  startup_MIMXRT1064.o [1]
  .text              ro code       0x3584     0x8  startup_MIMXRT1064.o [1]
  .text              ro code       0x358c     0x8  startup_MIMXRT1064.o [1]
  .text              ro code       0x3594     0x8  startup_MIMXRT1064.o [1]
  .text              ro code       0x359c     0x8  startup_MIMXRT1064.o [1]
  .text              ro code       0x35a4     0x8  startup_MIMXRT1064.o [1]
  .text              ro code       0x35ac     0x8  startup_MIMXRT1064.o [1]
  .text              ro code       0x35b4     0x8  startup_MIMXRT1064.o [1]
  .text              ro code       0x35bc     0x8  startup_MIMXRT1064.o [1]
  .text              ro code       0x35c4     0x4  startup_MIMXRT1064.o [1]
  .rodata            const         0x35c8     0x0  zero_init3.o [4]
  .rodata            const         0x35c8     0x0  copy_init3.o [4]
                                 - 0x35c8  0x31c8

"P2-P3|P5", part 1 of 2:                     0x10
  RW                          0x2000'0000    0x10  <Block>
    RW-1                      0x2000'0000    0x10  <Init block>
      .data          inited   0x2000'0000     0xc  port.o [1]
      .data          inited   0x2000'000c     0x4  system_MIMXRT1064.o [1]
                            - 0x2000'0010    0x10

"P2-P3|P5", part 2 of 2:                   0x29e8
  ZI                          0x2000'0010  0x29e8  <Block>
    .bss             zero     0x2000'0010     0x4  fsl_clock.o [1]
    .bss             zero     0x2000'0014     0x4  fsl_clock.o [1]
    .bss             zero     0x2000'0018    0x20  fsl_debug_console.o [1]
    .bss             zero     0x2000'0038    0x28  fsl_lpuart.o [1]
    .bss             zero     0x2000'0060  0x2818  heap_4.o [1]
    .bss             zero     0x2000'2878    0x40  queue.o [1]
    .bss             zero     0x2000'28b8    0xa8  tasks.o [1]
    .bss             zero     0x2000'2960    0x5c  tasks.o [1]
    .bss             zero     0x2000'29bc    0x3c  timers.o [1]
                            - 0x2000'29f8  0x29e8

"P6":                                       0x400
  CSTACK                      0x2001'fc00   0x400  <Block>
    CSTACK           uninit   0x2001'fc00   0x400  <Block tail>
                            - 0x2002'0000   0x400

Unused ranges:

         From           To      Size
         ----           --      ----
       0x35c8     0x1'ffff  0x1'ca38
  0x2000'29f8  0x2001'fbff  0x1'd208


*******************************************************************************
*** INIT TABLE
***

          Address      Size
          -------      ----
Zero (__iar_zero_init3)
    1 destination range, total size 0x29e8:
          0x2000'0010  0x29e8

Copy (__iar_copy_init3)
    1 source range, total size 0x10:
               0x3408    0x10
    1 destination range, total size 0x10:
          0x2000'0000    0x10



*******************************************************************************
*** MODULE SUMMARY
***

    Module                ro code  ro data  rw data
    ------                -------  -------  -------
command line/config:
    -----------------------------------------------
    Total:

D:\code\c_language\data-struct\IoT_Study\freertos_hello\boards\evkmimxrt1064\rtos_examples\freertos_hello\iar\release\obj: [1]
    board.o                   536
    clock_config.o          1 922
    freertos_hello.o          140
    fsl_clock.o               960                 8
    fsl_debug_console.o       256                32
    fsl_lpuart.o              740                40
    fsl_str.o                 556
    heap_4.o                  456            10 264
    list.o                    148
    lpuart_adapter.o          188
    pin_mux.o                  44
    port.o                    536       12       12
    portasm.o                 176
    queue.o                 1 472                64
    serial_manager.o          130
    serial_port_uart.o         62
    startup_MIMXRT1064.o    1 496
    system_MIMXRT1064.o       266        4        4
    tasks.o                 2 024               260
    timers.o                  972                60
    -----------------------------------------------
    Total:                 13 080       16   10 744

dl7M_tln.a: [2]
    exit.o                      4
    -----------------------------------------------
    Total:                      4

m7M_tlv.a: [3]
    fpinit_M.o                 34
    -----------------------------------------------
    Total:                     34

rt7M_tl.a: [4]
    ABImemclr.o                 6
    ABImemclr4.o                6
    ABImemcpy.o               166
    ABImemset.o                94
    ABImemset48.o              58
    XXexit.o                   12
    cexit.o                    10
    cmain.o                    30
    copy_init3.o               44
    cstartup_M.o               12
    data_init.o                40
    strlen.o                   54
    zero_init3.o               58
    -----------------------------------------------
    Total:                    590

    Gaps                        6        2
    Linker created                      36    1 024
---------------------------------------------------
    Grand Total:           13 714       54   11 768


*******************************************************************************
*** ENTRY LIST
***

Entry                       Address    Size  Type      Object
-----                       -------    ----  ----      ------
.iar.init_table$$Base        0x33a8           --   Gb  - Linker created -
.iar.init_table$$Limit       0x33cc           --   Gb  - Linker created -
?main                        0x33cd          Code  Gb  cmain.o [4]
BOARD_BootClockRUN           0x1c79   0x57e  Code  Gb  clock_config.o [1]
BOARD_ConfigMPU              0x2ca5   0x158  Code  Gb  board.o [1]
BOARD_DebugConsoleSrcFreq
                             0x2c49    0x44  Code  Gb  board.o [1]
BOARD_InitDebugConsole       0x2c8d    0x18  Code  Gb  board.o [1]
BOARD_InitPins               0x32dd    0x1e  Code  Gb  pin_mux.o [1]
CLOCK_DeinitAudioPll         0x2479     0xc  Code  Gb  fsl_clock.o [1]
CLOCK_DeinitEnetPll          0x2491     0xc  Code  Gb  fsl_clock.o [1]
CLOCK_DeinitUsb2Pll          0x246f     0xa  Code  Gb  fsl_clock.o [1]
CLOCK_DeinitVideoPll         0x2485     0xc  Code  Gb  fsl_clock.o [1]
CLOCK_DisableClock           0x1bff    0x20  Code  Lc  clock_config.o [1]
CLOCK_GetPllFreq             0x249d   0x1d0  Code  Gb  fsl_clock.o [1]
CLOCK_GetPllFreq::enetRefClkFreq
                             0x26e8    0x10  Data  Lc  fsl_clock.o [1]
CLOCK_InitArmPll             0x237d    0x44  Code  Gb  fsl_clock.o [1]
CLOCK_InitExternalClk        0x2339    0x24  Code  Gb  fsl_clock.o [1]
CLOCK_InitRcOsc24M           0x236f     0xe  Code  Gb  fsl_clock.o [1]
CLOCK_InitSysPfd             0x266d     0x6  Code  Gb  fsl_clock.o [1]
CLOCK_InitSysPll             0x23c1    0x6c  Code  Gb  fsl_clock.o [1]
CLOCK_InitUsb1Pfd            0x2673     0x4  Code  Gb  fsl_clock.o [1]
CLOCK_InitUsb1Pll            0x242d     0x6  Code  Gb  fsl_clock.o [1]
CLOCK_SetDiv                 0x1bb9     0x2  Code  Lc  clock_config.o [1]
CLOCK_SetMux                 0x1bb5     0x2  Code  Lc  clock_config.o [1]
CLOCK_SetPllBypass           0x1c1f    0x18  Code  Lc  clock_config.o [1]
CLOCK_SwitchOsc              0x235d    0x12  Code  Gb  fsl_clock.o [1]
CSTACK$$Base            0x2001'fc00           --   Gb  - Linker created -
CSTACK$$Limit           0x2002'0000           --   Gb  - Linker created -
ConvertRadixNumToString
                             0x29e5    0x72  Code  Lc  fsl_str.o [1]
DbgConsole_Init              0x2e9d    0x66  Code  Gb  fsl_debug_console.o [1]
DbgConsole_PrintCallback
                             0x2e61    0x3c  Code  Lc  fsl_debug_console.o [1]
DbgConsole_Printf            0x2f03    0x40  Code  Gb  fsl_debug_console.o [1]
HAL_UartInit                 0x3089    0x82  Code  Gb  lpuart_adapter.o [1]
HAL_UartSendBlocking         0x310d    0x12  Code  Gb  lpuart_adapter.o [1]
IOMUXC_EnableMode            0x1c37    0x16  Code  Lc  clock_config.o [1]
IOMUXC_SetSaiMClkClockSource
                             0x1c4d    0x2c  Code  Lc  clock_config.o [1]
LPUART1_DriverIRQHandler
                             0x2917     0xa  Code  Gb  fsl_lpuart.o [1]
LPUART2_DriverIRQHandler
                             0x2921     0xa  Code  Gb  fsl_lpuart.o [1]
LPUART3_DriverIRQHandler
                             0x292b     0xa  Code  Gb  fsl_lpuart.o [1]
LPUART4_DriverIRQHandler
                             0x2935     0xa  Code  Gb  fsl_lpuart.o [1]
LPUART5_DriverIRQHandler
                             0x293f     0xa  Code  Gb  fsl_lpuart.o [1]
LPUART6_DriverIRQHandler
                             0x2949     0xa  Code  Gb  fsl_lpuart.o [1]
LPUART7_DriverIRQHandler
                             0x2953     0xa  Code  Gb  fsl_lpuart.o [1]
LPUART8_DriverIRQHandler
                             0x295d     0xa  Code  Gb  fsl_lpuart.o [1]
LPUART_GetDefaultConfig
                             0x28cb    0x30  Code  Gb  fsl_lpuart.o [1]
LPUART_Init                  0x26f9   0x1d2  Code  Gb  fsl_lpuart.o [1]
LPUART_WriteBlocking         0x28fb    0x1c  Code  Gb  fsl_lpuart.o [1]
PendSV_Handler               0x149d          Code  Gb  portasm.o [1]
RW$$Base                0x2000'0000           --   Gb  - Linker created -
RW$$Limit               0x2000'0010           --   Gb  - Linker created -
Region$$Table$$Base          0x33a8           --   Gb  - Linker created -
Region$$Table$$Limit         0x33cc           --   Gb  - Linker created -
SVC_Handler                  0x14f5          Code  Gb  portasm.o [1]
SerialManager_Init           0x2f61    0x2a  Code  Gb  serial_manager.o [1]
SerialManager_OpenReadHandle
                             0x2fa5    0x20  Code  Gb  serial_manager.o [1]
SerialManager_OpenWriteHandle
                             0x2f8b    0x1a  Code  Gb  serial_manager.o [1]
SerialManager_WriteBlocking
                             0x2fc5    0x1e  Code  Gb  serial_manager.o [1]
Serial_UartInit              0x2feb    0x3a  Code  Gb  serial_port_uart.o [1]
Serial_UartWrite             0x3025     0x4  Code  Gb  serial_port_uart.o [1]
StrFormatPrintf              0x2a57   0x1b6  Code  Gb  fsl_str.o [1]
SysTick_Handler               0xf7d    0x26  Code  Gb  port.o [1]
SystemCoreClock         0x2000'000c     0x4  Data  Gb  system_MIMXRT1064.o [1]
SystemInit                   0x3145    0xea  Code  Gb  system_MIMXRT1064.o [1]
ZI$$Base                0x2000'0010           --   Gb  - Linker created -
ZI$$Limit               0x2000'29f8           --   Gb  - Linker created -
__RAM_VECTOR_TABLE_SIZE {Abs}
                                0x0          Data  Gb  <internal module>
__VECTOR_RAM {Abs}              0x0          Data  Gb  <internal module>
__VECTOR_TABLE {Abs}            0x0          Data  Gb  <internal module>
__Vectors                       0x0           --   Gb  startup_MIMXRT1064.o [1]
__Vectors_End                 0x400          Data  Gb  startup_MIMXRT1064.o [1]
__Vectors_Size {Abs}          0x400           --   Gb  startup_MIMXRT1064.o [1]
__aeabi_memclr               0x2fe5          Code  Gb  ABImemclr.o [4]
__aeabi_memclr4              0x29dd          Code  Gb  ABImemclr4.o [4]
__aeabi_memcpy               0x1b0d          Code  Gb  ABImemcpy.o [4]
__aeabi_memcpy4              0x1b2d          Code  Gb  ABImemcpy.o [4]
__aeabi_memcpy8              0x1b2d          Code  Gb  ABImemcpy.o [4]
__aeabi_memset4               0xdb1          Code  Gb  ABImemset48.o [4]
__aeabi_memset8               0xdb1          Code  Gb  ABImemset48.o [4]
__cmain                      0x33cd          Code  Gb  cmain.o [4]
__exit                       0x33fd          Code  Gb  XXexit.o [4]
__iar_Memset4_word            0xdb9          Code  Gb  ABImemset48.o [4]
__iar_Memset8_word            0xdb9          Code  Gb  ABImemset48.o [4]
__iar_Memset_word            0x3029          Code  Gb  ABImemset.o [4]
__iar_copy_init3             0x3309    0x2c  Code  Gb  copy_init3.o [4]
__iar_data_init3             0x335d    0x28  Code  Gb  data_init.o [4]
__iar_init_vfp               0x3385          Code  Gb  fpinit_M.o [3]
__iar_program_start          0x3419          Code  Gb  cstartup_M.o [4]
__iar_zero_init3              0xdeb    0x3a  Code  Gb  zero_init3.o [4]
__vector_table                  0x0          Data  Gb  startup_MIMXRT1064.o [1]
__vector_table_0x1c            0x1c          Data  Gb  startup_MIMXRT1064.o [1]
_call_main                   0x33d9          Code  Gb  cmain.o [4]
_exit                        0x33f1          Code  Gb  cexit.o [4]
_main                        0x33e7          Code  Gb  cmain.o [4]
armPllConfig_BOARD_BootClockRUN
                             0x2318     0x8  Data  Gb  clock_config.o [1]
exit                         0x33eb     0x4  Code  Gb  exit.o [2]
g_rtcXtalFreq           0x2000'0014     0x4  Data  Gb  fsl_clock.o [1]
g_serialHandle          0x2000'0034     0x4  Data  Gb  fsl_debug_console.o [1]
g_xtalFreq              0x2000'0010     0x4  Data  Gb  fsl_clock.o [1]
hello_task                   0x3291    0x14  Code  Lc  freertos_hello.o [1]
main                         0x3251    0x3e  Code  Gb  freertos_hello.o [1]
prvAddCurrentTaskToDelayedList
                              0xb73    0x6c  Code  Lc  tasks.o [1]
prvAddNewTaskToReadyList
                              0x51b    0xde  Code  Lc  tasks.o [1]
prvCheckForValidListAndQueue
                             0x143d    0x46  Code  Lc  timers.o [1]
prvCopyDataFromQueue         0x19e3    0x26  Code  Lc  queue.o [1]
prvCopyDataToQueue           0x197b    0x68  Code  Lc  queue.o [1]
prvIdleTask                   0xa41    0x56  Code  Lc  tasks.o [1]
prvInitialiseNewTask          0x459    0xc2  Code  Lc  tasks.o [1]
prvInsertBlockIntoFreeList
                              0xd63    0x48  Code  Lc  heap_4.o [1]
prvInsertTimerInActiveList
                             0x12e5    0x36  Code  Lc  timers.o [1]
prvProcessReceivedCommands
                             0x131d   0x11e  Code  Lc  timers.o [1]
prvProcessTimerOrBlockTask
                             0x1189    0xb6  Code  Lc  timers.o [1]
prvResetNextTaskUnblockTime
                              0xaa5    0x22  Code  Lc  tasks.o [1]
prvSampleTimeNow             0x123f    0xa6  Code  Lc  timers.o [1]
prvSampleTimeNow::xLastTime
                        0x2000'29cc     0x4  Data  Lc  timers.o [1]
prvTaskExitError              0xe4d    0x1c  Code  Lc  port.o [1]
prvTimerTask                 0x1169    0x20  Code  Lc  timers.o [1]
prvUnlockQueue               0x1a09    0x60  Code  Lc  queue.o [1]
pvPortMalloc                  0xbe9   0x122  Code  Gb  heap_4.o [1]
pxCurrentTCB            0x2000'291c     0x4  Data  Gb  tasks.o [1]
pxCurrentTimerList      0x2000'29bc     0x4  Data  Lc  timers.o [1]
pxDelayedTaskList       0x2000'2920     0x4  Data  Lc  tasks.o [1]
pxEnd                   0x2000'0068     0x4  Data  Lc  heap_4.o [1]
pxOverflowDelayedTaskList
                        0x2000'2924     0x4  Data  Lc  tasks.o [1]
pxOverflowTimerList     0x2000'29c0     0x4  Data  Lc  timers.o [1]
pxPortInitialiseStack         0xe25    0x26  Code  Gb  port.o [1]
pxReadyTasksLists       0x2000'28b8    0x64  Data  Lc  tasks.o [1]
s_LpuartAdapterBase          0x3120    0x24  Data  Lc  lpuart_adapter.o [1]
s_debugConsoleState     0x2000'0018    0x1c  Data  Lc  fsl_debug_console.o [1]
s_lpuartBases                0x29a4    0x24  Data  Lc  fsl_lpuart.o [1]
s_lpuartClock                0x29c8    0x14  Data  Lc  fsl_lpuart.o [1]
s_lpuartHandle          0x2000'0038    0x24  Data  Lc  fsl_lpuart.o [1]
s_lpuartIsr             0x2000'005c     0x4  Data  Lc  fsl_lpuart.o [1]
strlen                       0x2c11          Code  Gb  strlen.o [4]
sysPllConfig_BOARD_BootClockRUN
                             0x2320    0x14  Data  Gb  clock_config.o [1]
ucHeap                  0x2000'0078  0x2800  Data  Lc  heap_4.o [1]
ucMaxSysCallPriority    0x2000'0000     0x1  Data  Lc  port.o [1]
ulMaxPRIGROUPValue      0x2000'0008     0x4  Data  Lc  port.o [1]
usb1PllConfig_BOARD_BootClockRUN
                             0x2334     0x2  Data  Gb  clock_config.o [1]
uxCriticalNesting       0x2000'0004     0x4  Data  Lc  port.o [1]
uxCurrentNumberOfTasks  0x2000'2928     0x4  Data  Lc  tasks.o [1]
uxDeletedTasksWaitingCleanUp
                        0x2000'2988     0x4  Data  Lc  tasks.o [1]
uxListRemove                 0x10a7    0x2a  Code  Gb  list.o [1]
uxPendedTicks           0x2000'29a8     0x4  Data  Lc  tasks.o [1]
uxSchedulerSuspended    0x2000'2934     0x4  Data  Lc  tasks.o [1]
uxTaskNumber            0x2000'29b0     0x4  Data  Lc  tasks.o [1]
uxTopReadyPriority      0x2000'292c     0x4  Data  Lc  tasks.o [1]
vListInitialise              0x103d    0x1a  Code  Gb  list.o [1]
vListInsert                  0x1073    0x34  Code  Gb  list.o [1]
vListInsertEnd               0x1057    0x1c  Code  Gb  list.o [1]
vPortEnableVFP               0x1531          Code  Gb  portasm.o [1]
vPortEnterCritical            0xf29    0x32  Code  Gb  port.o [1]
vPortExitCritical             0xf5b    0x22  Code  Gb  port.o [1]
vPortFree                     0xd0b    0x58  Code  Gb  heap_4.o [1]
vPortStartFirstTask          0x1511          Code  Gb  portasm.o [1]
vPortValidateInterruptPriority
                              0xfa5    0x44  Code  Gb  port.o [1]
vQueueAddToRegistry          0x1a69    0x54  Code  Gb  queue.o [1]
vQueueWaitForMessageRestricted
                             0x1ac5    0x48  Code  Gb  queue.o [1]
vTaskInternalSetTimeOutState
                              0x9b9     0xe  Code  Gb  tasks.o [1]
vTaskMissedYield              0xa37     0xa  Code  Gb  tasks.o [1]
vTaskPlaceOnEventList         0x8ef    0x24  Code  Gb  tasks.o [1]
vTaskPlaceOnEventListRestricted
                              0x91f    0x36  Code  Gb  tasks.o [1]
vTaskStartScheduler           0x6b1    0x68  Code  Gb  tasks.o [1]
vTaskSuspend                  0x5f9    0xb6  Code  Gb  tasks.o [1]
vTaskSuspendAll               0x721     0xc  Code  Gb  tasks.o [1]
vTaskSwitchContext            0x8a1    0x4e  Code  Gb  tasks.o [1]
xActiveTimerList1       0x2000'29d0    0x14  Data  Lc  timers.o [1]
xActiveTimerList2       0x2000'29e4    0x14  Data  Lc  timers.o [1]
xBlockAllocatedBit      0x2000'0074     0x4  Data  Lc  heap_4.o [1]
xDelayedTaskList1       0x2000'2938    0x14  Data  Lc  tasks.o [1]
xDelayedTaskList2       0x2000'294c    0x14  Data  Lc  tasks.o [1]
xFreeBytesRemaining     0x2000'006c     0x4  Data  Lc  heap_4.o [1]
xIdleTaskHandle         0x2000'29b8     0x4  Data  Lc  tasks.o [1]
xMinimumEverFreeBytesRemaining
                        0x2000'0070     0x4  Data  Lc  heap_4.o [1]
xNextTaskUnblockTime    0x2000'29b4     0x4  Data  Lc  tasks.o [1]
xNumOfOverflows         0x2000'29ac     0x4  Data  Lc  tasks.o [1]
xPendingReadyList       0x2000'2960    0x14  Data  Lc  tasks.o [1]
xPortStartScheduler           0xe69    0xc0  Code  Gb  port.o [1]
xQueueGenericCreate          0x15cd    0x4e  Code  Gb  queue.o [1]
xQueueGenericReset           0x154d    0x80  Code  Gb  queue.o [1]
xQueueGenericSend            0x161b   0x160  Code  Gb  queue.o [1]
xQueueGenericSendFromISR
                             0x1781    0xac  Code  Gb  queue.o [1]
xQueueReceive                0x1835   0x136  Code  Gb  queue.o [1]
xQueueRegistry          0x2000'2878    0x40  Data  Gb  queue.o [1]
xSchedulerRunning       0x2000'29a4     0x4  Data  Lc  tasks.o [1]
xStart                  0x2000'0060     0x8  Data  Lc  heap_4.o [1]
xSuspendedTaskList      0x2000'298c    0x14  Data  Lc  tasks.o [1]
xTaskCheckForTimeOut          0x9c7    0x70  Code  Gb  tasks.o [1]
xTaskCreate                   0x401    0x52  Code  Gb  tasks.o [1]
xTaskGetSchedulerState        0xac7    0x1c  Code  Gb  tasks.o [1]
xTaskGetTickCount             0x7e1     0x8  Code  Gb  tasks.o [1]
xTaskIncrementTick            0x7e9    0xb8  Code  Gb  tasks.o [1]
xTaskPriorityDisinherit
                              0xae3    0x90  Code  Gb  tasks.o [1]
xTaskRemoveFromEventList
                              0x955    0x64  Code  Gb  tasks.o [1]
xTaskResumeAll                0x72d    0xb4  Code  Gb  tasks.o [1]
xTasksWaitingTermination
                        0x2000'2974    0x14  Data  Lc  tasks.o [1]
xTickCount              0x2000'29a0     0x4  Data  Lc  tasks.o [1]
xTimerCreateTimerTask        0x10d1    0x3e  Code  Gb  timers.o [1]
xTimerGenericCommand         0x110f    0x5a  Code  Gb  timers.o [1]
xTimerQueue             0x2000'29c4     0x4  Data  Lc  timers.o [1]
xTimerTaskHandle        0x2000'29c8     0x4  Data  Lc  timers.o [1]
xYieldPending           0x2000'2930     0x4  Data  Lc  tasks.o [1]


[1] = D:\code\c_language\data-struct\IoT_Study\freertos_hello\boards\evkmimxrt1064\rtos_examples\freertos_hello\iar\release\obj
[2] = dl7M_tln.a
[3] = m7M_tlv.a
[4] = rt7M_tl.a

  13 714 bytes of readonly  code memory
      54 bytes of readonly  data memory
  11 768 bytes of readwrite data memory

Errors: none
Warnings: none
