<html>
<body>
<pre>
<h1>µVision Build Log</h1>
<h2>Tool Versions:</h2>
IDE-Version: ¦ÌVision V5.26.2.0
Copyright (C) 2018 ARM Ltd and ARM Germany GmbH. All rights reserved.
License Information: Jone nxf42573 nxp Flex license: MDK-ARM Professional: 50 user(s) (mdk_pro) Operation stops: 28 Dec 2019
 
Tool Versions:
Toolchain:       MDK-ARM Professional: 50 user(s)  Version: 5.26.2.0
Toolchain Path:  C:\Keil_v5\ARM\ARMCC\Bin
C Compiler:      Armcc.exe V5.06 update 6 (build 750)
Assembler:       Armasm.exe V5.06 update 6 (build 750)
Linker/Locator:  ArmLink.exe V5.06 update 6 (build 750)
Library Manager: ArmAr.exe V5.06 update 6 (build 750)
Hex Converter:   FromElf.exe V5.06 update 6 (build 750)
CPU DLL:         SARMCM3.DLL V5.26.2.0
Dialog DLL:      DCM.DLL V1.17.2.0
Target DLL:      CMSIS_AGDI.dll V1.30.6.0
Dialog DLL:      TCM.DLL V1.36.1.0
 
<h2>Project:</h2>
D:\git_learning\Code_learning\IoT_Study\01_led\led.uvprojx
Project File Date:  12/10/2019

<h2>Output:</h2>
*** Using Compiler 'V5.06 update 6 (build 750)', folder: 'C:\Keil_v5\ARM\ARMCC\Bin'
Build target 'led_debug'
compiling delay.c...
compiling led.c...
compiling peripherals.c...
compiling board.c...
compiling clock_config.c...
compiling fsl_clock.c...
compiling pin_mux.c...
compiling fsl_common.c...
compiling fsl_gpio.c...
compiling fsl_lpuart.c...
compiling fsl_io.c...
compiling fsl_debug_console.c...
compiling fsl_log.c...
compiling evkmimxrt1064_sdram_ini_dcd.c...
compiling fsl_str.c...
assembling startup_MIMXRT1064.s...
compiling evkmimxrt1064_flexspi_nor_config.c...
compiling fsl_flexspi_nor_boot.c...
compiling system_MIMXRT1064.c...
linking...
.\scatter\MIMXRT1064xxxxx_ram.scf(61): warning: L6314W: No section matches pattern *(NonCacheable.init).
.\scatter\MIMXRT1064xxxxx_ram.scf(62): warning: L6314W: No section matches pattern *(NonCacheable).
Program Size: Code=5720 RO-data=1344 RW-data=20 ZI-data=2084  
Finished: 0 information, 2 warning and 0 error messages.
FromELF: creating hex file...
".\OBJ\led.axf" - 0 Error(s), 2 Warning(s).

<h2>Software Packages used:</h2>

Package Vendor: ARM
                http://www.keil.com/pack/ARM.CMSIS.5.4.0.pack
                ARM.CMSIS.5.4.0
                CMSIS (Cortex Microcontroller Software Interface Standard)
   * Component: CORE Version: 5.1.2

Package Vendor: NXP
                http://mcuxpresso.nxp.com/cmsis_pack/repo/NXP.EVK-MIMXRT1064_BSP.10.0.0.pack
                NXP.EVK-MIMXRT1064_BSP.10.0.0
                Board Support Pack for EVK-MIMXRT1064
   * Component: project_template Variant: evkmimxrt1064 Version: 1.0.0

Package Vendor: NXP
                http://mcuxpresso.nxp.com/cmsis_pack/repo/NXP.MIMXRT1064_DFP.10.0.0.pack
                NXP.MIMXRT1064_DFP.10.0.0
                Device Family Pack for MIMXRT1064
   * Component: clock Version: 2.1.0
   * Component: common Version: 2.0.0
   * Component: gpio Version: 2.0.1
   * Component: iomuxc Version: 2.0.0
   * Component: lpuart Version: 2.2.5
   * Component: xip Version: 2.0.0
   * Component: debug_console Version: 1.0.0
   * Component: Startup Version: 1.0.0

<h2>Collection of Component include folders:</h2>
  .\RTE\Board_Support\MIMXRT1064DVL6A
  .\RTE\Device\MIMXRT1064DVL6A
  .\RTE\_led_debug
  C:\Keil_v5\ARM\PACK\ARM\CMSIS\5.4.0\CMSIS\Core\Include
  C:\Keil_v5\ARM\PACK\NXP\MIMXRT1064_DFP\10.0.0\drivers
  C:\Keil_v5\ARM\PACK\NXP\MIMXRT1064_DFP\10.0.0\utilities
  C:\Keil_v5\ARM\PACK\NXP\MIMXRT1064_DFP\10.0.0\utilities\io
  C:\Keil_v5\ARM\PACK\NXP\MIMXRT1064_DFP\10.0.0\utilities\log
  C:\Keil_v5\ARM\PACK\NXP\MIMXRT1064_DFP\10.0.0\utilities\str
  C:\Keil_v5\ARM\PACK\NXP\MIMXRT1064_DFP\10.0.0\xip

<h2>Collection of Component Files used:</h2>

   * Component: ARM::CMSIS:CORE:5.1.2

   * Component: NXP::Board Support:SDK Project Template:project_template:evkmimxrt1064:1.0.0
      Source file:   project_template\clock_config.c
      Include file:  project_template\peripherals.h
      Source file:   project_template\peripherals.c
      Include file:  project_template\pin_mux.h
      Source file:   project_template\board.c
      Include file:  project_template\board.h
      Include file:  project_template\clock_config.h
      Source file:   project_template\pin_mux.c

   * Component: NXP::Device:SDK Drivers:clock:2.1.0
      Source file:   drivers\fsl_clock.c
      Include file:  drivers\fsl_clock.h

   * Component: NXP::Device:SDK Drivers:common:2.0.0
      Source file:   drivers\fsl_common.c
      Include file:  drivers\fsl_common.h

   * Component: NXP::Device:SDK Drivers:gpio:2.0.1
      Source file:   drivers\fsl_gpio.c
      Include file:  drivers\fsl_gpio.h

   * Component: NXP::Device:SDK Drivers:iomuxc:2.0.0
      Include file:  drivers\fsl_iomuxc.h

   * Component: NXP::Device:SDK Drivers:lpuart:2.2.5
      Source file:   drivers\fsl_lpuart.c
      Include file:  drivers\fsl_lpuart.h

   * Component: NXP::Device:SDK Drivers:xip:2.0.0
      Include file:  xip\evkmimxrt1064_flexspi_nor_config.h
      Source file:   xip\evkmimxrt1064_flexspi_nor_config.c
      Source file:   xip\evkmimxrt1064_sdram_ini_dcd.c
      Source file:   xip\fsl_flexspi_nor_boot.c
      Include file:  xip\evkmimxrt1064_sdram_ini_dcd.h
      Include file:  xip\fsl_flexspi_nor_boot.h

   * Component: NXP::Device:SDK Utilities:debug_console:1.0.0
      Source file:   utilities\fsl_debug_console.c
      Include file:  utilities\fsl_debug_console.h
      Include file:  utilities\io\fsl_io.h
      Source file:   utilities\str\fsl_str.c
      Source file:   utilities\io\fsl_io.c
      Source file:   utilities\log\fsl_log.c
      Include file:  utilities\log\fsl_log.h
      Include file:  utilities\str\fsl_str.h
      Include file:  utilities\fsl_debug_console_conf.h

   * Component: NXP::Device:Startup:1.0.0
      Include file:  MIMXRT1064_features.h
      Include file:  fsl_device_registers.h
      Source file:   arm\startup_MIMXRT1064.s
      Include file:  MIMXRT1064.h
      Include file:  system_MIMXRT1064.h
      Source file:   system_MIMXRT1064.c
Build Time Elapsed:  00:01:32
</pre>
</body>
</html>
