Component: ARM Compiler 5.06 update 6 (build 750) Tool: armlink [4d35ed]

==============================================================================

Section Cross References

    led.o(i.main) refers to clock_config.o(i.BOARD_BootClockRUN) for BOARD_BootClockRUN
    led.o(i.main) refers to system_mimxrt1064.o(i.SystemCoreClockUpdate) for SystemCoreClockUpdate
    led.o(i.main) refers to fsl_gpio.o(i.GPIO_PinInit) for GPIO_PinInit
    led.o(i.main) refers to fsl_gpio.o(i.GPIO_PinWrite) for GPIO_PinWrite
    led.o(i.main) refers to delay.o(i.SysTick_DelayTicks) for SysTick_DelayTicks
    led.o(i.main) refers to led.o(.constdata) for .constdata
    led.o(i.main) refers to system_mimxrt1064.o(.data) for SystemCoreClock
    delay.o(i.SysTick_DelayTicks) refers to delay.o(.data) for g_systickCounter
    delay.o(i.SysTick_Handler) refers to delay.o(.data) for g_systickCounter
    board.o(i.BOARD_ConfigMPU) refers to board.o(i.SCB_DisableDCache) for SCB_DisableDCache
    board.o(i.BOARD_ConfigMPU) refers to board.o(i.SCB_EnableDCache) for SCB_EnableDCache
    board.o(i.BOARD_ConfigMPU) refers to board.o(i.SCB_EnableICache) for SCB_EnableICache
    board.o(i.BOARD_DebugConsoleSrcFreq) refers to fsl_clock.o(i.CLOCK_GetPllFreq) for CLOCK_GetPllFreq
    board.o(i.BOARD_DebugConsoleSrcFreq) refers to board.o(i.CLOCK_GetDiv) for CLOCK_GetDiv
    board.o(i.BOARD_DebugConsoleSrcFreq) refers to fsl_clock.o(.data) for g_xtalFreq
    board.o(i.BOARD_InitDebugConsole) refers to board.o(i.BOARD_DebugConsoleSrcFreq) for BOARD_DebugConsoleSrcFreq
    board.o(i.BOARD_InitDebugConsole) refers to fsl_debug_console.o(i.DbgConsole_Init) for DbgConsole_Init
    board.o(i.BOARD_SD_Pin_Config) refers to board.o(i.IOMUXC_SetPinConfig) for IOMUXC_SetPinConfig
    clock_config.o(i.BOARD_BootClockRUN) refers to fsl_clock.o(i.CLOCK_InitExternalClk) for CLOCK_InitExternalClk
    clock_config.o(i.BOARD_BootClockRUN) refers to fsl_clock.o(i.CLOCK_InitRcOsc24M) for CLOCK_InitRcOsc24M
    clock_config.o(i.BOARD_BootClockRUN) refers to fsl_clock.o(i.CLOCK_SwitchOsc) for CLOCK_SwitchOsc
    clock_config.o(i.BOARD_BootClockRUN) refers to clock_config.o(i.CLOCK_SetMux) for CLOCK_SetMux
    clock_config.o(i.BOARD_BootClockRUN) refers to fsl_clock.o(i.CLOCK_InitArmPll) for CLOCK_InitArmPll
    clock_config.o(i.BOARD_BootClockRUN) refers to fsl_clock.o(i.CLOCK_InitSysPll) for CLOCK_InitSysPll
    clock_config.o(i.BOARD_BootClockRUN) refers to fsl_clock.o(i.CLOCK_InitSysPfd) for CLOCK_InitSysPfd
    clock_config.o(i.BOARD_BootClockRUN) refers to fsl_clock.o(i.CLOCK_InitUsb1Pll) for CLOCK_InitUsb1Pll
    clock_config.o(i.BOARD_BootClockRUN) refers to fsl_clock.o(i.CLOCK_InitUsb1Pfd) for CLOCK_InitUsb1Pfd
    clock_config.o(i.BOARD_BootClockRUN) refers to fsl_clock.o(i.CLOCK_DeinitAudioPll) for CLOCK_DeinitAudioPll
    clock_config.o(i.BOARD_BootClockRUN) refers to clock_config.o(i.CLOCK_SetPllBypass) for CLOCK_SetPllBypass
    clock_config.o(i.BOARD_BootClockRUN) refers to fsl_clock.o(i.CLOCK_DeinitVideoPll) for CLOCK_DeinitVideoPll
    clock_config.o(i.BOARD_BootClockRUN) refers to fsl_clock.o(i.CLOCK_DeinitEnetPll) for CLOCK_DeinitEnetPll
    clock_config.o(i.BOARD_BootClockRUN) refers to fsl_clock.o(i.CLOCK_DeinitUsb2Pll) for CLOCK_DeinitUsb2Pll
    clock_config.o(i.BOARD_BootClockRUN) refers to clock_config.o(i.CLOCK_SetDiv) for CLOCK_SetDiv
    clock_config.o(i.BOARD_BootClockRUN) refers to clock_config.o(i.CLOCK_DisableClock) for CLOCK_DisableClock
    clock_config.o(i.BOARD_BootClockRUN) refers to fsl_clock.o(.data) for g_rtcXtalFreq
    clock_config.o(i.BOARD_BootClockRUN) refers to clock_config.o(.constdata) for armPllConfig_BOARD_BootClockRUN
    clock_config.o(i.BOARD_BootClockRUN) refers to system_mimxrt1064.o(.data) for SystemCoreClock
    clock_config.o(i.BOARD_InitBootClocks) refers to clock_config.o(i.BOARD_BootClockRUN) for BOARD_BootClockRUN
    clock_config.o(i.CLOCK_DisableClock) refers to assert.o(.text) for __aeabi_assert
    clock_config.o(i.CLOCK_SetDiv) refers to assert.o(.text) for __aeabi_assert
    clock_config.o(i.CLOCK_SetMux) refers to assert.o(.text) for __aeabi_assert
    peripherals.o(i.BOARD_InitBootPeripherals) refers to board.o(i.BOARD_ConfigMPU) for BOARD_ConfigMPU
    pin_mux.o(i.BOARD_InitBootPins) refers to pin_mux.o(i.BOARD_InitPins) for BOARD_InitPins
    pin_mux.o(i.BOARD_InitBootPins) refers to pin_mux.o(i.BOARD_InitDEBUG_UART) for BOARD_InitDEBUG_UART
    pin_mux.o(i.BOARD_InitCAN) refers to pin_mux.o(i.CLOCK_EnableClock) for CLOCK_EnableClock
    pin_mux.o(i.BOARD_InitCAN) refers to pin_mux.o(i.IOMUXC_SetPinMux) for IOMUXC_SetPinMux
    pin_mux.o(i.BOARD_InitCSI) refers to pin_mux.o(i.CLOCK_EnableClock) for CLOCK_EnableClock
    pin_mux.o(i.BOARD_InitCSI) refers to pin_mux.o(i.IOMUXC_SetPinMux) for IOMUXC_SetPinMux
    pin_mux.o(i.BOARD_InitCSI) refers to pin_mux.o(i.IOMUXC_SetPinConfig) for IOMUXC_SetPinConfig
[...]
    libshutdown.o(.ARM.Collect$$libshutdown$$00000000) refers (Special) to libshutdown2.o(.ARM.Collect$$libshutdown$$00000004) for __rt_lib_shutdown_stdio_1
    libshutdown.o(.ARM.Collect$$libshutdown$$00000000) refers (Special) to libshutdown2.o(.ARM.Collect$$libshutdown$$0000000C) for __rt_lib_shutdown_user_alloc_1


==============================================================================

Removing Unused input sections from the image.

    Removing led.o(.rev16_text), (4 bytes).
    Removing led.o(.revsh_text), (4 bytes).
    Removing led.o(.rrx_text), (6 bytes).
    Removing delay.o(.rev16_text), (4 bytes).
    Removing delay.o(.revsh_text), (4 bytes).
    Removing delay.o(.rrx_text), (6 bytes).
    Removing board.o(.rev16_text), (4 bytes).
    Removing board.o(.revsh_text), (4 bytes).
    Removing board.o(.rrx_text), (6 bytes).
    Removing board.o(i.BOARD_ConfigMPU), (452 bytes).
    Removing board.o(i.BOARD_DebugConsoleSrcFreq), (120 bytes).
    Removing board.o(i.BOARD_InitDebugConsole), (28 bytes).
    Removing board.o(i.BOARD_MMC_Pin_Config), (2 bytes).
    Removing board.o(i.BOARD_SD_Pin_Config), (264 bytes).
    Removing board.o(i.CLOCK_GetDiv), (32 bytes).
    Removing board.o(i.IOMUXC_SetPinConfig), (12 bytes).
    Removing board.o(i.SCB_DisableDCache), (160 bytes).
    Removing board.o(i.SCB_EnableDCache), (156 bytes).
    Removing board.o(i.SCB_EnableICache), (124 bytes).
    Removing clock_config.o(.rev16_text), (4 bytes).
    Removing clock_config.o(.revsh_text), (4 bytes).
    Removing clock_config.o(.rrx_text), (6 bytes).
    Removing clock_config.o(i.BOARD_InitBootClocks), (8 bytes).
    Removing peripherals.o(i.BOARD_InitBootPeripherals), (8 bytes).
    Removing pin_mux.o(.rev16_text), (4 bytes).
    Removing pin_mux.o(.revsh_text), (4 bytes).
    Removing pin_mux.o(.rrx_text), (6 bytes).
    Removing pin_mux.o(i.BOARD_InitBootPins), (12 bytes).
    Removing pin_mux.o(i.BOARD_InitCAN), (68 bytes).
    Removing pin_mux.o(i.BOARD_InitCSI), (460 bytes).
    Removing pin_mux.o(i.BOARD_InitDEBUG_UART), (112 bytes).
    Removing pin_mux.o(i.BOARD_InitENET), (268 bytes).
    Removing pin_mux.o(i.BOARD_InitHyperFlash), (328 bytes).
    Removing pin_mux.o(i.BOARD_InitLCD), (1028 bytes).
    Removing pin_mux.o(i.BOARD_InitPins), (2 bytes).
    Removing pin_mux.o(i.BOARD_InitSDRAM), (952 bytes).
    Removing pin_mux.o(i.BOARD_InitUSDHC), (160 bytes).
    Removing pin_mux.o(i.CLOCK_EnableClock), (108 bytes).
    Removing pin_mux.o(i.IOMUXC_SetPinConfig), (12 bytes).
    Removing pin_mux.o(i.IOMUXC_SetPinMux), (26 bytes).
    Removing fsl_clock.o(.rev16_text), (4 bytes).
    Removing fsl_clock.o(.revsh_text), (4 bytes).
    Removing fsl_clock.o(.rrx_text), (6 bytes).
    Removing fsl_clock.o(i.CLOCK_DeinitArmPll), (16 bytes).
    Removing fsl_clock.o(i.CLOCK_DeinitExternalClk), (16 bytes).
    Removing fsl_clock.o(i.CLOCK_DeinitRcOsc24M), (24 bytes).
    Removing fsl_clock.o(i.CLOCK_DeinitSysPfd), (28 bytes).
    Removing fsl_clock.o(i.CLOCK_DeinitSysPll), (16 bytes).
    Removing fsl_clock.o(i.CLOCK_DeinitUsb1Pfd), (28 bytes).
    Removing fsl_clock.o(i.CLOCK_DeinitUsb1Pll), (12 bytes).
    Removing fsl_clock.o(i.CLOCK_DisableUsbhs0PhyPllClock), (36 bytes).
    Removing fsl_clock.o(i.CLOCK_DisableUsbhs1PhyPllClock), (36 bytes).
    Removing fsl_clock.o(i.CLOCK_EnableUsbhs0Clock), (104 bytes).
    Removing fsl_clock.o(i.CLOCK_EnableUsbhs0PhyPllClock), (88 bytes).
    Removing fsl_clock.o(i.CLOCK_EnableUsbhs1Clock), (104 bytes).
    Removing fsl_clock.o(i.CLOCK_EnableUsbhs1PhyPllClock), (60 bytes).
    Removing fsl_clock.o(i.CLOCK_GetAhbFreq), (28 bytes).
    Removing fsl_clock.o(i.CLOCK_GetFreq), (300 bytes).
    Removing fsl_clock.o(i.CLOCK_GetIpgFreq), (28 bytes).
    Removing fsl_clock.o(i.CLOCK_GetOscFreq), (32 bytes).
    Removing fsl_clock.o(i.CLOCK_GetPerClkFreq), (52 bytes).
    Removing fsl_clock.o(i.CLOCK_GetPeriphClkFreq), (200 bytes).
    Removing fsl_clock.o(i.CLOCK_GetPllFreq), (652 bytes).
    Removing fsl_clock.o(i.CLOCK_GetSemcFreq), (72 bytes).
    Removing fsl_clock.o(i.CLOCK_GetSysPfdFreq), (108 bytes).
    Removing fsl_clock.o(i.CLOCK_GetUsb1PfdFreq), (108 bytes).
    Removing fsl_clock.o(i.CLOCK_InitAudioPll), (200 bytes).
    Removing fsl_clock.o(i.CLOCK_InitEnetPll), (128 bytes).
    Removing fsl_clock.o(i.CLOCK_InitUsb2Pll), (88 bytes).
    Removing fsl_clock.o(i.CLOCK_InitVideoPll), (204 bytes).
    Removing fsl_clock.o(.constdata), (16 bytes).
    Removing fsl_common.o(.rev16_text), (4 bytes).
    Removing fsl_common.o(.revsh_text), (4 bytes).
    Removing fsl_common.o(.rrx_text), (6 bytes).
    Removing fsl_common.o(i.SDK_Free), (30 bytes).
    Removing fsl_common.o(i.SDK_Malloc), (76 bytes).
    Removing fsl_gpio.o(.rev16_text), (4 bytes).
    Removing fsl_gpio.o(.revsh_text), (4 bytes).
    Removing fsl_gpio.o(.rrx_text), (6 bytes).
    Removing fsl_lpuart.o(.rev16_text), (4 bytes).
    Removing fsl_lpuart.o(.revsh_text), (4 bytes).
    Removing fsl_lpuart.o(.rrx_text), (6 bytes).
    Removing fsl_lpuart.o(i.CLOCK_ControlGate), (80 bytes).
    Removing fsl_lpuart.o(i.LPUART_ClearStatusFlags), (88 bytes).
    Removing fsl_lpuart.o(i.LPUART_Deinit), (88 bytes).
    Removing fsl_lpuart.o(i.LPUART_DisableInterrupts), (44 bytes).
    Removing fsl_lpuart.o(i.LPUART_EnableInterrupts), (44 bytes).
    Removing fsl_lpuart.o(i.LPUART_GetDefaultConfig), (72 bytes).
    Removing fsl_lpuart.o(i.LPUART_GetEnabledInterrupts), (32 bytes).
    Removing fsl_lpuart.o(i.LPUART_GetInstance), (96 bytes).
    Removing fsl_lpuart.o(i.LPUART_GetStatusFlags), (16 bytes).
    Removing fsl_lpuart.o(i.LPUART_Init), (720 bytes).
    Removing fsl_lpuart.o(i.LPUART_ReadBlocking), (216 bytes).
    Removing fsl_lpuart.o(i.LPUART_ReadNonBlocking), (100 bytes).
    Removing fsl_lpuart.o(i.LPUART_SetBaudRate), (256 bytes).
    Removing fsl_lpuart.o(i.LPUART_TransferAbortReceive), (60 bytes).
    Removing fsl_lpuart.o(i.LPUART_TransferAbortSend), (56 bytes).
    Removing fsl_lpuart.o(i.LPUART_TransferCreateHandle), (184 bytes).
    Removing fsl_lpuart.o(i.LPUART_TransferGetReceiveCount), (84 bytes).
    Removing fsl_lpuart.o(i.LPUART_TransferGetRxRingBufferLength), (64 bytes).
    Removing fsl_lpuart.o(i.LPUART_TransferGetSendCount), (84 bytes).
    Removing fsl_lpuart.o(i.LPUART_TransferHandleErrorIRQ), (2 bytes).
    Removing fsl_lpuart.o(i.LPUART_TransferHandleIRQ), (604 bytes).
    Removing fsl_lpuart.o(i.LPUART_TransferIsRxRingBufferFull), (60 bytes).
    Removing fsl_lpuart.o(i.LPUART_TransferReceiveNonBlocking), (340 bytes).
    Removing fsl_lpuart.o(i.LPUART_TransferSendNonBlocking), (176 bytes).
    Removing fsl_lpuart.o(i.LPUART_TransferStartRingBuffer), (92 bytes).
    Removing fsl_lpuart.o(i.LPUART_TransferStopRingBuffer), (64 bytes).
    Removing fsl_lpuart.o(i.LPUART_WriteBlocking), (68 bytes).
    Removing fsl_lpuart.o(i.LPUART_WriteNonBlocking), (56 bytes).
    Removing fsl_lpuart.o(.constdata), (72 bytes).
    Removing fsl_lpuart.o(.conststring), (135 bytes).
    Removing fsl_debug_console.o(.rev16_text), (4 bytes).
    Removing fsl_debug_console.o(.revsh_text), (4 bytes).
    Removing fsl_debug_console.o(.rrx_text), (6 bytes).
    Removing fsl_debug_console.o(i.DbgConsole_Deinit), (10 bytes).
    Removing fsl_debug_console.o(i.DbgConsole_Flush), (8 bytes).
    Removing fsl_debug_console.o(i.DbgConsole_Getchar), (14 bytes).
    Removing fsl_debug_console.o(i.DbgConsole_Init), (92 bytes).
    Removing fsl_debug_console.o(i.DbgConsole_Printf), (64 bytes).
    Removing fsl_debug_console.o(i.DbgConsole_Putchar), (12 bytes).
    Removing fsl_debug_console.o(i.DbgConsole_RelocateLog), (62 bytes).
    Removing fsl_debug_console.o(i.DbgConsole_Scanf), (52 bytes).
    Removing fsl_debug_console.o(i.fgetc), (16 bytes).
    Removing fsl_debug_console.o(i.fputc), (14 bytes).
    Removing fsl_debug_console.o(.conststring), (76 bytes).
    Removing fsl_debug_console.o(.data), (8 bytes).
    Removing fsl_io.o(.rev16_text), (4 bytes).
    Removing fsl_io.o(.revsh_text), (4 bytes).
    Removing fsl_io.o(.rrx_text), (6 bytes).
    Removing fsl_io.o(i.IO_Deinit), (56 bytes).
    Removing fsl_io.o(i.IO_Init), (152 bytes).
    Removing fsl_io.o(i.IO_Transfer), (68 bytes).
    Removing fsl_io.o(i.IO_WaitIdle), (44 bytes).
    Removing fsl_io.o(.conststring), (68 bytes).
    Removing fsl_io.o(.data), (8 bytes).
    Removing fsl_log.o(.rev16_text), (4 bytes).
    Removing fsl_log.o(.revsh_text), (4 bytes).
    Removing fsl_log.o(.rrx_text), (6 bytes).
    Removing fsl_log.o(i.LOG_Deinit), (8 bytes).
    Removing fsl_log.o(i.LOG_Init), (36 bytes).
    Removing fsl_log.o(i.LOG_Pop), (34 bytes).
    Removing fsl_log.o(i.LOG_Push), (48 bytes).
    Removing fsl_log.o(i.LOG_ReadCharacter), (60 bytes).
    Removing fsl_log.o(i.LOG_ReadLine), (112 bytes).
    Removing fsl_log.o(i.LOG_ReadOneCharacter), (24 bytes).
    Removing fsl_log.o(i.LOG_WaitIdle), (10 bytes).
    Removing fsl_log.o(.conststring), (70 bytes).
    Removing fsl_str.o(.rev16_text), (4 bytes).
    Removing fsl_str.o(.revsh_text), (4 bytes).
    Removing fsl_str.o(.rrx_text), (6 bytes).
    Removing fsl_str.o(i.ConvertRadixNumToString), (168 bytes).
    Removing fsl_str.o(i.ScanIgnoreWhiteSpace), (50 bytes).
    Removing fsl_str.o(i.StrFormatPrintf), (558 bytes).
    Removing fsl_str.o(i.StrFormatScanf), (980 bytes).
    Removing evkmimxrt1064_flexspi_nor_config.o(.rev16_text), (4 bytes).
    Removing evkmimxrt1064_flexspi_nor_config.o(.revsh_text), (4 bytes).
    Removing evkmimxrt1064_flexspi_nor_config.o(.rrx_text), (6 bytes).
    Removing fsl_flexspi_nor_boot.o(.rev16_text), (4 bytes).
    Removing fsl_flexspi_nor_boot.o(.revsh_text), (4 bytes).
    Removing fsl_flexspi_nor_boot.o(.rrx_text), (6 bytes).
    Removing fsl_flexspi_nor_boot.o(.constdata), (16 bytes).
    Removing system_mimxrt1064.o(.rev16_text), (4 bytes).
    Removing system_mimxrt1064.o(.revsh_text), (4 bytes).
    Removing system_mimxrt1064.o(.rrx_text), (6 bytes).

165 unused section(s) (total 15067 bytes) removed from the image.

==============================================================================

Image Symbol Table

    Local Symbols

    Symbol Name                              Value     Ov Type        Size  Object(Section)

    RESET                                    0x00000000   Section     1024  startup_mimxrt1064.o(RESET)
    ../clib/angel/boardlib.s                 0x00000000   Number         0  boardshut.o ABSOLUTE
    ../clib/angel/boardlib.s                 0x00000000   Number         0  boardinit1.o ABSOLUTE
    ../clib/angel/boardlib.s                 0x00000000   Number         0  boardinit2.o ABSOLUTE
    ../clib/angel/boardlib.s                 0x00000000   Number         0  boardinit3.o ABSOLUTE
    ../clib/angel/handlers.s                 0x00000000   Number         0  __scatter_zi.o ABSOLUTE
    ../clib/angel/handlers.s                 0x00000000   Number         0  __scatter_copy.o ABSOLUTE
    ../clib/angel/kernel.s                   0x00000000   Number         0  rtexit.o ABSOLUTE
    ../clib/angel/kernel.s                   0x00000000   Number         0  __rtentry2.o ABSOLUTE
    ../clib/angel/kernel.s                   0x00000000   Number         0  __rtentry4.o ABSOLUTE
    ../clib/angel/kernel.s                   0x00000000   Number         0  __rtentry7.o ABSOLUTE
    ../clib/angel/kernel.s                   0x00000000   Number         0  __rtentry.o ABSOLUTE
    ../clib/angel/kernel.s                   0x00000000   Number         0  rtexit2.o ABSOLUTE
    ../clib/angel/rt.s                       0x00000000   Number         0  rt_div0.o ABSOLUTE
    ../clib/angel/rt.s                       0x00000000   Number         0  rt_heap_descriptor.o ABSOLUTE
    ../clib/angel/rt.s                       0x00000000   Number         0  rt_raise.o ABSOLUTE
    ../clib/angel/rt.s                       0x00000000   Number         0  rt_heap_descriptor_intlibspace.o ABSOLUTE
    ../clib/angel/rt.s                       0x00000000   Number         0  aeabi_ldiv0.o ABSOLUTE
    ../clib/angel/rt.s                       0x00000000   Number         0  aeabi_ldiv0_sigfpe.o ABSOLUTE
    ../clib/angel/scatter.s                  0x00000000   Number         0  __scatter.o ABSOLUTE
    ../clib/angel/startup.s                  0x00000000   Number         0  __main.o ABSOLUTE
    ../clib/angel/sys.s                      0x00000000   Number         0  use_no_semi.o ABSOLUTE
    ../clib/angel/sys.s                      0x00000000   Number         0  mutex_dummy.o ABSOLUTE
    ../clib/angel/sys.s                      0x00000000   Number         0  sys_stackheap_outer.o ABSOLUTE
    ../clib/angel/sys.s                      0x00000000   Number         0  libspace.o ABSOLUTE
    ../clib/angel/sys.s                      0x00000000   Number         0  indicate_semi.o ABSOLUTE
    ../clib/angel/sys.s                      0x00000000   Number         0  sys_stackheap.o ABSOLUTE
    ../clib/angel/sysapp.c                   0x00000000   Number         0  sys_exit.o ABSOLUTE
    ../clib/angel/sysapp.c                   0x00000000   Number         0  sys_command.o ABSOLUTE
    ../clib/angel/sysapp.c                   0x00000000   Number         0  sys_wrch.o ABSOLUTE
    ../clib/armsys.c                         0x00000000   Number         0  no_argv.o ABSOLUTE
    ../clib/armsys.c                         0x00000000   Number         0  _get_argv_nomalloc.o ABSOLUTE
    ../clib/armsys.c                         0x00000000   Number         0  _get_argv.o ABSOLUTE
    ../clib/armsys.c                         0x00000000   Number         0  argv_veneer.o ABSOLUTE
    ../clib/armsys.c                         0x00000000   Number         0  argv_veneer.o ABSOLUTE
    ../clib/assert.c                         0x00000000   Number         0  assert_puts.o ABSOLUTE
    ../clib/assert.c                         0x00000000   Number         0  assert.o ABSOLUTE
    ../clib/heap1.c                          0x00000000   Number         0  h1_alloc.o ABSOLUTE
    ../clib/heap1.c                          0x00000000   Number         0  h1_final.o ABSOLUTE
    ../clib/heap1.c                          0x00000000   Number         0  h1_init_mt.o ABSOLUTE
    ../clib/heap1.c                          0x00000000   Number         0  h1_final_mt.o ABSOLUTE
    ../clib/heap1.c                          0x00000000   Number         0  h1_free.o ABSOLUTE
    ../clib/heap1.c                          0x00000000   Number         0  h1_extend_mt.o ABSOLUTE
    ../clib/heap1.c                          0x00000000   Number         0  h1_alloc_mt.o ABSOLUTE
    ../clib/heap1.c                          0x00000000   Number         0  h1_extend.o ABSOLUTE
    ../clib/heap1.c                          0x00000000   Number         0  h1_init.o ABSOLUTE
    ../clib/heap1.c                          0x00000000   Number         0  h1_free_mt.o ABSOLUTE
    ../clib/heap2.c                          0x00000000   Number         0  fdtree.o ABSOLUTE
    ../clib/heap2.c                          0x00000000   Number         0  heap2mt.o ABSOLUTE
    ../clib/heap2.c                          0x00000000   Number         0  heap2.o ABSOLUTE
    ../clib/heapalloc.c                      0x00000000   Number         0  hguard.o ABSOLUTE
    ../clib/heapalloc.c                      0x00000000   Number         0  init_alloc.o ABSOLUTE
    ../clib/heapalloc.c                      0x00000000   Number         0  heapstubs.o ABSOLUTE
    ../clib/heapalloc.c                      0x00000000   Number         0  term_alloc.o ABSOLUTE
    ../clib/heapalloc.c                      0x00000000   Number         0  maybetermalloc2.o ABSOLUTE
    ../clib/heapalloc.c                      0x00000000   Number         0  maybetermalloc2.o ABSOLUTE
    ../clib/heapalloc.c                      0x00000000   Number         0  maybetermalloc1.o ABSOLUTE
    ../clib/heapalloc.c                      0x00000000   Number         0  maybetermalloc1.o ABSOLUTE
    ../clib/heapalloc.c                      0x00000000   Number         0  hrguard.o ABSOLUTE
    ../clib/heapalloc.c                      0x00000000   Number         0  malloc.o ABSOLUTE
    ../clib/heapalloc.c                      0x00000000   Number         0  free.o ABSOLUTE
    ../clib/heapaux.c                        0x00000000   Number         0  heapauxi.o ABSOLUTE
    ../clib/heapaux.c                        0x00000000   Number         0  heapauxa.o ABSOLUTE
    ../clib/libinit.s                        0x00000000   Number         0  libinit5.o ABSOLUTE
    ../clib/libinit.s                        0x00000000   Number         0  libshutdown.o ABSOLUTE
    ../clib/libinit.s                        0x00000000   Number         0  libinit2.o ABSOLUTE
    ../clib/libinit.s                        0x00000000   Number         0  libinit.o ABSOLUTE
    ../clib/libinit.s                        0x00000000   Number         0  libshutdown2.o ABSOLUTE
    ../clib/longlong.s                       0x00000000   Number         0  lludivv7m.o ABSOLUTE
    ../clib/memcpset.s                       0x00000000   Number         0  rt_memclr_w.o ABSOLUTE
    ../clib/memcpset.s                       0x00000000   Number         0  rt_memcpy_w.o ABSOLUTE
    ../clib/signal.c                         0x00000000   Number         0  defsig_fpe_outer.o ABSOLUTE
    ../clib/signal.c                         0x00000000   Number         0  defsig_other.o ABSOLUTE
    ../clib/signal.c                         0x00000000   Number         0  defsig_segv_inner.o ABSOLUTE
    ../clib/signal.c                         0x00000000   Number         0  defsig_fpe_formal.o ABSOLUTE
    ../clib/signal.c                         0x00000000   Number         0  __raise.o ABSOLUTE
    ../clib/signal.c                         0x00000000   Number         0  defsig_cppl_inner.o ABSOLUTE
    ../clib/signal.c                         0x00000000   Number         0  defsig_pvfn_inner.o ABSOLUTE
    ../clib/signal.c                         0x00000000   Number         0  defsig_stak_inner.o ABSOLUTE
    ../clib/signal.c                         0x00000000   Number         0  defsig_fpe_inner.o ABSOLUTE
    ../clib/signal.c                         0x00000000   Number         0  defsig_exit.o ABSOLUTE
    ../clib/signal.c                         0x00000000   Number         0  defsig_abrt_outer.o ABSOLUTE
    ../clib/signal.c                         0x00000000   Number         0  defsig_abrt_formal.o ABSOLUTE
    ../clib/signal.c                         0x00000000   Number         0  defsig_rtred_inner.o ABSOLUTE
    ../clib/signal.c                         0x00000000   Number         0  defsig_rtmem_outer.o ABSOLUTE
    ../clib/signal.c                         0x00000000   Number         0  defsig_rtmem_formal.o ABSOLUTE
    ../clib/signal.c                         0x00000000   Number         0  defsig_rtmem_inner.o ABSOLUTE
    ../clib/signal.c                         0x00000000   Number         0  defsig_general.o ABSOLUTE
    ../clib/signal.c                         0x00000000   Number         0  defsig_abrt_inner.o ABSOLUTE
    ../clib/signal.s                         0x00000000   Number         0  defsig.o ABSOLUTE
    ../clib/stdlib.c                         0x00000000   Number         0  exit.o ABSOLUTE
    ../clib/stdlib.c                         0x00000000   Number         0  abort.o ABSOLUTE
    ../clib/string.c                         0x00000000   Number         0  strlen.o ABSOLUTE
    ../fplib/fpinit.s                        0x00000000   Number         0  fpinit.o ABSOLUTE
    C:\Keil_v5\ARM\PACK\NXP\MIMXRT1064_DFP\10.0.0\drivers\fsl_clock.c 0x00000000   Number         0  fsl_clock.o ABSOLUTE
    C:\Keil_v5\ARM\PACK\NXP\MIMXRT1064_DFP\10.0.0\drivers\fsl_common.c 0x00000000   Number         0  fsl_common.o ABSOLUTE
    C:\Keil_v5\ARM\PACK\NXP\MIMXRT1064_DFP\10.0.0\drivers\fsl_gpio.c 0x00000000   Number         0  fsl_gpio.o ABSOLUTE
    C:\Keil_v5\ARM\PACK\NXP\MIMXRT1064_DFP\10.0.0\drivers\fsl_lpuart.c 0x00000000   Number         0  fsl_lpuart.o ABSOLUTE
    C:\Keil_v5\ARM\PACK\NXP\MIMXRT1064_DFP\10.0.0\utilities\fsl_debug_console.c 0x00000000   Number         0  fsl_debug_console.o ABSOLUTE
    C:\Keil_v5\ARM\PACK\NXP\MIMXRT1064_DFP\10.0.0\utilities\io\fsl_io.c 0x00000000   Number         0  fsl_io.o ABSOLUTE
    C:\Keil_v5\ARM\PACK\NXP\MIMXRT1064_DFP\10.0.0\utilities\log\fsl_log.c 0x00000000   Number         0  fsl_log.o ABSOLUTE
    C:\Keil_v5\ARM\PACK\NXP\MIMXRT1064_DFP\10.0.0\utilities\str\fsl_str.c 0x00000000   Number         0  fsl_str.o ABSOLUTE
    C:\Keil_v5\ARM\PACK\NXP\MIMXRT1064_DFP\10.0.0\xip\evkmimxrt1064_flexspi_nor_config.c 0x00000000   Number         0  evkmimxrt1064_flexspi_nor_config.o ABSOLUTE
    C:\Keil_v5\ARM\PACK\NXP\MIMXRT1064_DFP\10.0.0\xip\evkmimxrt1064_sdram_ini_dcd.c 0x00000000   Number         0  evkmimxrt1064_sdram_ini_dcd.o ABSOLUTE
    C:\Keil_v5\ARM\PACK\NXP\MIMXRT1064_DFP\10.0.0\xip\fsl_flexspi_nor_boot.c 0x00000000   Number         0  fsl_flexspi_nor_boot.o ABSOLUTE
    C:\\Keil_v5\\ARM\\PACK\\NXP\\MIMXRT1064_DFP\\10.0.0\\drivers\\fsl_clock.c 0x00000000   Number         0  fsl_clock.o ABSOLUTE
    C:\\Keil_v5\\ARM\\PACK\\NXP\\MIMXRT1064_DFP\\10.0.0\\drivers\\fsl_common.c 0x00000000   Number         0  fsl_common.o ABSOLUTE
    C:\\Keil_v5\\ARM\\PACK\\NXP\\MIMXRT1064_DFP\\10.0.0\\drivers\\fsl_gpio.c 0x00000000   Number         0  fsl_gpio.o ABSOLUTE
    C:\\Keil_v5\\ARM\\PACK\\NXP\\MIMXRT1064_DFP\\10.0.0\\drivers\\fsl_lpuart.c 0x00000000   Number         0  fsl_lpuart.o ABSOLUTE
    C:\\Keil_v5\\ARM\\PACK\\NXP\\MIMXRT1064_DFP\\10.0.0\\utilities\\fsl_debug_console.c 0x00000000   Number         0  fsl_debug_console.o ABSOLUTE
    C:\\Keil_v5\\ARM\\PACK\\NXP\\MIMXRT1064_DFP\\10.0.0\\utilities\\io\\fsl_io.c 0x00000000   Number         0  fsl_io.o ABSOLUTE
    C:\\Keil_v5\\ARM\\PACK\\NXP\\MIMXRT1064_DFP\\10.0.0\\utilities\\log\\fsl_log.c 0x00000000   Number         0  fsl_log.o ABSOLUTE
    C:\\Keil_v5\\ARM\\PACK\\NXP\\MIMXRT1064_DFP\\10.0.0\\utilities\\str\\fsl_str.c 0x00000000   Number         0  fsl_str.o ABSOLUTE
    C:\\Keil_v5\\ARM\\PACK\\NXP\\MIMXRT1064_DFP\\10.0.0\\xip\\evkmimxrt1064_flexspi_nor_config.c 0x00000000   Number         0  evkmimxrt1064_flexspi_nor_config.o ABSOLUTE
    C:\\Keil_v5\\ARM\\PACK\\NXP\\MIMXRT1064_DFP\\10.0.0\\xip\\fsl_flexspi_nor_boot.c 0x00000000   Number         0  fsl_flexspi_nor_boot.o ABSOLUTE
    CORE\\delay.c                            0x00000000   Number         0  delay.o ABSOLUTE
    CORE\delay.c                             0x00000000   Number         0  delay.o ABSOLUTE
    RTE\Board_Support\MIMXRT1064DVL6A\board.c 0x00000000   Number         0  board.o ABSOLUTE
    RTE\Board_Support\MIMXRT1064DVL6A\clock_config.c 0x00000000   Number         0  clock_config.o ABSOLUTE
    RTE\Board_Support\MIMXRT1064DVL6A\peripherals.c 0x00000000   Number         0  peripherals.o ABSOLUTE
    RTE\Board_Support\MIMXRT1064DVL6A\pin_mux.c 0x00000000   Number         0  pin_mux.o ABSOLUTE
    RTE\Device\MIMXRT1064DVL6A\startup_MIMXRT1064.s 0x00000000   Number         0  startup_mimxrt1064.o ABSOLUTE
    RTE\Device\MIMXRT1064DVL6A\system_MIMXRT1064.c 0x00000000   Number         0  system_mimxrt1064.o ABSOLUTE
    RTE\\Board_Support\\MIMXRT1064DVL6A\\board.c 0x00000000   Number         0  board.o ABSOLUTE
    RTE\\Board_Support\\MIMXRT1064DVL6A\\clock_config.c 0x00000000   Number         0  clock_config.o ABSOLUTE
    RTE\\Board_Support\\MIMXRT1064DVL6A\\pin_mux.c 0x00000000   Number         0  pin_mux.o ABSOLUTE
    RTE\\Device\\MIMXRT1064DVL6A\\system_MIMXRT1064.c 0x00000000   Number         0  system_mimxrt1064.o ABSOLUTE
    dc.s                                     0x00000000   Number         0  dc.o ABSOLUTE
    source\\led.c                            0x00000000   Number         0  led.o ABSOLUTE
    source\led.c                             0x00000000   Number         0  led.o ABSOLUTE
    !!!main                                  0x00000400   Section        8  __main.o(!!!main)
    !!!scatter                               0x00000408   Section       52  __scatter.o(!!!scatter)
    !!handler_copy                           0x0000043c   Section       26  __scatter_copy.o(!!handler_copy)
    !!handler_zi                             0x00000458   Section       28  __scatter_zi.o(!!handler_zi)
    .ARM.Collect$$libinit$$00000000          0x00000474   Section        2  libinit.o(.ARM.Collect$$libinit$$00000000)
    .ARM.Collect$$libinit$$00000001          0x00000476   Section        4  libinit2.o(.ARM.Collect$$libinit$$00000001)
    .ARM.Collect$$libinit$$00000004          0x0000047a   Section        0  libinit2.o(.ARM.Collect$$libinit$$00000004)
    .ARM.Collect$$libinit$$0000000A          0x0000047a   Section        0  libinit2.o(.ARM.Collect$$libinit$$0000000A)
    .ARM.Collect$$libinit$$0000000C          0x0000047a   Section        0  libinit2.o(.ARM.Collect$$libinit$$0000000C)
    .ARM.Collect$$libinit$$0000000E          0x0000047a   Section        0  libinit2.o(.ARM.Collect$$libinit$$0000000E)
    .ARM.Collect$$libinit$$00000011          0x0000047a   Section        0  libinit2.o(.ARM.Collect$$libinit$$00000011)
    .ARM.Collect$$libinit$$00000013          0x0000047a   Section        0  libinit2.o(.ARM.Collect$$libinit$$00000013)
    .ARM.Collect$$libinit$$00000015          0x0000047a   Section        0  libinit2.o(.ARM.Collect$$libinit$$00000015)
    .ARM.Collect$$libinit$$00000017          0x0000047a   Section        0  libinit2.o(.ARM.Collect$$libinit$$00000017)
    .ARM.Collect$$libinit$$00000019          0x0000047a   Section        0  libinit2.o(.ARM.Collect$$libinit$$00000019)
    .ARM.Collect$$libinit$$0000001B          0x0000047a   Section        0  libinit2.o(.ARM.Collect$$libinit$$0000001B)
    .ARM.Collect$$libinit$$0000001D          0x0000047a   Section        0  libinit2.o(.ARM.Collect$$libinit$$0000001D)
    .ARM.Collect$$libinit$$0000001F          0x0000047a   Section        0  libinit2.o(.ARM.Collect$$libinit$$0000001F)
    .ARM.Collect$$libinit$$00000021          0x0000047a   Section        0  libinit2.o(.ARM.Collect$$libinit$$00000021)
    .ARM.Collect$$libinit$$00000023          0x0000047a   Section        0  libinit2.o(.ARM.Collect$$libinit$$00000023)
    .ARM.Collect$$libinit$$00000025          0x0000047a   Section        0  libinit2.o(.ARM.Collect$$libinit$$00000025)
    .ARM.Collect$$libinit$$0000002C          0x0000047a   Section        0  libinit2.o(.ARM.Collect$$libinit$$0000002C)
    .ARM.Collect$$libinit$$0000002E          0x0000047a   Section        0  libinit2.o(.ARM.Collect$$libinit$$0000002E)
    .ARM.Collect$$libinit$$00000030          0x0000047a   Section        0  libinit2.o(.ARM.Collect$$libinit$$00000030)
    .ARM.Collect$$libinit$$00000032          0x0000047a   Section        0  libinit2.o(.ARM.Collect$$libinit$$00000032)
    .ARM.Collect$$libinit$$00000033          0x0000047a   Section        2  libinit2.o(.ARM.Collect$$libinit$$00000033)
    .ARM.Collect$$libshutdown$$00000000      0x0000047c   Section        2  libshutdown.o(.ARM.Collect$$libshutdown$$00000000)
    .ARM.Collect$$libshutdown$$00000002      0x0000047e   Section        0  libshutdown2.o(.ARM.Collect$$libshutdown$$00000002)
    .ARM.Collect$$libshutdown$$00000004      0x0000047e   Section        0  libshutdown2.o(.ARM.Collect$$libshutdown$$00000004)
    .ARM.Collect$$libshutdown$$00000007      0x0000047e   Section        0  libshutdown2.o(.ARM.Collect$$libshutdown$$00000007)
    .ARM.Collect$$libshutdown$$0000000A      0x0000047e   Section        0  libshutdown2.o(.ARM.Collect$$libshutdown$$0000000A)
    .ARM.Collect$$libshutdown$$0000000C      0x0000047e   Section        0  libshutdown2.o(.ARM.Collect$$libshutdown$$0000000C)
    .ARM.Collect$$libshutdown$$0000000F      0x0000047e   Section        0  libshutdown2.o(.ARM.Collect$$libshutdown$$0000000F)
    .ARM.Collect$$libshutdown$$00000010      0x0000047e   Section        2  libshutdown2.o(.ARM.Collect$$libshutdown$$00000010)
    .ARM.Collect$$rtentry$$00000000          0x00000480   Section        0  __rtentry.o(.ARM.Collect$$rtentry$$00000000)
    .ARM.Collect$$rtentry$$00000002          0x00000480   Section        0  __rtentry2.o(.ARM.Collect$$rtentry$$00000002)
    .ARM.Collect$$rtentry$$00000007          0x00000480   Section        4  __rtentry7.o(.ARM.Collect$$rtentry$$00000007)
    .ARM.Collect$$rtentry$$00000009          0x00000484   Section        0  __rtentry2.o(.ARM.Collect$$rtentry$$00000009)
    .ARM.Collect$$rtentry$$0000000A          0x00000484   Section        4  __rtentry2.o(.ARM.Collect$$rtentry$$0000000A)
    .ARM.Collect$$rtentry$$0000000C          0x00000488   Section        0  __rtentry2.o(.ARM.Collect$$rtentry$$0000000C)
    .ARM.Collect$$rtentry$$0000000D          0x00000488   Section        8  __rtentry2.o(.ARM.Collect$$rtentry$$0000000D)
    .ARM.Collect$$rtentry$$00002718          0x00000490   Section        4  __rtentry7.o(.ARM.Collect$$rtentry$$00002718)
    __lit__00000000                          0x00000490   Data           4  __rtentry7.o(.ARM.Collect$$rtentry$$00002718)
    .ARM.Collect$$rtexit$$00000000           0x00000494   Section        2  rtexit.o(.ARM.Collect$$rtexit$$00000000)
    .ARM.Collect$$rtexit$$00000002           0x00000496   Section        0  rtexit2.o(.ARM.Collect$$rtexit$$00000002)
    .ARM.Collect$$rtexit$$00000003           0x00000496   Section        4  rtexit2.o(.ARM.Collect$$rtexit$$00000003)
    .ARM.Collect$$rtexit$$00000004           0x0000049a   Section        6  rtexit2.o(.ARM.Collect$$rtexit$$00000004)
    .text                                    0x000004a0   Section      484  startup_mimxrt1064.o(.text)
    $v0                                      0x000004a0   Number         0  startup_mimxrt1064.o(.text)
    .text                                    0x00000684   Section      238  lludivv7m.o(.text)
    .text                                    0x00000774   Section        0  assert.o(.text)
    .text                                    0x000007f4   Section        0  abort.o(.text)
    .text                                    0x0000080a   Section        0  assert_puts.o(.text)
    .text                                    0x0000081e   Section        0  sys_wrch.o(.text)
    .text                                    0x0000082c   Section        0  sys_exit.o(.text)
    .text                                    0x00000838   Section        0  defsig_abrt_outer.o(.text)
    .text                                    0x00000846   Section        2  use_no_semi.o(.text)
    .text                                    0x00000848   Section        0  exit.o(.text)
    .text                                    0x00000848   Section        0  indicate_semi.o(.text)
    .text                                    0x0000085a   Section        0  defsig_exit.o(.text)
    .text                                    0x00000864   Section        0  defsig_abrt_inner.o(.text)
    .text                                    0x00000894   Section        0  defsig_general.o(.text)
    i.BOARD_BootClockRUN                     0x000008c8   Section        0  clock_config.o(i.BOARD_BootClockRUN)
    i.CLOCK_DeinitAudioPll                   0x00000ee4   Section        0  fsl_clock.o(i.CLOCK_DeinitAudioPll)
    i.CLOCK_DeinitEnetPll                    0x00000ef4   Section        0  fsl_clock.o(i.CLOCK_DeinitEnetPll)
    i.CLOCK_DeinitUsb2Pll                    0x00000f04   Section        0  fsl_clock.o(i.CLOCK_DeinitUsb2Pll)
    i.CLOCK_DeinitVideoPll                   0x00000f10   Section        0  fsl_clock.o(i.CLOCK_DeinitVideoPll)
    i.CLOCK_DisableClock                     0x00000f20   Section        0  clock_config.o(i.CLOCK_DisableClock)
    CLOCK_DisableClock                       0x00000f21   Thumb Code    68  clock_config.o(i.CLOCK_DisableClock)
    i.CLOCK_InitArmPll                       0x00000f8c   Section        0  fsl_clock.o(i.CLOCK_InitArmPll)
    i.CLOCK_InitExternalClk                  0x00000fe4   Section        0  fsl_clock.o(i.CLOCK_InitExternalClk)
    i.CLOCK_InitRcOsc24M                     0x0000104c   Section        0  fsl_clock.o(i.CLOCK_InitRcOsc24M)
    i.CLOCK_InitSysPfd                       0x00001064   Section        0  fsl_clock.o(i.CLOCK_InitSysPfd)
    i.CLOCK_InitSysPll                       0x000010a0   Section        0  fsl_clock.o(i.CLOCK_InitSysPll)
    i.CLOCK_InitUsb1Pfd                      0x000010f8   Section        0  fsl_clock.o(i.CLOCK_InitUsb1Pfd)
    i.CLOCK_InitUsb1Pll                      0x00001130   Section        0  fsl_clock.o(i.CLOCK_InitUsb1Pll)
    i.CLOCK_SetDiv                           0x00001188   Section        0  clock_config.o(i.CLOCK_SetDiv)
    CLOCK_SetDiv                             0x00001189   Thumb Code   100  clock_config.o(i.CLOCK_SetDiv)
    i.CLOCK_SetMux                           0x00001228   Section        0  clock_config.o(i.CLOCK_SetMux)
    CLOCK_SetMux                             0x00001229   Thumb Code   100  clock_config.o(i.CLOCK_SetMux)
    i.CLOCK_SetPllBypass                     0x000012c8   Section        0  clock_config.o(i.CLOCK_SetPllBypass)
    CLOCK_SetPllBypass                       0x000012c9   Thumb Code    32  clock_config.o(i.CLOCK_SetPllBypass)
    i.CLOCK_SwitchOsc                        0x000012e8   Section        0  fsl_clock.o(i.CLOCK_SwitchOsc)
    i.GPIO_GetInstance                       0x00001300   Section        0  fsl_gpio.o(i.GPIO_GetInstance)
    GPIO_GetInstance                         0x00001301   Thumb Code    48  fsl_gpio.o(i.GPIO_GetInstance)
    i.GPIO_PinInit                           0x0000135c   Section        0  fsl_gpio.o(i.GPIO_PinInit)
    i.GPIO_PinSetInterruptConfig             0x00001410   Section        0  fsl_gpio.o(i.GPIO_PinSetInterruptConfig)
    i.GPIO_PinWrite                          0x0000149c   Section        0  fsl_gpio.o(i.GPIO_PinWrite)
    i.LPUART1_DriverIRQHandler               0x000014e0   Section        0  fsl_lpuart.o(i.LPUART1_DriverIRQHandler)
    i.LPUART2_DriverIRQHandler               0x000014fc   Section        0  fsl_lpuart.o(i.LPUART2_DriverIRQHandler)
    i.LPUART3_DriverIRQHandler               0x00001518   Section        0  fsl_lpuart.o(i.LPUART3_DriverIRQHandler)
    i.LPUART4_DriverIRQHandler               0x00001534   Section        0  fsl_lpuart.o(i.LPUART4_DriverIRQHandler)
    i.LPUART5_DriverIRQHandler               0x00001550   Section        0  fsl_lpuart.o(i.LPUART5_DriverIRQHandler)
    i.LPUART6_DriverIRQHandler               0x0000156c   Section        0  fsl_lpuart.o(i.LPUART6_DriverIRQHandler)
    i.LPUART7_DriverIRQHandler               0x00001588   Section        0  fsl_lpuart.o(i.LPUART7_DriverIRQHandler)
    i.LPUART8_DriverIRQHandler               0x000015a4   Section        0  fsl_lpuart.o(i.LPUART8_DriverIRQHandler)
    i.SCB_EnableDCache                       0x000015c0   Section        0  system_mimxrt1064.o(i.SCB_EnableDCache)
    SCB_EnableDCache                         0x000015c1   Thumb Code   148  system_mimxrt1064.o(i.SCB_EnableDCache)
    i.SCB_EnableICache                       0x0000165c   Section        0  system_mimxrt1064.o(i.SCB_EnableICache)
    SCB_EnableICache                         0x0000165d   Thumb Code   116  system_mimxrt1064.o(i.SCB_EnableICache)
    i.SysTick_DelayTicks                     0x000016d8   Section        0  delay.o(i.SysTick_DelayTicks)
    i.SysTick_Handler                        0x000016ec   Section        0  delay.o(i.SysTick_Handler)
    i.SystemCoreClockUpdate                  0x00001704   Section        0  system_mimxrt1064.o(i.SystemCoreClockUpdate)
    i.SystemInit                             0x000018a0   Section        0  system_mimxrt1064.o(i.SystemInit)
    i.SystemInitHook                         0x0000196c   Section        0  system_mimxrt1064.o(i.SystemInitHook)
    i.main                                   0x00001970   Section        0  led.o(i.main)
    x$fpl$fpinit                             0x00001a4c   Section       10  fpinit.o(x$fpl$fpinit)
    $v0                                      0x00001a4c   Number         0  fpinit.o(x$fpl$fpinit)
    .constdata                               0x00001a58   Section        3  led.o(.constdata)
    .constdata                               0x00001a5c   Section       26  clock_config.o(.constdata)
    .constdata                               0x00001a78   Section       52  fsl_gpio.o(.constdata)
    s_gpioBases                              0x00001a78   Data          40  fsl_gpio.o(.constdata)
    s_gpioClock                              0x00001aa0   Data          12  fsl_gpio.o(.constdata)
    .conststring                             0x00001aac   Section       66  fsl_clock.o(.conststring)
    .conststring                             0x00001af0   Section      134  fsl_gpio.o(.conststring)
    .data                                    0x20000000   Section        4  delay.o(.data)
    .data                                    0x20000004   Section        8  fsl_clock.o(.data)
    .data                                    0x2000000c   Section        4  fsl_lpuart.o(.data)
    s_lpuartIsr                              0x2000000c   Data           4  fsl_lpuart.o(.data)
    .data                                    0x20000010   Section        4  system_mimxrt1064.o(.data)
    .bss                                     0x20000014   Section       36  fsl_lpuart.o(.bss)
    s_lpuartHandle                           0x20000014   Data          36  fsl_lpuart.o(.bss)

    Global Symbols

    Symbol Name                              Value     Ov Type        Size  Object(Section)

    BuildAttributes$$THM_ISAv4$E$P$D$K$B$S$7EM$VFPv5_D16$PE$PLD8$A:L22UL41UL21$X:L11$S22US41US21$IEEE1$IW$USESV6$~STKCKD$USESV7$~SHL$OTIME$ROPI$EBA8$UX$STANDARDLIB$REQ8$PRES8$EABIv2 0x00000000   Number         0  anon$$obj.o ABSOLUTE
    __ARM_use_no_argv                        0x00000000   Number         0  led.o ABSOLUTE
    __Vectors                                0x00000000   Data           4  startup_mimxrt1064.o(RESET)
    Image$$ZI$$Limit                          - Undefined Weak Reference
    __ARM_exceptions_init                     - Undefined Weak Reference
    __alloca_initialize                       - Undefined Weak Reference
    __arm_preinit_                            - Undefined Weak Reference
    __cpp_initialize__aeabi_                  - Undefined Weak Reference
    __cxa_finalize                            - Undefined Weak Reference
    __rt_locale                               - Undefined Weak Reference
    __sigvec_lookup                           - Undefined Weak Reference
    __user_heap_extent                        - Undefined Weak Reference
    _atexit_init                              - Undefined Weak Reference
    _call_atexit_fns                          - Undefined Weak Reference
    _clock_init                               - Undefined Weak Reference
    _fp_trap_init                             - Undefined Weak Reference
    _fp_trap_shutdown                         - Undefined Weak Reference
    _get_lc_collate                           - Undefined Weak Reference
    _get_lc_ctype                             - Undefined Weak Reference
    _get_lc_monetary                          - Undefined Weak Reference
    _get_lc_numeric                           - Undefined Weak Reference
    _get_lc_time                              - Undefined Weak Reference
    _getenv_init                              - Undefined Weak Reference
    _handle_redirection                       - Undefined Weak Reference
    _initio                                   - Undefined Weak Reference
    _mutex_acquire                            - Undefined Weak Reference
    _mutex_free                               - Undefined Weak Reference
    _mutex_release                            - Undefined Weak Reference
    _rand_init                                - Undefined Weak Reference
    _signal_finish                            - Undefined Weak Reference
    _signal_init                              - Undefined Weak Reference
    _terminateio                              - Undefined Weak Reference
    __Vectors_End                            0x00000400   Data           0  startup_mimxrt1064.o(RESET)
    __Vectors_Size                           0x00000400   Number         0  startup_mimxrt1064.o ABSOLUTE
    __main                                   0x00000401   Thumb Code     8  __main.o(!!!main)
    __scatterload                            0x00000409   Thumb Code     0  __scatter.o(!!!scatter)
    __scatterload_rt2                        0x00000409   Thumb Code    44  __scatter.o(!!!scatter)
    __scatterload_rt2_thumb_only             0x00000409   Thumb Code     0  __scatter.o(!!!scatter)
    __scatterload_null                       0x00000417   Thumb Code     0  __scatter.o(!!!scatter)
    __scatterload_copy                       0x0000043d   Thumb Code    26  __scatter_copy.o(!!handler_copy)
    __scatterload_zeroinit                   0x00000459   Thumb Code    28  __scatter_zi.o(!!handler_zi)
    __rt_lib_init                            0x00000475   Thumb Code     0  libinit.o(.ARM.Collect$$libinit$$00000000)
    __rt_lib_init_fp_1                       0x00000477   Thumb Code     0  libinit2.o(.ARM.Collect$$libinit$$00000001)
    __rt_lib_init_alloca_1                   0x0000047b   Thumb Code     0  libinit2.o(.ARM.Collect$$libinit$$0000002E)
    __rt_lib_init_argv_1                     0x0000047b   Thumb Code     0  libinit2.o(.ARM.Collect$$libinit$$0000002C)
    __rt_lib_init_atexit_1                   0x0000047b   Thumb Code     0  libinit2.o(.ARM.Collect$$libinit$$0000001B)
    __rt_lib_init_clock_1                    0x0000047b   Thumb Code     0  libinit2.o(.ARM.Collect$$libinit$$00000021)
    __rt_lib_init_cpp_1                      0x0000047b   Thumb Code     0  libinit2.o(.ARM.Collect$$libinit$$00000032)
    __rt_lib_init_exceptions_1               0x0000047b   Thumb Code     0  libinit2.o(.ARM.Collect$$libinit$$00000030)
    __rt_lib_init_fp_trap_1                  0x0000047b   Thumb Code     0  libinit2.o(.ARM.Collect$$libinit$$0000001F)
    __rt_lib_init_getenv_1                   0x0000047b   Thumb Code     0  libinit2.o(.ARM.Collect$$libinit$$00000023)
    __rt_lib_init_heap_1                     0x0000047b   Thumb Code     0  libinit2.o(.ARM.Collect$$libinit$$0000000A)
    __rt_lib_init_lc_collate_1               0x0000047b   Thumb Code     0  libinit2.o(.ARM.Collect$$libinit$$00000011)
    __rt_lib_init_lc_ctype_1                 0x0000047b   Thumb Code     0  libinit2.o(.ARM.Collect$$libinit$$00000013)
    __rt_lib_init_lc_monetary_1              0x0000047b   Thumb Code     0  libinit2.o(.ARM.Collect$$libinit$$00000015)
    __rt_lib_init_lc_numeric_1               0x0000047b   Thumb Code     0  libinit2.o(.ARM.Collect$$libinit$$00000017)
    __rt_lib_init_lc_time_1                  0x0000047b   Thumb Code     0  libinit2.o(.ARM.Collect$$libinit$$00000019)
    __rt_lib_init_preinit_1                  0x0000047b   Thumb Code     0  libinit2.o(.ARM.Collect$$libinit$$00000004)
    __rt_lib_init_rand_1                     0x0000047b   Thumb Code     0  libinit2.o(.ARM.Collect$$libinit$$0000000E)
    __rt_lib_init_return                     0x0000047b   Thumb Code     0  libinit2.o(.ARM.Collect$$libinit$$00000033)
    __rt_lib_init_signal_1                   0x0000047b   Thumb Code     0  libinit2.o(.ARM.Collect$$libinit$$0000001D)
    __rt_lib_init_stdio_1                    0x0000047b   Thumb Code     0  libinit2.o(.ARM.Collect$$libinit$$00000025)
    __rt_lib_init_user_alloc_1               0x0000047b   Thumb Code     0  libinit2.o(.ARM.Collect$$libinit$$0000000C)
    __rt_lib_shutdown                        0x0000047d   Thumb Code     0  libshutdown.o(.ARM.Collect$$libshutdown$$00000000)
    __rt_lib_shutdown_cpp_1                  0x0000047f   Thumb Code     0  libshutdown2.o(.ARM.Collect$$libshutdown$$00000002)
    __rt_lib_shutdown_fp_trap_1              0x0000047f   Thumb Code     0  libshutdown2.o(.ARM.Collect$$libshutdown$$00000007)
    __rt_lib_shutdown_heap_1                 0x0000047f   Thumb Code     0  libshutdown2.o(.ARM.Collect$$libshutdown$$0000000F)
    __rt_lib_shutdown_return                 0x0000047f   Thumb Code     0  libshutdown2.o(.ARM.Collect$$libshutdown$$00000010)
    __rt_lib_shutdown_signal_1               0x0000047f   Thumb Code     0  libshutdown2.o(.ARM.Collect$$libshutdown$$0000000A)
    __rt_lib_shutdown_stdio_1                0x0000047f   Thumb Code     0  libshutdown2.o(.ARM.Collect$$libshutdown$$00000004)
    __rt_lib_shutdown_user_alloc_1           0x0000047f   Thumb Code     0  libshutdown2.o(.ARM.Collect$$libshutdown$$0000000C)
    __rt_entry                               0x00000481   Thumb Code     0  __rtentry.o(.ARM.Collect$$rtentry$$00000000)
    __rt_entry_presh_1                       0x00000481   Thumb Code     0  __rtentry2.o(.ARM.Collect$$rtentry$$00000002)
    __rt_entry_sh                            0x00000481   Thumb Code     0  __rtentry7.o(.ARM.Collect$$rtentry$$00000007)
    __rt_entry_li                            0x00000485   Thumb Code     0  __rtentry2.o(.ARM.Collect$$rtentry$$0000000A)
    __rt_entry_postsh_1                      0x00000485   Thumb Code     0  __rtentry2.o(.ARM.Collect$$rtentry$$00000009)
    __rt_entry_main                          0x00000489   Thumb Code     0  __rtentry2.o(.ARM.Collect$$rtentry$$0000000D)
    __rt_entry_postli_1                      0x00000489   Thumb Code     0  __rtentry2.o(.ARM.Collect$$rtentry$$0000000C)
    __rt_exit                                0x00000495   Thumb Code     0  rtexit.o(.ARM.Collect$$rtexit$$00000000)
    __rt_exit_ls                             0x00000497   Thumb Code     0  rtexit2.o(.ARM.Collect$$rtexit$$00000003)
    __rt_exit_prels_1                        0x00000497   Thumb Code     0  rtexit2.o(.ARM.Collect$$rtexit$$00000002)
    __rt_exit_exit                           0x0000049b   Thumb Code     0  rtexit2.o(.ARM.Collect$$rtexit$$00000004)
    Reset_Handler                            0x000004a1   Thumb Code    24  startup_mimxrt1064.o(.text)
    NMI_Handler                              0x000004b9   Thumb Code     2  startup_mimxrt1064.o(.text)
    HardFault_Handler                        0x000004bb   Thumb Code     2  startup_mimxrt1064.o(.text)
    MemManage_Handler                        0x000004bd   Thumb Code     2  startup_mimxrt1064.o(.text)
    BusFault_Handler                         0x000004bf   Thumb Code     2  startup_mimxrt1064.o(.text)
    UsageFault_Handler                       0x000004c1   Thumb Code     2  startup_mimxrt1064.o(.text)
    SVC_Handler                              0x000004c3   Thumb Code     2  startup_mimxrt1064.o(.text)
    DebugMon_Handler                         0x000004c5   Thumb Code     2  startup_mimxrt1064.o(.text)
    PendSV_Handler                           0x000004c7   Thumb Code     2  startup_mimxrt1064.o(.text)
    DMA0_DMA16_IRQHandler                    0x000004cb   Thumb Code     4  startup_mimxrt1064.o(.text)
    DMA1_DMA17_IRQHandler                    0x000004cf   Thumb Code     4  startup_mimxrt1064.o(.text)
    DMA2_DMA18_IRQHandler                    0x000004d3   Thumb Code     4  startup_mimxrt1064.o(.text)
    DMA3_DMA19_IRQHandler                    0x000004d7   Thumb Code     4  startup_mimxrt1064.o(.text)
    DMA4_DMA20_IRQHandler                    0x000004db   Thumb Code     4  startup_mimxrt1064.o(.text)
    DMA5_DMA21_IRQHandler                    0x000004df   Thumb Code     4  startup_mimxrt1064.o(.text)
    DMA6_DMA22_IRQHandler                    0x000004e3   Thumb Code     4  startup_mimxrt1064.o(.text)
    DMA7_DMA23_IRQHandler                    0x000004e7   Thumb Code     4  startup_mimxrt1064.o(.text)
    DMA8_DMA24_IRQHandler                    0x000004eb   Thumb Code     4  startup_mimxrt1064.o(.text)
    DMA9_DMA25_IRQHandler                    0x000004ef   Thumb Code     4  startup_mimxrt1064.o(.text)
    DMA10_DMA26_IRQHandler                   0x000004f3   Thumb Code     4  startup_mimxrt1064.o(.text)
    DMA11_DMA27_IRQHandler                   0x000004f7   Thumb Code     4  startup_mimxrt1064.o(.text)
    DMA12_DMA28_IRQHandler                   0x000004fb   Thumb Code     4  startup_mimxrt1064.o(.text)
    DMA13_DMA29_IRQHandler                   0x000004ff   Thumb Code     4  startup_mimxrt1064.o(.text)
    DMA14_DMA30_IRQHandler                   0x00000503   Thumb Code     4  startup_mimxrt1064.o(.text)
    DMA15_DMA31_IRQHandler                   0x00000507   Thumb Code     4  startup_mimxrt1064.o(.text)
    DMA_ERROR_IRQHandler                     0x0000050b   Thumb Code     4  startup_mimxrt1064.o(.text)
    LPUART1_IRQHandler                       0x0000050f   Thumb Code     4  startup_mimxrt1064.o(.text)
    LPUART2_IRQHandler                       0x00000513   Thumb Code     4  startup_mimxrt1064.o(.text)
    LPUART3_IRQHandler                       0x00000517   Thumb Code     4  startup_mimxrt1064.o(.text)
    LPUART4_IRQHandler                       0x0000051b   Thumb Code     4  startup_mimxrt1064.o(.text)
    LPUART5_IRQHandler                       0x0000051f   Thumb Code     4  startup_mimxrt1064.o(.text)
    LPUART6_IRQHandler                       0x00000523   Thumb Code     4  startup_mimxrt1064.o(.text)
    LPUART7_IRQHandler                       0x00000527   Thumb Code     4  startup_mimxrt1064.o(.text)
    LPUART8_IRQHandler                       0x0000052b   Thumb Code     4  startup_mimxrt1064.o(.text)
    LPI2C1_IRQHandler                        0x0000052f   Thumb Code     4  startup_mimxrt1064.o(.text)
    LPI2C2_IRQHandler                        0x00000533   Thumb Code     4  startup_mimxrt1064.o(.text)
    LPI2C3_IRQHandler                        0x00000537   Thumb Code     4  startup_mimxrt1064.o(.text)
    LPI2C4_IRQHandler                        0x0000053b   Thumb Code     4  startup_mimxrt1064.o(.text)
    LPSPI1_IRQHandler                        0x0000053f   Thumb Code     4  startup_mimxrt1064.o(.text)
    LPSPI2_IRQHandler                        0x00000543   Thumb Code     4  startup_mimxrt1064.o(.text)
    LPSPI3_IRQHandler                        0x00000547   Thumb Code     4  startup_mimxrt1064.o(.text)
    LPSPI4_IRQHandler                        0x0000054b   Thumb Code     4  startup_mimxrt1064.o(.text)
    CAN1_IRQHandler                          0x0000054f   Thumb Code     4  startup_mimxrt1064.o(.text)
    CAN2_IRQHandler                          0x00000553   Thumb Code     4  startup_mimxrt1064.o(.text)
    SAI1_IRQHandler                          0x00000557   Thumb Code     4  startup_mimxrt1064.o(.text)
    SAI2_IRQHandler                          0x0000055b   Thumb Code     4  startup_mimxrt1064.o(.text)
    SAI3_RX_IRQHandler                       0x0000055f   Thumb Code     4  startup_mimxrt1064.o(.text)
    SAI3_TX_IRQHandler                       0x00000563   Thumb Code     4  startup_mimxrt1064.o(.text)
    SPDIF_IRQHandler                         0x00000567   Thumb Code     4  startup_mimxrt1064.o(.text)
    FLEXIO1_IRQHandler                       0x0000056b   Thumb Code     4  startup_mimxrt1064.o(.text)
    FLEXIO2_IRQHandler                       0x0000056f   Thumb Code     4  startup_mimxrt1064.o(.text)
    FLEXSPI2_IRQHandler                      0x00000573   Thumb Code     4  startup_mimxrt1064.o(.text)
    FLEXSPI_IRQHandler                       0x00000577   Thumb Code     4  startup_mimxrt1064.o(.text)
    USDHC1_IRQHandler                        0x0000057b   Thumb Code     4  startup_mimxrt1064.o(.text)
    USDHC2_IRQHandler                        0x0000057f   Thumb Code     4  startup_mimxrt1064.o(.text)
    ENET_IRQHandler                          0x00000583   Thumb Code     4  startup_mimxrt1064.o(.text)
    ENET_1588_Timer_IRQHandler               0x00000587   Thumb Code     4  startup_mimxrt1064.o(.text)
    ENET2_IRQHandler                         0x0000058b   Thumb Code     4  startup_mimxrt1064.o(.text)
    ENET2_1588_Timer_IRQHandler              0x0000058f   Thumb Code     4  startup_mimxrt1064.o(.text)
    CAN3_IRQHandler                          0x00000593   Thumb Code     4  startup_mimxrt1064.o(.text)
    FLEXIO3_IRQHandler                       0x00000597   Thumb Code     4  startup_mimxrt1064.o(.text)
    ACMP1_IRQHandler                         0x0000059b   Thumb Code     0  startup_mimxrt1064.o(.text)
    ACMP2_IRQHandler                         0x0000059b   Thumb Code     0  startup_mimxrt1064.o(.text)
    ACMP3_IRQHandler                         0x0000059b   Thumb Code     0  startup_mimxrt1064.o(.text)
    ACMP4_IRQHandler                         0x0000059b   Thumb Code     0  startup_mimxrt1064.o(.text)
    ADC1_IRQHandler                          0x0000059b   Thumb Code     0  startup_mimxrt1064.o(.text)
    ADC2_IRQHandler                          0x0000059b   Thumb Code     0  startup_mimxrt1064.o(.text)
    ADC_ETC_ERROR_IRQ_IRQHandler             0x0000059b   Thumb Code     0  startup_mimxrt1064.o(.text)
    ADC_ETC_IRQ0_IRQHandler                  0x0000059b   Thumb Code     0  startup_mimxrt1064.o(.text)
    ADC_ETC_IRQ1_IRQHandler                  0x0000059b   Thumb Code     0  startup_mimxrt1064.o(.text)
    ADC_ETC_IRQ2_IRQHandler                  0x0000059b   Thumb Code     0  startup_mimxrt1064.o(.text)
    BEE_IRQHandler                           0x0000059b   Thumb Code     0  startup_mimxrt1064.o(.text)
    CAN1_DriverIRQHandler                    0x0000059b   Thumb Code     0  startup_mimxrt1064.o(.text)
    CAN2_DriverIRQHandler                    0x0000059b   Thumb Code     0  startup_mimxrt1064.o(.text)
    CAN3_DriverIRQHandler                    0x0000059b   Thumb Code     0  startup_mimxrt1064.o(.text)
    CCM_1_IRQHandler                         0x0000059b   Thumb Code     0  startup_mimxrt1064.o(.text)
    CCM_2_IRQHandler                         0x0000059b   Thumb Code     0  startup_mimxrt1064.o(.text)
    CORE_IRQHandler                          0x0000059b   Thumb Code     0  startup_mimxrt1064.o(.text)
    CSI_IRQHandler                           0x0000059b   Thumb Code     0  startup_mimxrt1064.o(.text)
    CSU_IRQHandler                           0x0000059b   Thumb Code     0  startup_mimxrt1064.o(.text)
    CTI0_ERROR_IRQHandler                    0x0000059b   Thumb Code     0  startup_mimxrt1064.o(.text)
    CTI1_ERROR_IRQHandler                    0x0000059b   Thumb Code     0  startup_mimxrt1064.o(.text)
    DCDC_IRQHandler                          0x0000059b   Thumb Code     0  startup_mimxrt1064.o(.text)
    DCP_IRQHandler                           0x0000059b   Thumb Code     0  startup_mimxrt1064.o(.text)
    DCP_VMI_IRQHandler                       0x0000059b   Thumb Code     0  startup_mimxrt1064.o(.text)
    DMA0_DMA16_DriverIRQHandler              0x0000059b   Thumb Code     0  startup_mimxrt1064.o(.text)
    DMA10_DMA26_DriverIRQHandler             0x0000059b   Thumb Code     0  startup_mimxrt1064.o(.text)
    DMA11_DMA27_DriverIRQHandler             0x0000059b   Thumb Code     0  startup_mimxrt1064.o(.text)
    DMA12_DMA28_DriverIRQHandler             0x0000059b   Thumb Code     0  startup_mimxrt1064.o(.text)
    DMA13_DMA29_DriverIRQHandler             0x0000059b   Thumb Code     0  startup_mimxrt1064.o(.text)
    DMA14_DMA30_DriverIRQHandler             0x0000059b   Thumb Code     0  startup_mimxrt1064.o(.text)
    DMA15_DMA31_DriverIRQHandler             0x0000059b   Thumb Code     0  startup_mimxrt1064.o(.text)
    DMA1_DMA17_DriverIRQHandler              0x0000059b   Thumb Code     0  startup_mimxrt1064.o(.text)
    DMA2_DMA18_DriverIRQHandler              0x0000059b   Thumb Code     0  startup_mimxrt1064.o(.text)
    DMA3_DMA19_DriverIRQHandler              0x0000059b   Thumb Code     0  startup_mimxrt1064.o(.text)
    DMA4_DMA20_DriverIRQHandler              0x0000059b   Thumb Code     0  startup_mimxrt1064.o(.text)
    DMA5_DMA21_DriverIRQHandler              0x0000059b   Thumb Code     0  startup_mimxrt1064.o(.text)
    DMA6_DMA22_DriverIRQHandler              0x0000059b   Thumb Code     0  startup_mimxrt1064.o(.text)
    DMA7_DMA23_DriverIRQHandler              0x0000059b   Thumb Code     0  startup_mimxrt1064.o(.text)
    DMA8_DMA24_DriverIRQHandler              0x0000059b   Thumb Code     0  startup_mimxrt1064.o(.text)
    DMA9_DMA25_DriverIRQHandler              0x0000059b   Thumb Code     0  startup_mimxrt1064.o(.text)
    DMA_ERROR_DriverIRQHandler               0x0000059b   Thumb Code     0  startup_mimxrt1064.o(.text)
    DefaultISR                               0x0000059b   Thumb Code     0  startup_mimxrt1064.o(.text)
    ENC1_IRQHandler                          0x0000059b   Thumb Code     0  startup_mimxrt1064.o(.text)
    ENC2_IRQHandler                          0x0000059b   Thumb Code     0  startup_mimxrt1064.o(.text)
    ENC3_IRQHandler                          0x0000059b   Thumb Code     0  startup_mimxrt1064.o(.text)
    ENC4_IRQHandler                          0x0000059b   Thumb Code     0  startup_mimxrt1064.o(.text)
    ENET2_1588_Timer_DriverIRQHandler        0x0000059b   Thumb Code     0  startup_mimxrt1064.o(.text)
    ENET2_DriverIRQHandler                   0x0000059b   Thumb Code     0  startup_mimxrt1064.o(.text)
    ENET_1588_Timer_DriverIRQHandler         0x0000059b   Thumb Code     0  startup_mimxrt1064.o(.text)
    ENET_DriverIRQHandler                    0x0000059b   Thumb Code     0  startup_mimxrt1064.o(.text)
    EWM_IRQHandler                           0x0000059b   Thumb Code     0  startup_mimxrt1064.o(.text)
    FLEXIO1_DriverIRQHandler                 0x0000059b   Thumb Code     0  startup_mimxrt1064.o(.text)
    FLEXIO2_DriverIRQHandler                 0x0000059b   Thumb Code     0  startup_mimxrt1064.o(.text)
    FLEXIO3_DriverIRQHandler                 0x0000059b   Thumb Code     0  startup_mimxrt1064.o(.text)
    FLEXRAM_IRQHandler                       0x0000059b   Thumb Code     0  startup_mimxrt1064.o(.text)
    FLEXSPI2_DriverIRQHandler                0x0000059b   Thumb Code     0  startup_mimxrt1064.o(.text)
    FLEXSPI_DriverIRQHandler                 0x0000059b   Thumb Code     0  startup_mimxrt1064.o(.text)
    GPC_IRQHandler                           0x0000059b   Thumb Code     0  startup_mimxrt1064.o(.text)
    GPIO1_Combined_0_15_IRQHandler           0x0000059b   Thumb Code     0  startup_mimxrt1064.o(.text)
    GPIO1_Combined_16_31_IRQHandler          0x0000059b   Thumb Code     0  startup_mimxrt1064.o(.text)
    GPIO1_INT0_IRQHandler                    0x0000059b   Thumb Code     0  startup_mimxrt1064.o(.text)
    GPIO1_INT1_IRQHandler                    0x0000059b   Thumb Code     0  startup_mimxrt1064.o(.text)
    GPIO1_INT2_IRQHandler                    0x0000059b   Thumb Code     0  startup_mimxrt1064.o(.text)
    GPIO1_INT3_IRQHandler                    0x0000059b   Thumb Code     0  startup_mimxrt1064.o(.text)
    GPIO1_INT4_IRQHandler                    0x0000059b   Thumb Code     0  startup_mimxrt1064.o(.text)
    GPIO1_INT5_IRQHandler                    0x0000059b   Thumb Code     0  startup_mimxrt1064.o(.text)
    GPIO1_INT6_IRQHandler                    0x0000059b   Thumb Code     0  startup_mimxrt1064.o(.text)
    GPIO1_INT7_IRQHandler                    0x0000059b   Thumb Code     0  startup_mimxrt1064.o(.text)
    GPIO2_Combined_0_15_IRQHandler           0x0000059b   Thumb Code     0  startup_mimxrt1064.o(.text)
    GPIO2_Combined_16_31_IRQHandler          0x0000059b   Thumb Code     0  startup_mimxrt1064.o(.text)
    GPIO3_Combined_0_15_IRQHandler           0x0000059b   Thumb Code     0  startup_mimxrt1064.o(.text)
    GPIO3_Combined_16_31_IRQHandler          0x0000059b   Thumb Code     0  startup_mimxrt1064.o(.text)
    GPIO4_Combined_0_15_IRQHandler           0x0000059b   Thumb Code     0  startup_mimxrt1064.o(.text)
    GPIO4_Combined_16_31_IRQHandler          0x0000059b   Thumb Code     0  startup_mimxrt1064.o(.text)
    GPIO5_Combined_0_15_IRQHandler           0x0000059b   Thumb Code     0  startup_mimxrt1064.o(.text)
    GPIO5_Combined_16_31_IRQHandler          0x0000059b   Thumb Code     0  startup_mimxrt1064.o(.text)
    GPIO6_7_8_9_IRQHandler                   0x0000059b   Thumb Code     0  startup_mimxrt1064.o(.text)
    GPR_IRQ_IRQHandler                       0x0000059b   Thumb Code     0  startup_mimxrt1064.o(.text)
    GPT1_IRQHandler                          0x0000059b   Thumb Code     0  startup_mimxrt1064.o(.text)
    GPT2_IRQHandler                          0x0000059b   Thumb Code     0  startup_mimxrt1064.o(.text)
    KPP_IRQHandler                           0x0000059b   Thumb Code     0  startup_mimxrt1064.o(.text)
    LCDIF_IRQHandler                         0x0000059b   Thumb Code     0  startup_mimxrt1064.o(.text)
    LPI2C1_DriverIRQHandler                  0x0000059b   Thumb Code     0  startup_mimxrt1064.o(.text)
    LPI2C2_DriverIRQHandler                  0x0000059b   Thumb Code     0  startup_mimxrt1064.o(.text)
    LPI2C3_DriverIRQHandler                  0x0000059b   Thumb Code     0  startup_mimxrt1064.o(.text)
    LPI2C4_DriverIRQHandler                  0x0000059b   Thumb Code     0  startup_mimxrt1064.o(.text)
    LPSPI1_DriverIRQHandler                  0x0000059b   Thumb Code     0  startup_mimxrt1064.o(.text)
    LPSPI2_DriverIRQHandler                  0x0000059b   Thumb Code     0  startup_mimxrt1064.o(.text)
    LPSPI3_DriverIRQHandler                  0x0000059b   Thumb Code     0  startup_mimxrt1064.o(.text)
    LPSPI4_DriverIRQHandler                  0x0000059b   Thumb Code     0  startup_mimxrt1064.o(.text)
    PIT_IRQHandler                           0x0000059b   Thumb Code     0  startup_mimxrt1064.o(.text)
    PMU_EVENT_IRQHandler                     0x0000059b   Thumb Code     0  startup_mimxrt1064.o(.text)
    PWM1_0_IRQHandler                        0x0000059b   Thumb Code     0  startup_mimxrt1064.o(.text)
    PWM1_1_IRQHandler                        0x0000059b   Thumb Code     0  startup_mimxrt1064.o(.text)
    PWM1_2_IRQHandler                        0x0000059b   Thumb Code     0  startup_mimxrt1064.o(.text)
    PWM1_3_IRQHandler                        0x0000059b   Thumb Code     0  startup_mimxrt1064.o(.text)
    PWM1_FAULT_IRQHandler                    0x0000059b   Thumb Code     0  startup_mimxrt1064.o(.text)
    PWM2_0_IRQHandler                        0x0000059b   Thumb Code     0  startup_mimxrt1064.o(.text)
    PWM2_1_IRQHandler                        0x0000059b   Thumb Code     0  startup_mimxrt1064.o(.text)
    PWM2_2_IRQHandler                        0x0000059b   Thumb Code     0  startup_mimxrt1064.o(.text)
    PWM2_3_IRQHandler                        0x0000059b   Thumb Code     0  startup_mimxrt1064.o(.text)
    PWM2_FAULT_IRQHandler                    0x0000059b   Thumb Code     0  startup_mimxrt1064.o(.text)
    PWM3_0_IRQHandler                        0x0000059b   Thumb Code     0  startup_mimxrt1064.o(.text)
    PWM3_1_IRQHandler                        0x0000059b   Thumb Code     0  startup_mimxrt1064.o(.text)
    PWM3_2_IRQHandler                        0x0000059b   Thumb Code     0  startup_mimxrt1064.o(.text)
    PWM3_3_IRQHandler                        0x0000059b   Thumb Code     0  startup_mimxrt1064.o(.text)
    PWM3_FAULT_IRQHandler                    0x0000059b   Thumb Code     0  startup_mimxrt1064.o(.text)
    PWM4_0_IRQHandler                        0x0000059b   Thumb Code     0  startup_mimxrt1064.o(.text)
    PWM4_1_IRQHandler                        0x0000059b   Thumb Code     0  startup_mimxrt1064.o(.text)
    PWM4_2_IRQHandler                        0x0000059b   Thumb Code     0  startup_mimxrt1064.o(.text)
    PWM4_3_IRQHandler                        0x0000059b   Thumb Code     0  startup_mimxrt1064.o(.text)
    PWM4_FAULT_IRQHandler                    0x0000059b   Thumb Code     0  startup_mimxrt1064.o(.text)
    PXP_IRQHandler                           0x0000059b   Thumb Code     0  startup_mimxrt1064.o(.text)
    RTWDOG_IRQHandler                        0x0000059b   Thumb Code     0  startup_mimxrt1064.o(.text)
    Reserved115_IRQHandler                   0x0000059b   Thumb Code     0  startup_mimxrt1064.o(.text)
    Reserved143_IRQHandler                   0x0000059b   Thumb Code     0  startup_mimxrt1064.o(.text)
    Reserved144_IRQHandler                   0x0000059b   Thumb Code     0  startup_mimxrt1064.o(.text)
    Reserved171_IRQHandler                   0x0000059b   Thumb Code     0  startup_mimxrt1064.o(.text)
    Reserved68_IRQHandler                    0x0000059b   Thumb Code     0  startup_mimxrt1064.o(.text)
    Reserved78_IRQHandler                    0x0000059b   Thumb Code     0  startup_mimxrt1064.o(.text)
    Reserved86_IRQHandler                    0x0000059b   Thumb Code     0  startup_mimxrt1064.o(.text)
    Reserved87_IRQHandler                    0x0000059b   Thumb Code     0  startup_mimxrt1064.o(.text)
    SAI1_DriverIRQHandler                    0x0000059b   Thumb Code     0  startup_mimxrt1064.o(.text)
    SAI2_DriverIRQHandler                    0x0000059b   Thumb Code     0  startup_mimxrt1064.o(.text)
    SAI3_RX_DriverIRQHandler                 0x0000059b   Thumb Code     0  startup_mimxrt1064.o(.text)
    SAI3_TX_DriverIRQHandler                 0x0000059b   Thumb Code     0  startup_mimxrt1064.o(.text)
    SEMC_IRQHandler                          0x0000059b   Thumb Code     0  startup_mimxrt1064.o(.text)
    SJC_IRQHandler                           0x0000059b   Thumb Code     0  startup_mimxrt1064.o(.text)
    SNVS_HP_WRAPPER_IRQHandler               0x0000059b   Thumb Code     0  startup_mimxrt1064.o(.text)
    SNVS_HP_WRAPPER_TZ_IRQHandler            0x0000059b   Thumb Code     0  startup_mimxrt1064.o(.text)
    SNVS_LP_WRAPPER_IRQHandler               0x0000059b   Thumb Code     0  startup_mimxrt1064.o(.text)
    SPDIF_DriverIRQHandler                   0x0000059b   Thumb Code     0  startup_mimxrt1064.o(.text)
    SRC_IRQHandler                           0x0000059b   Thumb Code     0  startup_mimxrt1064.o(.text)
    TEMP_LOW_HIGH_IRQHandler                 0x0000059b   Thumb Code     0  startup_mimxrt1064.o(.text)
    TEMP_PANIC_IRQHandler                    0x0000059b   Thumb Code     0  startup_mimxrt1064.o(.text)
    TMR1_IRQHandler                          0x0000059b   Thumb Code     0  startup_mimxrt1064.o(.text)
    TMR2_IRQHandler                          0x0000059b   Thumb Code     0  startup_mimxrt1064.o(.text)
    TMR3_IRQHandler                          0x0000059b   Thumb Code     0  startup_mimxrt1064.o(.text)
    TMR4_IRQHandler                          0x0000059b   Thumb Code     0  startup_mimxrt1064.o(.text)
    TRNG_IRQHandler                          0x0000059b   Thumb Code     0  startup_mimxrt1064.o(.text)
    TSC_DIG_IRQHandler                       0x0000059b   Thumb Code     0  startup_mimxrt1064.o(.text)
    USB_OTG1_IRQHandler                      0x0000059b   Thumb Code     0  startup_mimxrt1064.o(.text)
    USB_OTG2_IRQHandler                      0x0000059b   Thumb Code     0  startup_mimxrt1064.o(.text)
    USB_PHY1_IRQHandler                      0x0000059b   Thumb Code     0  startup_mimxrt1064.o(.text)
    USB_PHY2_IRQHandler                      0x0000059b   Thumb Code     0  startup_mimxrt1064.o(.text)
    USDHC1_DriverIRQHandler                  0x0000059b   Thumb Code     0  startup_mimxrt1064.o(.text)
    USDHC2_DriverIRQHandler                  0x0000059b   Thumb Code     0  startup_mimxrt1064.o(.text)
    WDOG1_IRQHandler                         0x0000059b   Thumb Code     0  startup_mimxrt1064.o(.text)
    WDOG2_IRQHandler                         0x0000059b   Thumb Code     0  startup_mimxrt1064.o(.text)
    XBAR1_IRQ_0_1_IRQHandler                 0x0000059b   Thumb Code     0  startup_mimxrt1064.o(.text)
    XBAR1_IRQ_2_3_IRQHandler                 0x0000059b   Thumb Code     0  startup_mimxrt1064.o(.text)
    __aeabi_uldivmod                         0x00000685   Thumb Code     0  lludivv7m.o(.text)
    _ll_udiv                                 0x00000685   Thumb Code   238  lludivv7m.o(.text)
    __aeabi_assert                           0x00000775   Thumb Code    86  assert.o(.text)
    __assert                                 0x00000775   Thumb Code     0  assert.o(.text)
    abort                                    0x000007f5   Thumb Code    22  abort.o(.text)
    __assert_puts                            0x0000080b   Thumb Code    20  assert_puts.o(.text)
    _ttywrch                                 0x0000081f   Thumb Code    14  sys_wrch.o(.text)
    _sys_exit                                0x0000082d   Thumb Code     8  sys_exit.o(.text)
    __rt_SIGABRT                             0x00000839   Thumb Code    14  defsig_abrt_outer.o(.text)
    __I$use$semihosting                      0x00000847   Thumb Code     0  use_no_semi.o(.text)
    __use_no_semihosting_swi                 0x00000847   Thumb Code     2  use_no_semi.o(.text)
    __semihosting_library_function           0x00000849   Thumb Code     0  indicate_semi.o(.text)
    exit                                     0x00000849   Thumb Code    18  exit.o(.text)
    __sig_exit                               0x0000085b   Thumb Code    10  defsig_exit.o(.text)
    __rt_SIGABRT_inner                       0x00000865   Thumb Code    14  defsig_abrt_inner.o(.text)
    __default_signal_display                 0x00000895   Thumb Code    50  defsig_general.o(.text)
    BOARD_BootClockRUN                       0x000008c9   Thumb Code  1502  clock_config.o(i.BOARD_BootClockRUN)
    CLOCK_DeinitAudioPll                     0x00000ee5   Thumb Code    10  fsl_clock.o(i.CLOCK_DeinitAudioPll)
    CLOCK_DeinitEnetPll                      0x00000ef5   Thumb Code    10  fsl_clock.o(i.CLOCK_DeinitEnetPll)
    CLOCK_DeinitUsb2Pll                      0x00000f05   Thumb Code     8  fsl_clock.o(i.CLOCK_DeinitUsb2Pll)
    CLOCK_DeinitVideoPll                     0x00000f11   Thumb Code    10  fsl_clock.o(i.CLOCK_DeinitVideoPll)
    CLOCK_InitArmPll                         0x00000f8d   Thumb Code    82  fsl_clock.o(i.CLOCK_InitArmPll)
    CLOCK_InitExternalClk                    0x00000fe5   Thumb Code    76  fsl_clock.o(i.CLOCK_InitExternalClk)
    CLOCK_InitRcOsc24M                       0x0000104d   Thumb Code    16  fsl_clock.o(i.CLOCK_InitRcOsc24M)
    CLOCK_InitSysPfd                         0x00001065   Thumb Code    50  fsl_clock.o(i.CLOCK_InitSysPfd)
    CLOCK_InitSysPll                         0x000010a1   Thumb Code    82  fsl_clock.o(i.CLOCK_InitSysPll)
    CLOCK_InitUsb1Pfd                        0x000010f9   Thumb Code    52  fsl_clock.o(i.CLOCK_InitUsb1Pfd)
    CLOCK_InitUsb1Pll                        0x00001131   Thumb Code    82  fsl_clock.o(i.CLOCK_InitUsb1Pll)
    CLOCK_SwitchOsc                          0x000012e9   Thumb Code    20  fsl_clock.o(i.CLOCK_SwitchOsc)
    GPIO_PinInit                             0x0000135d   Thumb Code   154  fsl_gpio.o(i.GPIO_PinInit)
    GPIO_PinSetInterruptConfig               0x00001411   Thumb Code   138  fsl_gpio.o(i.GPIO_PinSetInterruptConfig)
    GPIO_PinWrite                            0x0000149d   Thumb Code    50  fsl_gpio.o(i.GPIO_PinWrite)
    LPUART1_DriverIRQHandler                 0x000014e1   Thumb Code    16  fsl_lpuart.o(i.LPUART1_DriverIRQHandler)
    LPUART2_DriverIRQHandler                 0x000014fd   Thumb Code    16  fsl_lpuart.o(i.LPUART2_DriverIRQHandler)
    LPUART3_DriverIRQHandler                 0x00001519   Thumb Code    16  fsl_lpuart.o(i.LPUART3_DriverIRQHandler)
    LPUART4_DriverIRQHandler                 0x00001535   Thumb Code    16  fsl_lpuart.o(i.LPUART4_DriverIRQHandler)
    LPUART5_DriverIRQHandler                 0x00001551   Thumb Code    16  fsl_lpuart.o(i.LPUART5_DriverIRQHandler)
    LPUART6_DriverIRQHandler                 0x0000156d   Thumb Code    16  fsl_lpuart.o(i.LPUART6_DriverIRQHandler)
    LPUART7_DriverIRQHandler                 0x00001589   Thumb Code    16  fsl_lpuart.o(i.LPUART7_DriverIRQHandler)
    LPUART8_DriverIRQHandler                 0x000015a5   Thumb Code    16  fsl_lpuart.o(i.LPUART8_DriverIRQHandler)
    SysTick_DelayTicks                       0x000016d9   Thumb Code    16  delay.o(i.SysTick_DelayTicks)
    SysTick_Handler                          0x000016ed   Thumb Code    18  delay.o(i.SysTick_Handler)
    SystemCoreClockUpdate                    0x00001705   Thumb Code   392  system_mimxrt1064.o(i.SystemCoreClockUpdate)
    SystemInit                               0x000018a1   Thumb Code   182  system_mimxrt1064.o(i.SystemInit)
    SystemInitHook                           0x0000196d   Thumb Code     2  system_mimxrt1064.o(i.SystemInitHook)
    main                                     0x00001971   Thumb Code   190  led.o(i.main)
    _fp_init                                 0x00001a4d   Thumb Code    10  fpinit.o(x$fpl$fpinit)
    __fplib_config_fpu_vfp                   0x00001a55   Thumb Code     0  fpinit.o(x$fpl$fpinit)
    __fplib_config_pureend_doubles           0x00001a55   Thumb Code     0  fpinit.o(x$fpl$fpinit)
    armPllConfig_BOARD_BootClockRUN          0x00001a5c   Data           8  clock_config.o(.constdata)
    sysPllConfig_BOARD_BootClockRUN          0x00001a64   Data          16  clock_config.o(.constdata)
    usb1PllConfig_BOARD_BootClockRUN         0x00001a74   Data           2  clock_config.o(.constdata)
    Region$$Table$$Base                      0x00001b78   Number         0  anon$$obj.o(Region$$Table)
    Region$$Table$$Limit                     0x00001b98   Number         0  anon$$obj.o(Region$$Table)
    g_systickCounter                         0x20000000   Data           4  delay.o(.data)
    g_xtalFreq                               0x20000004   Data           4  fsl_clock.o(.data)
    g_rtcXtalFreq                            0x20000008   Data           4  fsl_clock.o(.data)
    SystemCoreClock                          0x20000010   Data           4  system_mimxrt1064.o(.data)
    Image$$ARM_LIB_HEAP$$ZI$$Base            0x20000038   Number         0  anon$$obj.o ABSOLUTE
    Image$$ARM_LIB_HEAP$$ZI$$Limit           0x20000438   Number         0  anon$$obj.o ABSOLUTE
    Image$$ARM_LIB_STACK$$ZI$$Limit          0x20020000   Number         0  anon$$obj.o ABSOLUTE



==============================================================================

Memory Map of the image

  Image Entry point : 0x00000401

  Load Region LR_m_text (Base: 0x00000000, Size: 0x00001bac, Max: 0x00020000, ABSOLUTE)

    Execution Region VECTOR_ROM (Exec base: 0x00000000, Load base: 0x00000000, Size: 0x00000400, Max: 0x00000400, ABSOLUTE, FIXED)

    Exec Addr    Load Addr    Size         Type   Attr      Idx    E Section Name        Object

    0x00000000   0x00000000   0x00000400   Data   RO         1336    RESET               startup_mimxrt1064.o


    Execution Region ER_m_text (Exec base: 0x00000400, Load base: 0x00000400, Size: 0x00001798, Max: 0x0001fc00, ABSOLUTE, FIXED)

    Exec Addr    Load Addr    Size         Type   Attr      Idx    E Section Name        Object

    0x00000400   0x00000400   0x00000008   Code   RO         1478  * !!!main             c_w.l(__main.o)
    0x00000408   0x00000408   0x00000034   Code   RO         1712    !!!scatter          c_w.l(__scatter.o)
    0x0000043c   0x0000043c   0x0000001a   Code   RO         1714    !!handler_copy      c_w.l(__scatter_copy.o)
    0x00000456   0x00000456   0x00000002   PAD
    0x00000458   0x00000458   0x0000001c   Code   RO         1716    !!handler_zi        c_w.l(__scatter_zi.o)
    0x00000474   0x00000474   0x00000002   Code   RO         1651    .ARM.Collect$$libinit$$00000000  c_w.l(libinit.o)
    0x00000476   0x00000476   0x00000004   Code   RO         1520    .ARM.Collect$$libinit$$00000001  c_w.l(libinit2.o)
    0x0000047a   0x0000047a   0x00000000   Code   RO         1523    .ARM.Collect$$libinit$$00000004  c_w.l(libinit2.o)
    0x0000047a   0x0000047a   0x00000000   Code   RO         1526    .ARM.Collect$$libinit$$0000000A  c_w.l(libinit2.o)
    0x0000047a   0x0000047a   0x00000000   Code   RO         1528    .ARM.Collect$$libinit$$0000000C  c_w.l(libinit2.o)
    0x0000047a   0x0000047a   0x00000000   Code   RO         1530    .ARM.Collect$$libinit$$0000000E  c_w.l(libinit2.o)
    0x0000047a   0x0000047a   0x00000000   Code   RO         1533    .ARM.Collect$$libinit$$00000011  c_w.l(libinit2.o)
    0x0000047a   0x0000047a   0x00000000   Code   RO         1535    .ARM.Collect$$libinit$$00000013  c_w.l(libinit2.o)
    0x0000047a   0x0000047a   0x00000000   Code   RO         1537    .ARM.Collect$$libinit$$00000015  c_w.l(libinit2.o)
    0x0000047a   0x0000047a   0x00000000   Code   RO         1539    .ARM.Collect$$libinit$$00000017  c_w.l(libinit2.o)
    0x0000047a   0x0000047a   0x00000000   Code   RO         1541    .ARM.Collect$$libinit$$00000019  c_w.l(libinit2.o)
    0x0000047a   0x0000047a   0x00000000   Code   RO         1543    .ARM.Collect$$libinit$$0000001B  c_w.l(libinit2.o)
    0x0000047a   0x0000047a   0x00000000   Code   RO         1545    .ARM.Collect$$libinit$$0000001D  c_w.l(libinit2.o)
    0x0000047a   0x0000047a   0x00000000   Code   RO         1547    .ARM.Collect$$libinit$$0000001F  c_w.l(libinit2.o)
    0x0000047a   0x0000047a   0x00000000   Code   RO         1549    .ARM.Collect$$libinit$$00000021  c_w.l(libinit2.o)
    0x0000047a   0x0000047a   0x00000000   Code   RO         1551    .ARM.Collect$$libinit$$00000023  c_w.l(libinit2.o)
    0x0000047a   0x0000047a   0x00000000   Code   RO         1553    .ARM.Collect$$libinit$$00000025  c_w.l(libinit2.o)
    0x0000047a   0x0000047a   0x00000000   Code   RO         1557    .ARM.Collect$$libinit$$0000002C  c_w.l(libinit2.o)
    0x0000047a   0x0000047a   0x00000000   Code   RO         1559    .ARM.Collect$$libinit$$0000002E  c_w.l(libinit2.o)
    0x0000047a   0x0000047a   0x00000000   Code   RO         1561    .ARM.Collect$$libinit$$00000030  c_w.l(libinit2.o)
    0x0000047a   0x0000047a   0x00000000   Code   RO         1563    .ARM.Collect$$libinit$$00000032  c_w.l(libinit2.o)
    0x0000047a   0x0000047a   0x00000002   Code   RO         1564    .ARM.Collect$$libinit$$00000033  c_w.l(libinit2.o)
    0x0000047c   0x0000047c   0x00000002   Code   RO         1709    .ARM.Collect$$libshutdown$$00000000  c_w.l(libshutdown.o)
    0x0000047e   0x0000047e   0x00000000   Code   RO         1671    .ARM.Collect$$libshutdown$$00000002  c_w.l(libshutdown2.o)
    0x0000047e   0x0000047e   0x00000000   Code   RO         1673    .ARM.Collect$$libshutdown$$00000004  c_w.l(libshutdown2.o)
    0x0000047e   0x0000047e   0x00000000   Code   RO         1676    .ARM.Collect$$libshutdown$$00000007  c_w.l(libshutdown2.o)
    0x0000047e   0x0000047e   0x00000000   Code   RO         1679    .ARM.Collect$$libshutdown$$0000000A  c_w.l(libshutdown2.o)
    0x0000047e   0x0000047e   0x00000000   Code   RO         1681    .ARM.Collect$$libshutdown$$0000000C  c_w.l(libshutdown2.o)
    0x0000047e   0x0000047e   0x00000000   Code   RO         1684    .ARM.Collect$$libshutdown$$0000000F  c_w.l(libshutdown2.o)
    0x0000047e   0x0000047e   0x00000002   Code   RO         1685    .ARM.Collect$$libshutdown$$00000010  c_w.l(libshutdown2.o)
    0x00000480   0x00000480   0x00000000   Code   RO         1482    .ARM.Collect$$rtentry$$00000000  c_w.l(__rtentry.o)
    0x00000480   0x00000480   0x00000000   Code   RO         1575    .ARM.Collect$$rtentry$$00000002  c_w.l(__rtentry2.o)
    0x00000480   0x00000480   0x00000004   Code   RO         1589    .ARM.Collect$$rtentry$$00000007  c_w.l(__rtentry7.o)
    0x00000484   0x00000484   0x00000000   Code   RO         1577    .ARM.Collect$$rtentry$$00000009  c_w.l(__rtentry2.o)
    0x00000484   0x00000484   0x00000004   Code   RO         1578    .ARM.Collect$$rtentry$$0000000A  c_w.l(__rtentry2.o)
    0x00000488   0x00000488   0x00000000   Code   RO         1580    .ARM.Collect$$rtentry$$0000000C  c_w.l(__rtentry2.o)
    0x00000488   0x00000488   0x00000008   Code   RO         1581    .ARM.Collect$$rtentry$$0000000D  c_w.l(__rtentry2.o)
    0x00000490   0x00000490   0x00000004   Code   RO         1590    .ARM.Collect$$rtentry$$00002718  c_w.l(__rtentry7.o)
    0x00000494   0x00000494   0x00000002   Code   RO         1654    .ARM.Collect$$rtexit$$00000000  c_w.l(rtexit.o)
    0x00000496   0x00000496   0x00000000   Code   RO         1687    .ARM.Collect$$rtexit$$00000002  c_w.l(rtexit2.o)
    0x00000496   0x00000496   0x00000004   Code   RO         1688    .ARM.Collect$$rtexit$$00000003  c_w.l(rtexit2.o)
    0x0000049a   0x0000049a   0x00000006   Code   RO         1689    .ARM.Collect$$rtexit$$00000004  c_w.l(rtexit2.o)
    0x000004a0   0x000004a0   0x000001e4   Code   RO         1337    .text               startup_mimxrt1064.o
    0x00000684   0x00000684   0x000000ee   Code   RO         1470    .text               c_w.l(lludivv7m.o)
    0x00000772   0x00000772   0x00000002   PAD
    0x00000774   0x00000774   0x00000080   Code   RO         1472    .text               c_w.l(assert.o)
    0x000007f4   0x000007f4   0x00000016   Code   RO         1512    .text               c_w.l(abort.o)
    0x0000080a   0x0000080a   0x00000014   Code   RO         1514    .text               c_w.l(assert_puts.o)
    0x0000081e   0x0000081e   0x0000000e   Code   RO         1565    .text               c_w.l(sys_wrch.o)
    0x0000082c   0x0000082c   0x0000000c   Code   RO         1569    .text               c_w.l(sys_exit.o)
    0x00000838   0x00000838   0x0000000e   Code   RO         1604    .text               c_w.l(defsig_abrt_outer.o)
    0x00000846   0x00000846   0x00000002   Code   RO         1621    .text               c_w.l(use_no_semi.o)
    0x00000848   0x00000848   0x00000000   Code   RO         1623    .text               c_w.l(indicate_semi.o)
    0x00000848   0x00000848   0x00000012   Code   RO         1630    .text               c_w.l(exit.o)
    0x0000085a   0x0000085a   0x0000000a   Code   RO         1632    .text               c_w.l(defsig_exit.o)
    0x00000864   0x00000864   0x00000030   Code   RO         1634    .text               c_w.l(defsig_abrt_inner.o)
    0x00000894   0x00000894   0x00000032   Code   RO         1662    .text               c_w.l(defsig_general.o)
    0x000008c6   0x000008c6   0x00000002   PAD
    0x000008c8   0x000008c8   0x0000061c   Code   RO          235    i.BOARD_BootClockRUN  clock_config.o
    0x00000ee4   0x00000ee4   0x00000010   Code   RO          414    i.CLOCK_DeinitAudioPll  fsl_clock.o
    0x00000ef4   0x00000ef4   0x00000010   Code   RO          415    i.CLOCK_DeinitEnetPll  fsl_clock.o
    0x00000f04   0x00000f04   0x0000000c   Code   RO          422    i.CLOCK_DeinitUsb2Pll  fsl_clock.o
    0x00000f10   0x00000f10   0x00000010   Code   RO          423    i.CLOCK_DeinitVideoPll  fsl_clock.o
    0x00000f20   0x00000f20   0x0000006c   Code   RO          237    i.CLOCK_DisableClock  clock_config.o
    0x00000f8c   0x00000f8c   0x00000058   Code   RO          440    i.CLOCK_InitArmPll  fsl_clock.o
    0x00000fe4   0x00000fe4   0x00000068   Code   RO          443    i.CLOCK_InitExternalClk  fsl_clock.o
    0x0000104c   0x0000104c   0x00000018   Code   RO          444    i.CLOCK_InitRcOsc24M  fsl_clock.o
    0x00001064   0x00001064   0x0000003c   Code   RO          445    i.CLOCK_InitSysPfd  fsl_clock.o
    0x000010a0   0x000010a0   0x00000058   Code   RO          446    i.CLOCK_InitSysPll  fsl_clock.o
    0x000010f8   0x000010f8   0x00000038   Code   RO          447    i.CLOCK_InitUsb1Pfd  fsl_clock.o
    0x00001130   0x00001130   0x00000058   Code   RO          448    i.CLOCK_InitUsb1Pll  fsl_clock.o
    0x00001188   0x00001188   0x000000a0   Code   RO          238    i.CLOCK_SetDiv      clock_config.o
    0x00001228   0x00001228   0x000000a0   Code   RO          239    i.CLOCK_SetMux      clock_config.o
    0x000012c8   0x000012c8   0x00000020   Code   RO          240    i.CLOCK_SetPllBypass  clock_config.o
    0x000012e8   0x000012e8   0x00000018   Code   RO          451    i.CLOCK_SwitchOsc   fsl_clock.o
    0x00001300   0x00001300   0x0000005c   Code   RO          708    i.GPIO_GetInstance  fsl_gpio.o
    0x0000135c   0x0000135c   0x000000b4   Code   RO          709    i.GPIO_PinInit      fsl_gpio.o
    0x00001410   0x00001410   0x0000008a   Code   RO          710    i.GPIO_PinSetInterruptConfig  fsl_gpio.o
    0x0000149a   0x0000149a   0x00000002   PAD
    0x0000149c   0x0000149c   0x00000044   Code   RO          711    i.GPIO_PinWrite     fsl_gpio.o
    0x000014e0   0x000014e0   0x0000001c   Code   RO          760    i.LPUART1_DriverIRQHandler  fsl_lpuart.o
    0x000014fc   0x000014fc   0x0000001c   Code   RO          761    i.LPUART2_DriverIRQHandler  fsl_lpuart.o
    0x00001518   0x00001518   0x0000001c   Code   RO          762    i.LPUART3_DriverIRQHandler  fsl_lpuart.o
    0x00001534   0x00001534   0x0000001c   Code   RO          763    i.LPUART4_DriverIRQHandler  fsl_lpuart.o
    0x00001550   0x00001550   0x0000001c   Code   RO          764    i.LPUART5_DriverIRQHandler  fsl_lpuart.o
    0x0000156c   0x0000156c   0x0000001c   Code   RO          765    i.LPUART6_DriverIRQHandler  fsl_lpuart.o
    0x00001588   0x00001588   0x0000001c   Code   RO          766    i.LPUART7_DriverIRQHandler  fsl_lpuart.o
    0x000015a4   0x000015a4   0x0000001c   Code   RO          767    i.LPUART8_DriverIRQHandler  fsl_lpuart.o
    0x000015c0   0x000015c0   0x0000009c   Code   RO         1344    i.SCB_EnableDCache  system_mimxrt1064.o
    0x0000165c   0x0000165c   0x0000007c   Code   RO         1345    i.SCB_EnableICache  system_mimxrt1064.o
    0x000016d8   0x000016d8   0x00000014   Code   RO           98    i.SysTick_DelayTicks  delay.o
    0x000016ec   0x000016ec   0x00000018   Code   RO           99    i.SysTick_Handler   delay.o
    0x00001704   0x00001704   0x0000019c   Code   RO         1346    i.SystemCoreClockUpdate  system_mimxrt1064.o
    0x000018a0   0x000018a0   0x000000cc   Code   RO         1347    i.SystemInit        system_mimxrt1064.o
    0x0000196c   0x0000196c   0x00000002   Code   RO         1348    i.SystemInitHook    system_mimxrt1064.o
    0x0000196e   0x0000196e   0x00000002   PAD
    0x00001970   0x00001970   0x000000dc   Code   RO            6    i.main              led.o
    0x00001a4c   0x00001a4c   0x0000000a   Code   RO         1619    x$fpl$fpinit        fz_wv.l(fpinit.o)
    0x00001a56   0x00001a56   0x00000002   PAD
    0x00001a58   0x00001a58   0x00000003   Data   RO            7    .constdata          led.o
    0x00001a5b   0x00001a5b   0x00000001   PAD
    0x00001a5c   0x00001a5c   0x0000001a   Data   RO          241    .constdata          clock_config.o
    0x00001a76   0x00001a76   0x00000002   PAD
    0x00001a78   0x00001a78   0x00000034   Data   RO          712    .constdata          fsl_gpio.o
    0x00001aac   0x00001aac   0x00000042   Data   RO          453    .conststring        fsl_clock.o
    0x00001aee   0x00001aee   0x00000002   PAD
    0x00001af0   0x00001af0   0x00000086   Data   RO          713    .conststring        fsl_gpio.o
    0x00001b76   0x00001b76   0x00000002   PAD
    0x00001b78   0x00001b78   0x00000020   Data   RO         1710    Region$$Table       anon$$obj.o


    Execution Region RW_m_data (Exec base: 0x20000000, Load base: 0x00001b98, Size: 0x00000038, Max: 0x0001f800, ABSOLUTE)

    Exec Addr    Load Addr    Size         Type   Attr      Idx    E Section Name        Object

    0x20000000   0x00001b98   0x00000004   Data   RW          100    .data               delay.o
    0x20000004   0x00001b9c   0x00000008   Data   RW          454    .data               fsl_clock.o
    0x2000000c   0x00001ba4   0x00000004   Data   RW          798    .data               fsl_lpuart.o
    0x20000010   0x00001ba8   0x00000004   Data   RW         1349    .data               system_mimxrt1064.o
    0x20000014        -       0x00000024   Zero   RW          795    .bss                fsl_lpuart.o


    Execution Region ARM_LIB_HEAP (Exec base: 0x20000038, Load base: 0x00001bac, Size: 0x00000400, Max: 0x00000400, ABSOLUTE)

    Exec Addr    Load Addr    Size         Type   Attr      Idx    E Section Name        Object

    0x20000038        -       0x00000400   Zero   RW            1    ARM_LIB_HEAP.bss    anon$$obj.o


    Execution Region ARM_LIB_STACK (Exec base: 0x2001fc00, Load base: 0x00001bac, Size: 0x00000400, Max: 0x00000400, ABSOLUTE)

    Exec Addr    Load Addr    Size         Type   Attr      Idx    E Section Name        Object

    0x2001fc00        -       0x00000400   Zero   RW            2    ARM_LIB_STACK.bss   anon$$obj.o


==============================================================================

Image component sizes


      Code (inc. data)   RO Data    RW Data    ZI Data      Debug   Object Name

      2024        378         26          0          0      15295   clock_config.o
        44         10          0          4          0       1398   delay.o
       592         94         66          8          0      18241   fsl_clock.o
       478         94        186          0          0      16503   fsl_gpio.o
       224         96          0          4         36      24647   fsl_lpuart.o
       220         30          3          0          0    1533806   led.o
       484        230       1024          0          0       3404   startup_mimxrt1064.o
       898         58          0          4          0    1449387   system_mimxrt1064.o

    ----------------------------------------------------------------------
      4968        990       1344         20       2084    3062681   Object Totals
         0          0         32          0       2048          0   (incl. Generated)
         4          0          7          0          0          0   (incl. Padding)

    ----------------------------------------------------------------------

      Code (inc. data)   RO Data    RW Data    ZI Data      Debug   Library Member Name

         8          0          0          0          0         68   __main.o
         0          0          0          0          0          0   __rtentry.o
        12          0          0          0          0          0   __rtentry2.o
         8          4          0          0          0          0   __rtentry7.o
        52          8          0          0          0          0   __scatter.o
        26          0          0          0          0          0   __scatter_copy.o
        28          0          0          0          0          0   __scatter_zi.o
        22          0          0          0          0         80   abort.o
       128         42          0          0          0         76   assert.o
        20          0          0          0          0         76   assert_puts.o
        48         34          0          0          0         76   defsig_abrt_inner.o
        14          0          0          0          0         80   defsig_abrt_outer.o
        10          0          0          0          0         68   defsig_exit.o
        50          0          0          0          0         88   defsig_general.o
        18          0          0          0          0         80   exit.o
         0          0          0          0          0          0   indicate_semi.o
         2          0          0          0          0          0   libinit.o
         6          0          0          0          0          0   libinit2.o
         2          0          0          0          0          0   libshutdown.o
         2          0          0          0          0          0   libshutdown2.o
       238          0          0          0          0        100   lludivv7m.o
         2          0          0          0          0          0   rtexit.o
        10          0          0          0          0          0   rtexit2.o
        12          4          0          0          0         68   sys_exit.o
        14          0          0          0          0         76   sys_wrch.o
         2          0          0          0          0         68   use_no_semi.o
        10          0          0          0          0        116   fpinit.o

    ----------------------------------------------------------------------
       752         92          0          0          0       1120   Library Totals
         8          0          0          0          0          0   (incl. Padding)

    ----------------------------------------------------------------------

      Code (inc. data)   RO Data    RW Data    ZI Data      Debug   Library Name

       734         92          0          0          0       1004   c_w.l
        10          0          0          0          0        116   fz_wv.l

    ----------------------------------------------------------------------
       752         92          0          0          0       1120   Library Totals

    ----------------------------------------------------------------------

==============================================================================


      Code (inc. data)   RO Data    RW Data    ZI Data      Debug   

      5720       1082       1344         20       2084    3060033   Grand Totals
      5720       1082       1344         20       2084    3060033   ELF Image Totals
      5720       1082       1344         20          0          0   ROM Totals

==============================================================================

    Total RO  Size (Code + RO Data)                 7064 (   6.90kB)
    Total RW  Size (RW Data + ZI Data)              2104 (   2.05kB)
    Total ROM Size (Code + RO Data + RW Data)       7084 (   6.92kB)

==============================================================================

