Component: ARM Compiler 5.05 update 1 (build 106) Tool: armlink [4d0efa]

==============================================================================

Section Cross References

    led_blinky.o(i.SysTick_DelayTicks) refers to led_blinky.o(.data) for .data
    led_blinky.o(i.SysTick_Handler) refers to led_blinky.o(.data) for .data
    led_blinky.o(i.main) refers to pin_mux.o(i.BOARD_InitPins) for BOARD_InitPins
    led_blinky.o(i.main) refers to clock_config.o(i.BOARD_BootClockRUN) for BOARD_BootClockRUN
    led_blinky.o(i.main) refers to board.o(i.BOARD_InitDebugConsole) for BOARD_InitDebugConsole
    led_blinky.o(i.main) refers to system_mimxrt1064.o(i.SystemCoreClockUpdate) for SystemCoreClockUpdate
    led_blinky.o(i.main) refers to fsl_gpio.o(i.GPIO_PinInit) for GPIO_PinInit
    led_blinky.o(i.main) refers to fsl_gpio.o(i.GPIO_PinWrite) for GPIO_PinWrite
    led_blinky.o(i.main) refers to led_blinky.o(i.SysTick_DelayTicks) for SysTick_DelayTicks
    led_blinky.o(i.main) refers to led_blinky.o(.constdata) for .constdata
    led_blinky.o(i.main) refers to system_mimxrt1064.o(.data) for SystemCoreClock
    led_blinky.o(i.main) refers to led_blinky.o(.data) for .data
    board.o(i.BOARD_DebugConsoleSrcFreq) refers to fsl_clock.o(i.CLOCK_GetPllFreq) for CLOCK_GetPllFreq
    board.o(i.BOARD_DebugConsoleSrcFreq) refers to board.o(i.CLOCK_GetDiv) for CLOCK_GetDiv
    board.o(i.BOARD_DebugConsoleSrcFreq) refers to fsl_clock.o(.data) for g_xtalFreq
    board.o(i.BOARD_InitDebugConsole) refers to board.o(i.BOARD_DebugConsoleSrcFreq) for BOARD_DebugConsoleSrcFreq
    board.o(i.BOARD_InitDebugConsole) refers to fsl_debug_console.o(i.DbgConsole_Init) for DbgConsole_Init
    clock_config.o(i.BOARD_BootClockRUN) refers to fsl_clock.o(i.CLOCK_InitExternalClk) for CLOCK_InitExternalClk
    clock_config.o(i.BOARD_BootClockRUN) refers to fsl_clock.o(i.CLOCK_InitRcOsc24M) for CLOCK_InitRcOsc24M
    clock_config.o(i.BOARD_BootClockRUN) refers to fsl_clock.o(i.CLOCK_SwitchOsc) for CLOCK_SwitchOsc
    clock_config.o(i.BOARD_BootClockRUN) refers to clock_config.o(i.CLOCK_SetMux) for CLOCK_SetMux
    clock_config.o(i.BOARD_BootClockRUN) refers to fsl_clock.o(i.CLOCK_InitArmPll) for CLOCK_InitArmPll
    clock_config.o(i.BOARD_BootClockRUN) refers to fsl_clock.o(i.CLOCK_InitSysPll) for CLOCK_InitSysPll
    clock_config.o(i.BOARD_BootClockRUN) refers to fsl_clock.o(i.CLOCK_InitSysPfd) for CLOCK_InitSysPfd
    clock_config.o(i.BOARD_BootClockRUN) refers to fsl_clock.o(i.CLOCK_DeinitAudioPll) for CLOCK_DeinitAudioPll
    clock_config.o(i.BOARD_BootClockRUN) refers to clock_config.o(i.CLOCK_SetPllBypass) for CLOCK_SetPllBypass
    clock_config.o(i.BOARD_BootClockRUN) refers to fsl_clock.o(i.CLOCK_DeinitVideoPll) for CLOCK_DeinitVideoPll
    clock_config.o(i.BOARD_BootClockRUN) refers to fsl_clock.o(i.CLOCK_DeinitEnetPll) for CLOCK_DeinitEnetPll
    clock_config.o(i.BOARD_BootClockRUN) refers to fsl_clock.o(i.CLOCK_DeinitUsb2Pll) for CLOCK_DeinitUsb2Pll
    clock_config.o(i.BOARD_BootClockRUN) refers to clock_config.o(i.CLOCK_SetDiv) for CLOCK_SetDiv
    clock_config.o(i.BOARD_BootClockRUN) refers to clock_config.o(i.CLOCK_DisableClock) for CLOCK_DisableClock
    clock_config.o(i.BOARD_BootClockRUN) refers to fsl_clock.o(.data) for g_rtcXtalFreq
    clock_config.o(i.BOARD_BootClockRUN) refers to fsl_clock.o(.data) for g_xtalFreq
    clock_config.o(i.BOARD_BootClockRUN) refers to clock_config.o(.constdata) for .constdata
    clock_config.o(i.BOARD_BootClockRUN) refers to system_mimxrt1064.o(.data) for SystemCoreClock
    clock_config.o(i.BOARD_InitBootClocks) refers to clock_config.o(i.BOARD_BootClockRUN) for BOARD_BootClockRUN
    pin_mux.o(i.BOARD_InitBootPins) refers to pin_mux.o(i.BOARD_InitPins) for BOARD_InitPins
    fsl_clock.o(i.CLOCK_EnableUsbhs0PhyPllClock) refers to fsl_clock.o(i.CLOCK_InitUsb1Pll) for CLOCK_InitUsb1Pll
    fsl_clock.o(i.CLOCK_EnableUsbhs1PhyPllClock) refers to fsl_clock.o(i.CLOCK_InitUsb2Pll) for CLOCK_InitUsb2Pll
    fsl_clock.o(i.CLOCK_GetAhbFreq) refers to fsl_clock.o(i.CLOCK_GetPeriphClkFreq) for CLOCK_GetPeriphClkFreq
    fsl_clock.o(i.CLOCK_GetFreq) refers to fsl_clock.o(i.CLOCK_GetAhbFreq) for CLOCK_GetAhbFreq
    fsl_clock.o(i.CLOCK_GetFreq) refers to fsl_clock.o(i.CLOCK_GetSemcFreq) for CLOCK_GetSemcFreq
    fsl_clock.o(i.CLOCK_GetFreq) refers to fsl_clock.o(i.CLOCK_GetIpgFreq) for CLOCK_GetIpgFreq
    fsl_clock.o(i.CLOCK_GetFreq) refers to fsl_clock.o(i.CLOCK_GetPerClkFreq) for CLOCK_GetPerClkFreq
    fsl_clock.o(i.CLOCK_GetFreq) refers to fsl_clock.o(i.CLOCK_GetOscFreq) for CLOCK_GetOscFreq
    fsl_clock.o(i.CLOCK_GetFreq) refers to fsl_clock.o(i.CLOCK_GetUsb1PfdFreq) for CLOCK_GetUsb1PfdFreq
    fsl_clock.o(i.CLOCK_GetFreq) refers to fsl_clock.o(i.CLOCK_GetSysPfdFreq) for CLOCK_GetSysPfdFreq
    fsl_clock.o(i.CLOCK_GetFreq) refers to fsl_clock.o(i.CLOCK_GetPllFreq) for CLOCK_GetPllFreq
    fsl_clock.o(i.CLOCK_GetIpgFreq) refers to fsl_clock.o(i.CLOCK_GetAhbFreq) for CLOCK_GetAhbFreq
    fsl_clock.o(i.CLOCK_GetOscFreq) refers to fsl_clock.o(.data) for .data
    fsl_clock.o(i.CLOCK_GetPerClkFreq) refers to fsl_clock.o(i.CLOCK_GetOscFreq) for CLOCK_GetOscFreq
    fsl_clock.o(i.CLOCK_GetPerClkFreq) refers to fsl_clock.o(i.CLOCK_GetFreq) for CLOCK_GetFreq
    fsl_clock.o(i.CLOCK_GetPeriphClkFreq) refers to fsl_clock.o(i.CLOCK_GetPllFreq) for CLOCK_GetPllFreq
    fsl_clock.o(i.CLOCK_GetPeriphClkFreq) refers to fsl_clock.o(i.CLOCK_GetOscFreq) for CLOCK_GetOscFreq
    fsl_clock.o(i.CLOCK_GetPeriphClkFreq) refers to fsl_clock.o(i.CLOCK_GetSysPfdFreq) for CLOCK_GetSysPfdFreq
    fsl_clock.o(i.CLOCK_GetPllFreq) refers to fsl_clock.o(i.CLOCK_GetOscFreq) for CLOCK_GetOscFreq
    fsl_clock.o(i.CLOCK_GetPllFreq) refers to fsl_clock.o(.constdata) for .constdata
    fsl_clock.o(i.CLOCK_GetSemcFreq) refers to fsl_clock.o(i.CLOCK_GetUsb1PfdFreq) for CLOCK_GetUsb1PfdFreq
    fsl_clock.o(i.CLOCK_GetSemcFreq) refers to fsl_clock.o(i.CLOCK_GetSysPfdFreq) for CLOCK_GetSysPfdFreq
    fsl_clock.o(i.CLOCK_GetSemcFreq) refers to fsl_clock.o(i.CLOCK_GetPeriphClkFreq) for CLOCK_GetPeriphClkFreq
    fsl_clock.o(i.CLOCK_GetSysPfdFreq) refers to fsl_clock.o(i.CLOCK_GetPllFreq) for CLOCK_GetPllFreq
    fsl_clock.o(i.CLOCK_GetUsb1PfdFreq) refers to fsl_clock.o(i.CLOCK_GetPllFreq) for CLOCK_GetPllFreq
    fsl_common.o(i.SDK_Free) refers to malloc2.o(i.__free$2region) for free
    fsl_common.o(i.SDK_Malloc) refers to malloc2.o(i.__malloc$2region) for malloc
    fsl_gpio.o(i.GPIO_PinInit) refers to fsl_gpio.o(i.GPIO_PinWrite) for GPIO_PinWrite
    fsl_gpio.o(i.GPIO_PinInit) refers to fsl_gpio.o(i.GPIO_PinSetInterruptConfig) for GPIO_PinSetInterruptConfig
    fsl_gpio.o(i.GPIO_PinInit) refers to fsl_gpio.o(.constdata) for .constdata
    fsl_lpuart.o(i.LPUART1_DriverIRQHandler) refers to fsl_lpuart.o(.bss) for .bss
    fsl_lpuart.o(i.LPUART1_DriverIRQHandler) refers to fsl_lpuart.o(.data) for .data
    fsl_lpuart.o(i.LPUART2_DriverIRQHandler) refers to fsl_lpuart.o(.bss) for .bss
    fsl_lpuart.o(i.LPUART2_DriverIRQHandler) refers to fsl_lpuart.o(.data) for .data
    fsl_lpuart.o(i.LPUART3_DriverIRQHandler) refers to fsl_lpuart.o(.bss) for .bss
    fsl_lpuart.o(i.LPUART3_DriverIRQHandler) refers to fsl_lpuart.o(.data) for .data
    fsl_lpuart.o(i.LPUART4_DriverIRQHandler) refers to fsl_lpuart.o(.bss) for .bss
    fsl_lpuart.o(i.LPUART4_DriverIRQHandler) refers to fsl_lpuart.o(.data) for .data
    fsl_lpuart.o(i.LPUART5_DriverIRQHandler) refers to fsl_lpuart.o(.bss) for .bss
    fsl_lpuart.o(i.LPUART5_DriverIRQHandler) refers to fsl_lpuart.o(.data) for .data
    fsl_lpuart.o(i.LPUART6_DriverIRQHandler) refers to fsl_lpuart.o(.bss) for .bss
    fsl_lpuart.o(i.LPUART6_DriverIRQHandler) refers to fsl_lpuart.o(.data) for .data
    fsl_lpuart.o(i.LPUART7_DriverIRQHandler) refers to fsl_lpuart.o(.bss) for .bss
    fsl_lpuart.o(i.LPUART7_DriverIRQHandler) refers to fsl_lpuart.o(.data) for .data
    fsl_lpuart.o(i.LPUART8_DriverIRQHandler) refers to fsl_lpuart.o(.bss) for .bss
    fsl_lpuart.o(i.LPUART8_DriverIRQHandler) refers to fsl_lpuart.o(.data) for .data
    fsl_lpuart.o(i.LPUART_ClearStatusFlags) refers to fsl_lpuart.o(i.LPUART_GetStatusFlags) for LPUART_GetStatusFlags
    fsl_lpuart.o(i.LPUART_Deinit) refers to fsl_lpuart.o(i.LPUART_GetInstance) for LPUART_GetInstance
    fsl_lpuart.o(i.LPUART_Deinit) refers to fsl_lpuart.o(i.CLOCK_ControlGate) for CLOCK_ControlGate
    fsl_lpuart.o(i.LPUART_Deinit) refers to fsl_lpuart.o(.constdata) for .constdata
    fsl_lpuart.o(i.LPUART_GetInstance) refers to fsl_lpuart.o(.constdata) for .constdata
    fsl_lpuart.o(i.LPUART_Init) refers to fsl_lpuart.o(i.LPUART_GetInstance) for LPUART_GetInstance
    fsl_lpuart.o(i.LPUART_Init) refers to fsl_lpuart.o(i.CLOCK_ControlGate) for CLOCK_ControlGate
    fsl_lpuart.o(i.LPUART_Init) refers to fsl_lpuart.o(.constdata) for .constdata
    fsl_lpuart.o(i.LPUART_ReadBlocking) refers to fsl_lpuart.o(i.LPUART_GetStatusFlags) for LPUART_GetStatusFlags
    fsl_lpuart.o(i.LPUART_ReadBlocking) refers to fsl_lpuart.o(i.LPUART_ClearStatusFlags) for LPUART_ClearStatusFlags
    fsl_lpuart.o(i.LPUART_TransferAbortReceive) refers to fsl_lpuart.o(i.LPUART_DisableInterrupts) for LPUART_DisableInterrupts
    fsl_lpuart.o(i.LPUART_TransferAbortSend) refers to fsl_lpuart.o(i.LPUART_DisableInterrupts) for LPUART_DisableInterrupts
    fsl_lpuart.o(i.LPUART_TransferCreateHandle) refers to memseta.o(.text) for __aeabi_memclr4
    fsl_lpuart.o(i.LPUART_TransferCreateHandle) refers to fsl_lpuart.o(i.LPUART_GetInstance) for LPUART_GetInstance
    fsl_lpuart.o(i.LPUART_TransferCreateHandle) refers to fsl_lpuart.o(.bss) for .bss
    fsl_lpuart.o(i.LPUART_TransferCreateHandle) refers to fsl_lpuart.o(i.LPUART_TransferHandleIRQ) for LPUART_TransferHandleIRQ
    fsl_lpuart.o(i.LPUART_TransferCreateHandle) refers to fsl_lpuart.o(.data) for .data
    fsl_lpuart.o(i.LPUART_TransferCreateHandle) refers to fsl_lpuart.o(.constdata) for .constdata
    fsl_lpuart.o(i.LPUART_TransferHandleIRQ) refers to fsl_lpuart.o(i.LPUART_ReadNonBlocking) for LPUART_ReadNonBlocking
    fsl_lpuart.o(i.LPUART_TransferHandleIRQ) refers to fsl_lpuart.o(i.LPUART_DisableInterrupts) for LPUART_DisableInterrupts
    fsl_lpuart.o(i.LPUART_TransferHandleIRQ) refers to fsl_lpuart.o(i.LPUART_TransferIsRxRingBufferFull) for LPUART_TransferIsRxRingBufferFull
    fsl_lpuart.o(i.LPUART_TransferIsRxRingBufferFull) refers to fsl_lpuart.o(i.LPUART_TransferGetRxRingBufferLength) for LPUART_TransferGetRxRingBufferLength
    fsl_lpuart.o(i.LPUART_TransferReceiveNonBlocking) refers to fsl_lpuart.o(i.LPUART_DisableInterrupts) for LPUART_DisableInterrupts
    fsl_lpuart.o(i.LPUART_TransferReceiveNonBlocking) refers to fsl_lpuart.o(i.LPUART_TransferGetRxRingBufferLength) for LPUART_TransferGetRxRingBufferLength
    fsl_lpuart.o(i.LPUART_TransferReceiveNonBlocking) refers to fsl_lpuart.o(i.LPUART_EnableInterrupts) for LPUART_EnableInterrupts
    fsl_lpuart.o(i.LPUART_TransferSendNonBlocking) refers to fsl_lpuart.o(i.LPUART_EnableInterrupts) for LPUART_EnableInterrupts
    fsl_lpuart.o(i.LPUART_TransferStartRingBuffer) refers to fsl_lpuart.o(i.LPUART_EnableInterrupts) for LPUART_EnableInterrupts
    fsl_lpuart.o(i.LPUART_TransferStopRingBuffer) refers to fsl_lpuart.o(i.LPUART_DisableInterrupts) for LPUART_DisableInterrupts
    fsl_debug_console.o(i.DbgConsole_Deinit) refers to fsl_log.o(i.LOG_Deinit) for LOG_Deinit
    fsl_debug_console.o(i.DbgConsole_Flush) refers to fsl_log.o(i.LOG_WaitIdle) for LOG_WaitIdle
    fsl_debug_console.o(i.DbgConsole_Getchar) refers to fsl_log.o(i.LOG_ReadCharacter) for LOG_ReadCharacter
    fsl_debug_console.o(i.DbgConsole_Init) refers to fsl_log.o(i.LOG_Init) for LOG_Init
    fsl_debug_console.o(i.DbgConsole_Printf) refers to memseta.o(.text) for __aeabi_memclr4
    fsl_debug_console.o(i.DbgConsole_Printf) refers to fsl_str.o(i.StrFormatPrintf) for StrFormatPrintf
    fsl_debug_console.o(i.DbgConsole_Printf) refers to fsl_log.o(i.LOG_Push) for LOG_Push
    fsl_debug_console.o(i.DbgConsole_Printf) refers to fsl_debug_console.o(i.DbgConsole_RelocateLog) for DbgConsole_RelocateLog
    fsl_debug_console.o(i.DbgConsole_Putchar) refers to fsl_log.o(i.LOG_Push) for LOG_Push
    fsl_debug_console.o(i.DbgConsole_RelocateLog) refers to fsl_log.o(i.LOG_Push) for LOG_Push
    fsl_debug_console.o(i.DbgConsole_Scanf) refers to memseta.o(.text) for __aeabi_memclr4
    fsl_debug_console.o(i.DbgConsole_Scanf) refers to fsl_log.o(i.LOG_ReadLine) for LOG_ReadLine
    fsl_debug_console.o(i.DbgConsole_Scanf) refers to fsl_str.o(i.StrFormatScanf) for StrFormatScanf
    fsl_debug_console.o(i.fgetc) refers to fsl_log.o(i.LOG_ReadCharacter) for LOG_ReadCharacter
    fsl_debug_console.o(i.fputc) refers to fsl_log.o(i.LOG_Push) for LOG_Push
    fsl_io.o(i.IO_Deinit) refers to fsl_lpuart.o(i.LPUART_Deinit) for LPUART_Deinit
    fsl_io.o(i.IO_Deinit) refers to fsl_io.o(.data) for .data
    fsl_io.o(i.IO_Init) refers to fsl_lpuart.o(i.LPUART_GetDefaultConfig) for LPUART_GetDefaultConfig
    fsl_io.o(i.IO_Init) refers to fsl_lpuart.o(i.LPUART_Init) for LPUART_Init
    fsl_io.o(i.IO_Init) refers to fsl_io.o(.data) for .data
    fsl_io.o(i.IO_Transfer) refers to fsl_lpuart.o(i.LPUART_WriteBlocking) for LPUART_WriteBlocking
    fsl_io.o(i.IO_Transfer) refers to fsl_lpuart.o(i.LPUART_ReadBlocking) for LPUART_ReadBlocking
    fsl_io.o(i.IO_Transfer) refers to fsl_io.o(.data) for .data
    fsl_io.o(i.IO_WaitIdle) refers to fsl_lpuart.o(i.LPUART_GetStatusFlags) for LPUART_GetStatusFlags
    fsl_io.o(i.IO_WaitIdle) refers to fsl_io.o(.data) for .data
    fsl_log.o(i.LOG_Deinit) refers to fsl_io.o(i.IO_Deinit) for IO_Deinit
    fsl_log.o(i.LOG_Init) refers to fsl_io.o(i.IO_Init) for IO_Init
    fsl_log.o(i.LOG_Pop) refers to fsl_io.o(i.IO_Transfer) for IO_Transfer
    fsl_log.o(i.LOG_Push) refers to fsl_log.o(i.LOG_Pop) for LOG_Pop
    fsl_log.o(i.LOG_ReadCharacter) refers to fsl_log.o(i.LOG_ReadOneCharacter) for LOG_ReadOneCharacter
    fsl_log.o(i.LOG_ReadLine) refers to fsl_log.o(i.LOG_ReadOneCharacter) for LOG_ReadOneCharacter
    fsl_log.o(i.LOG_ReadOneCharacter) refers to fsl_io.o(i.IO_Transfer) for IO_Transfer
    fsl_log.o(i.LOG_WaitIdle) refers to fsl_io.o(i.IO_WaitIdle) for IO_WaitIdle
    fsl_str.o(i.StrFormatPrintf) refers to fsl_str.o(i.ConvertRadixNumToString) for ConvertRadixNumToString
    fsl_str.o(i.StrFormatPrintf) refers to strlen.o(.text) for strlen
    fsl_str.o(i.StrFormatScanf) refers to fsl_str.o(i.ScanIgnoreWhiteSpace) for ScanIgnoreWhiteSpace
    fsl_flexspi_nor_boot.o(.boot_hdr.ivt) refers to startup_mimxrt1064.o(RESET) for __Vectors
    fsl_flexspi_nor_boot.o(.boot_hdr.ivt) refers to evkmimxrt1064_sdram_ini_dcd.o(.constdata) for dcd_data
    fsl_flexspi_nor_boot.o(.boot_hdr.ivt) refers to fsl_flexspi_nor_boot.o(.boot_hdr.boot_data) for boot_data
    startup_mimxrt1064.o(RESET) refers to startup_mimxrt1064.o(.text) for Reset_Handler
    startup_mimxrt1064.o(RESET) refers to led_blinky.o(i.SysTick_Handler) for SysTick_Handler
    startup_mimxrt1064.o(.text) refers to startup_mimxrt1064.o(RESET) for __Vectors
    startup_mimxrt1064.o(.text) refers to system_mimxrt1064.o(i.SystemInit) for SystemInit
    startup_mimxrt1064.o(.text) refers to entry.o(.ARM.Collect$$$$00000000) for __main
    startup_mimxrt1064.o(.text) refers to fsl_lpuart.o(i.LPUART1_DriverIRQHandler) for LPUART1_DriverIRQHandler
    startup_mimxrt1064.o(.text) refers to fsl_lpuart.o(i.LPUART2_DriverIRQHandler) for LPUART2_DriverIRQHandler
    startup_mimxrt1064.o(.text) refers to fsl_lpuart.o(i.LPUART3_DriverIRQHandler) for LPUART3_DriverIRQHandler
    startup_mimxrt1064.o(.text) refers to fsl_lpuart.o(i.LPUART4_DriverIRQHandler) for LPUART4_DriverIRQHandler
    startup_mimxrt1064.o(.text) refers to fsl_lpuart.o(i.LPUART5_DriverIRQHandler) for LPUART5_DriverIRQHandler
    startup_mimxrt1064.o(.text) refers to fsl_lpuart.o(i.LPUART6_DriverIRQHandler) for LPUART6_DriverIRQHandler
    startup_mimxrt1064.o(.text) refers to fsl_lpuart.o(i.LPUART7_DriverIRQHandler) for LPUART7_DriverIRQHandler
    startup_mimxrt1064.o(.text) refers to fsl_lpuart.o(i.LPUART8_DriverIRQHandler) for LPUART8_DriverIRQHandler
    system_mimxrt1064.o(i.SystemCoreClockUpdate) refers to uldiv.o(.text) for __aeabi_uldivmod
    system_mimxrt1064.o(i.SystemCoreClockUpdate) refers to system_mimxrt1064.o(.data) for .data
    system_mimxrt1064.o(i.SystemInit) refers to system_mimxrt1064.o(i.SystemInitHook) for SystemInitHook
    entry.o(.ARM.Collect$$$$00000000) refers (Special) to entry10a.o(.ARM.Collect$$$$0000000D) for __rt_final_cpp
    entry.o(.ARM.Collect$$$$00000000) refers (Special) to entry11a.o(.ARM.Collect$$$$0000000F) for __rt_final_exit
    entry.o(.ARM.Collect$$$$00000000) refers (Special) to entry7b.o(.ARM.Collect$$$$00000008) for _main_clock
    entry.o(.ARM.Collect$$$$00000000) refers (Special) to entry8b.o(.ARM.Collect$$$$0000000A) for _main_cpp_init
    entry.o(.ARM.Collect$$$$00000000) refers (Special) to entry9a.o(.ARM.Collect$$$$0000000B) for _main_init
    entry.o(.ARM.Collect$$$$00000000) refers (Special) to entry5.o(.ARM.Collect$$$$00000004) for _main_scatterload
    entry.o(.ARM.Collect$$$$00000000) refers (Special) to entry4.o(.ARM.Collect$$$$00000003) for _main_stk
    uldiv.o(.text) refers to llushr.o(.text) for __aeabi_llsr
    uldiv.o(.text) refers to llshl.o(.text) for __aeabi_llsl
    malloc2.o(i.__free$2region) refers to mvars.o(.data) for __microlib_freelist
    malloc2.o(i.__malloc$2region) refers to mvars.o(.data) for __microlib_freelist_initialised
    malloc2.o(i.__malloc$2region) refers to mvars.o(.data) for __microlib_freelist
    mallocr2.o(i.__free$realloc$2region) refers to mvars.o(.data) for __microlib_freelist
    mallocr2.o(i.__malloc$realloc$2region) refers to mallocr2.o(i.internal_alloc) for internal_alloc
    mallocr2.o(i.__malloc$realloc$2region) refers to mvars.o(.data) for __microlib_freelist_initialised
    mallocr2.o(i.__malloc$realloc$2region) refers to mvars.o(.data) for __microlib_freelist
    mallocr2.o(i.__realloc$2region) refers to mallocr2.o(i.__free$realloc$2region) for __free$realloc$2region
    mallocr2.o(i.__realloc$2region) refers to mallocr2.o(i.internal_alloc) for internal_alloc
    mallocr2.o(i.__realloc$2region) refers to mallocr2.o(i.__malloc$realloc$2region) for __malloc$realloc$2region
    mallocr2.o(i.__realloc$2region) refers to mvars.o(.data) for __microlib_freelist
    mallocr2.o(i.internal_alloc) refers to memcpya.o(.text) for __aeabi_memcpy
    mallocr2.o(i.internal_alloc) refers to mvars.o(.data) for __microlib_freelist
    malloca2.o(i.__aligned_malloc$2region) refers to mvars.o(.data) for __microlib_freelist_initialised
    malloca2.o(i.__aligned_malloc$2region) refers to mvars.o(.data) for __microlib_freelist
    malloca2.o(i.__free$memalign$2region) refers to mvars.o(.data) for __microlib_freelist
    malloca2.o(i.__malloc$memalign$2region) refers to malloca2.o(i.__aligned_malloc$2region) for __aligned_malloc$2region
    mallocra2.o(i.__aligned_malloc$realloc$2region) refers to mallocra2.o(i.internal_alloc) for internal_alloc
    mallocra2.o(i.__aligned_malloc$realloc$2region) refers to mvars.o(.data) for __microlib_freelist_initialised
    mallocra2.o(i.__aligned_malloc$realloc$2region) refers to mvars.o(.data) for __microlib_freelist
    mallocra2.o(i.__free$realloc$memalign$2region) refers to mvars.o(.data) for __microlib_freelist
    mallocra2.o(i.__malloc$realloc$memalign$2region) refers to mallocra2.o(i.__aligned_malloc$realloc$2region) for __aligned_malloc$realloc$2region
    mallocra2.o(i.__realloc$memalign$2region) refers to mallocra2.o(i.__free$realloc$memalign$2region) for __free$realloc$memalign$2region
    mallocra2.o(i.__realloc$memalign$2region) refers to mallocra2.o(i.internal_alloc) for internal_alloc
    mallocra2.o(i.__realloc$memalign$2region) refers to mallocra2.o(i.__malloc$realloc$memalign$2region) for __malloc$realloc$memalign$2region
    mallocra2.o(i.__realloc$memalign$2region) refers to mvars.o(.data) for __microlib_freelist
    mallocra2.o(i.internal_alloc) refers to memcpya.o(.text) for __aeabi_memcpy
    mallocra2.o(i.internal_alloc) refers to mvars.o(.data) for __microlib_freelist
    entry4.o(.ARM.Collect$$$$00000003) refers to entry4.o(.ARM.Collect$$$$00002714) for __lit__00000000
    entry4.o(__vectab_stack_and_reset_area) refers to entry.o(.ARM.Collect$$$$00000000) for __main
    entry5.o(.ARM.Collect$$$$00000004) refers to init.o(.text) for __scatterload
    entry9a.o(.ARM.Collect$$$$0000000B) refers to led_blinky.o(i.main) for main
    entry9b.o(.ARM.Collect$$$$0000000C) refers to led_blinky.o(i.main) for main
    init.o(.text) refers to entry5.o(.ARM.Collect$$$$00000004) for __main_after_scatterload


==============================================================================

Removing Unused input sections from the image.

    Removing led_blinky.o(.rev16_text), (4 bytes).
    Removing led_blinky.o(.revsh_text), (4 bytes).
    Removing led_blinky.o(.rrx_text), (6 bytes).
    Removing board.o(.rev16_text), (4 bytes).
    Removing board.o(.revsh_text), (4 bytes).
    Removing board.o(.rrx_text), (6 bytes).
    Removing board.o(i.BOARD_MMC_Pin_Config), (2 bytes).
    Removing board.o(i.BOARD_SD_Pin_Config), (52 bytes).
    Removing clock_config.o(.rev16_text), (4 bytes).
    Removing clock_config.o(.revsh_text), (4 bytes).
    Removing clock_config.o(.rrx_text), (6 bytes).
    Removing clock_config.o(i.BOARD_InitBootClocks), (4 bytes).
    Removing clock_config.o(.constdata), (2 bytes).
    Removing peripherals.o(i.BOARD_InitBootPeripherals), (2 bytes).
    Removing pin_mux.o(.rev16_text), (4 bytes).
    Removing pin_mux.o(.revsh_text), (4 bytes).
    Removing pin_mux.o(.rrx_text), (6 bytes).
    Removing pin_mux.o(i.BOARD_InitBootPins), (4 bytes).
    Removing fsl_clock.o(.rev16_text), (4 bytes).
    Removing fsl_clock.o(.revsh_text), (4 bytes).
    Removing fsl_clock.o(.rrx_text), (6 bytes).
    Removing fsl_clock.o(i.CLOCK_DeinitArmPll), (16 bytes).
    Removing fsl_clock.o(i.CLOCK_DeinitExternalClk), (16 bytes).
    Removing fsl_clock.o(i.CLOCK_DeinitRcOsc24M), (20 bytes).
    Removing fsl_clock.o(i.CLOCK_DeinitSysPfd), (24 bytes).
    Removing fsl_clock.o(i.CLOCK_DeinitSysPll), (16 bytes).
    Removing fsl_clock.o(i.CLOCK_DeinitUsb1Pfd), (24 bytes).
    Removing fsl_clock.o(i.CLOCK_DeinitUsb1Pll), (12 bytes).
    Removing fsl_clock.o(i.CLOCK_DisableUsbhs0PhyPllClock), (32 bytes).
    Removing fsl_clock.o(i.CLOCK_DisableUsbhs1PhyPllClock), (32 bytes).
    Removing fsl_clock.o(i.CLOCK_EnableUsbhs0Clock), (88 bytes).
    Removing fsl_clock.o(i.CLOCK_EnableUsbhs0PhyPllClock), (72 bytes).
    Removing fsl_clock.o(i.CLOCK_EnableUsbhs1Clock), (88 bytes).
    Removing fsl_clock.o(i.CLOCK_EnableUsbhs1PhyPllClock), (48 bytes).
    Removing fsl_clock.o(i.CLOCK_GetAhbFreq), (28 bytes).
    Removing fsl_clock.o(i.CLOCK_GetFreq), (164 bytes).
    Removing fsl_clock.o(i.CLOCK_GetIpgFreq), (28 bytes).
    Removing fsl_clock.o(i.CLOCK_GetPerClkFreq), (40 bytes).
    Removing fsl_clock.o(i.CLOCK_GetPeriphClkFreq), (140 bytes).
    Removing fsl_clock.o(i.CLOCK_GetSemcFreq), (56 bytes).
    Removing fsl_clock.o(i.CLOCK_GetSysPfdFreq), (88 bytes).
    Removing fsl_clock.o(i.CLOCK_GetUsb1PfdFreq), (88 bytes).
    Removing fsl_clock.o(i.CLOCK_InitAudioPll), (152 bytes).
    Removing fsl_clock.o(i.CLOCK_InitEnetPll), (108 bytes).
    Removing fsl_clock.o(i.CLOCK_InitUsb1Pfd), (40 bytes).
    Removing fsl_clock.o(i.CLOCK_InitUsb1Pll), (52 bytes).
    Removing fsl_clock.o(i.CLOCK_InitUsb2Pll), (52 bytes).
    Removing fsl_clock.o(i.CLOCK_InitVideoPll), (160 bytes).
    Removing fsl_common.o(.rev16_text), (4 bytes).
    Removing fsl_common.o(.revsh_text), (4 bytes).
    Removing fsl_common.o(.rrx_text), (6 bytes).
    Removing fsl_common.o(i.SDK_Free), (22 bytes).
    Removing fsl_common.o(i.SDK_Malloc), (52 bytes).
    Removing fsl_gpio.o(.rev16_text), (4 bytes).
    Removing fsl_gpio.o(.revsh_text), (4 bytes).
    Removing fsl_gpio.o(.rrx_text), (6 bytes).
    Removing fsl_lpuart.o(.rev16_text), (4 bytes).
    Removing fsl_lpuart.o(.revsh_text), (4 bytes).
    Removing fsl_lpuart.o(.rrx_text), (6 bytes).
    Removing fsl_lpuart.o(i.LPUART_ClearStatusFlags), (80 bytes).
    Removing fsl_lpuart.o(i.LPUART_Deinit), (56 bytes).
    Removing fsl_lpuart.o(i.LPUART_DisableInterrupts), (46 bytes).
    Removing fsl_lpuart.o(i.LPUART_EnableInterrupts), (44 bytes).
    Removing fsl_lpuart.o(i.LPUART_GetEnabledInterrupts), (32 bytes).
    Removing fsl_lpuart.o(i.LPUART_GetStatusFlags), (14 bytes).
    Removing fsl_lpuart.o(i.LPUART_ReadBlocking), (142 bytes).
    Removing fsl_lpuart.o(i.LPUART_ReadNonBlocking), (44 bytes).
    Removing fsl_lpuart.o(i.LPUART_SetBaudRate), (168 bytes).
    Removing fsl_lpuart.o(i.LPUART_TransferAbortReceive), (28 bytes).
    Removing fsl_lpuart.o(i.LPUART_TransferAbortSend), (22 bytes).
    Removing fsl_lpuart.o(i.LPUART_TransferCreateHandle), (132 bytes).
    Removing fsl_lpuart.o(i.LPUART_TransferGetReceiveCount), (24 bytes).
    Removing fsl_lpuart.o(i.LPUART_TransferGetRxRingBufferLength), (24 bytes).
    Removing fsl_lpuart.o(i.LPUART_TransferGetSendCount), (22 bytes).
    Removing fsl_lpuart.o(i.LPUART_TransferHandleErrorIRQ), (2 bytes).
    Removing fsl_lpuart.o(i.LPUART_TransferHandleIRQ), (536 bytes).
    Removing fsl_lpuart.o(i.LPUART_TransferIsRxRingBufferFull), (24 bytes).
    Removing fsl_lpuart.o(i.LPUART_TransferReceiveNonBlocking), (208 bytes).
    Removing fsl_lpuart.o(i.LPUART_TransferSendNonBlocking), (44 bytes).
    Removing fsl_lpuart.o(i.LPUART_TransferStartRingBuffer), (22 bytes).
    Removing fsl_lpuart.o(i.LPUART_TransferStopRingBuffer), (32 bytes).
    Removing fsl_lpuart.o(i.LPUART_WriteBlocking), (20 bytes).
    Removing fsl_assert.o(.rev16_text), (4 bytes).
    Removing fsl_assert.o(.revsh_text), (4 bytes).
    Removing fsl_assert.o(.rrx_text), (6 bytes).
    Removing fsl_debug_console.o(.rev16_text), (4 bytes).
    Removing fsl_debug_console.o(.revsh_text), (4 bytes).
    Removing fsl_debug_console.o(.rrx_text), (6 bytes).
    Removing fsl_debug_console.o(i.DbgConsole_Deinit), (10 bytes).
    Removing fsl_debug_console.o(i.DbgConsole_Flush), (4 bytes).
    Removing fsl_debug_console.o(i.DbgConsole_Getchar), (14 bytes).
    Removing fsl_debug_console.o(i.DbgConsole_Printf), (44 bytes).
    Removing fsl_debug_console.o(i.DbgConsole_Putchar), (12 bytes).
    Removing fsl_debug_console.o(i.DbgConsole_RelocateLog), (56 bytes).
    Removing fsl_debug_console.o(i.DbgConsole_Scanf), (38 bytes).
    Removing fsl_debug_console.o(i.fgetc), (14 bytes).
    Removing fsl_debug_console.o(i.fputc), (12 bytes).
    Removing fsl_debug_console.o(.data), (4 bytes).
    Removing fsl_debug_console.o(.data), (4 bytes).
    Removing fsl_io.o(.rev16_text), (4 bytes).
    Removing fsl_io.o(.revsh_text), (4 bytes).
    Removing fsl_io.o(.rrx_text), (6 bytes).
    Removing fsl_io.o(i.IO_Deinit), (40 bytes).
    Removing fsl_io.o(i.IO_Transfer), (52 bytes).
    Removing fsl_io.o(i.IO_WaitIdle), (28 bytes).
    Removing fsl_log.o(.rev16_text), (4 bytes).
    Removing fsl_log.o(.revsh_text), (4 bytes).
    Removing fsl_log.o(.rrx_text), (6 bytes).
    Removing fsl_log.o(i.LOG_Deinit), (4 bytes).
    Removing fsl_log.o(i.LOG_Pop), (22 bytes).
    Removing fsl_log.o(i.LOG_Push), (4 bytes).
    Removing fsl_log.o(i.LOG_ReadCharacter), (18 bytes).
    Removing fsl_log.o(i.LOG_ReadLine), (70 bytes).
    Removing fsl_log.o(i.LOG_ReadOneCharacter), (18 bytes).
    Removing fsl_log.o(i.LOG_WaitIdle), (10 bytes).
    Removing fsl_str.o(.rev16_text), (4 bytes).
    Removing fsl_str.o(.revsh_text), (4 bytes).
    Removing fsl_str.o(.rrx_text), (6 bytes).
    Removing fsl_str.o(i.ConvertRadixNumToString), (112 bytes).
    Removing fsl_str.o(i.ScanIgnoreWhiteSpace), (48 bytes).
    Removing fsl_str.o(i.StrFormatPrintf), (386 bytes).
    Removing fsl_str.o(i.StrFormatScanf), (650 bytes).
    Removing evkmimxrt1064_flexspi_nor_config.o(.rev16_text), (4 bytes).
    Removing evkmimxrt1064_flexspi_nor_config.o(.revsh_text), (4 bytes).
    Removing evkmimxrt1064_flexspi_nor_config.o(.rrx_text), (6 bytes).
    Removing fsl_flexspi_nor_boot.o(.rev16_text), (4 bytes).
    Removing fsl_flexspi_nor_boot.o(.revsh_text), (4 bytes).
    Removing fsl_flexspi_nor_boot.o(.rrx_text), (6 bytes).
    Removing system_mimxrt1064.o(.rev16_text), (4 bytes).
    Removing system_mimxrt1064.o(.revsh_text), (4 bytes).
    Removing system_mimxrt1064.o(.rrx_text), (6 bytes).

131 unused section(s) (total 5488 bytes) removed from the image.

==============================================================================

Image Symbol Table

    Local Symbols

    Symbol Name                              Value     Ov Type        Size  Object(Section)

    ../clib/microlib/division.c              0x00000000   Number         0  uldiv.o ABSOLUTE
    ../clib/microlib/init/entry.s            0x00000000   Number         0  entry11b.o ABSOLUTE
    ../clib/microlib/init/entry.s            0x00000000   Number         0  entry.o ABSOLUTE
    ../clib/microlib/init/entry.s            0x00000000   Number         0  entry5.o ABSOLUTE
    ../clib/microlib/init/entry.s            0x00000000   Number         0  entry9b.o ABSOLUTE
    ../clib/microlib/init/entry.s            0x00000000   Number         0  entry4.o ABSOLUTE
    ../clib/microlib/init/entry.s            0x00000000   Number         0  entry7a.o ABSOLUTE
    ../clib/microlib/init/entry.s            0x00000000   Number         0  entry7b.o ABSOLUTE
    ../clib/microlib/init/entry.s            0x00000000   Number         0  entry8a.o ABSOLUTE
    ../clib/microlib/init/entry.s            0x00000000   Number         0  entry8b.o ABSOLUTE
    ../clib/microlib/init/entry.s            0x00000000   Number         0  entry11a.o ABSOLUTE
    ../clib/microlib/init/entry.s            0x00000000   Number         0  entry9a.o ABSOLUTE
    ../clib/microlib/init/entry.s            0x00000000   Number         0  entry10a.o ABSOLUTE
    ../clib/microlib/init/entry.s            0x00000000   Number         0  entry10b.o ABSOLUTE
    ../clib/microlib/longlong.c              0x00000000   Number         0  llshl.o ABSOLUTE
    ../clib/microlib/longlong.c              0x00000000   Number         0  llushr.o ABSOLUTE
    ../clib/microlib/malloc/malloc.c         0x00000000   Number         0  malloc2.o ABSOLUTE
    ../clib/microlib/malloc/malloc.c         0x00000000   Number         0  mallocr2.o ABSOLUTE
    ../clib/microlib/malloc/malloc.c         0x00000000   Number         0  malloca2.o ABSOLUTE
    ../clib/microlib/malloc/malloc.c         0x00000000   Number         0  mallocra2.o ABSOLUTE
    ../clib/microlib/malloc/mvars.c          0x00000000   Number         0  mvars.o ABSOLUTE
    ../clib/microlib/string/memcpy.c         0x00000000   Number         0  memcpyb.o ABSOLUTE
    ../clib/microlib/string/memcpy.c         0x00000000   Number         0  memcpya.o ABSOLUTE
    ../clib/microlib/string/memset.c         0x00000000   Number         0  memseta.o ABSOLUTE
    ../clib/microlib/string/strlen.c         0x00000000   Number         0  strlen.o ABSOLUTE
    ../led_blinky.c                          0x00000000   Number         0  led_blinky.o ABSOLUTE
    ..\led_blinky.c                          0x00000000   Number         0  led_blinky.o ABSOLUTE
    F:\Program Filesx86\MDK\ARM\PACK\NXP\MIMXRT1064_DFP\10.0.0\drivers\fsl_clock.c 0x00000000   Number         0  fsl_clock.o ABSOLUTE
    F:\Program Filesx86\MDK\ARM\PACK\NXP\MIMXRT1064_DFP\10.0.0\drivers\fsl_common.c 0x00000000   Number         0  fsl_common.o ABSOLUTE
    F:\Program Filesx86\MDK\ARM\PACK\NXP\MIMXRT1064_DFP\10.0.0\drivers\fsl_gpio.c 0x00000000   Number         0  fsl_gpio.o ABSOLUTE
    F:\Program Filesx86\MDK\ARM\PACK\NXP\MIMXRT1064_DFP\10.0.0\drivers\fsl_lpuart.c 0x00000000   Number         0  fsl_lpuart.o ABSOLUTE
    F:\Program Filesx86\MDK\ARM\PACK\NXP\MIMXRT1064_DFP\10.0.0\utilities\fsl_assert.c 0x00000000   Number         0  fsl_assert.o ABSOLUTE
    F:\Program Filesx86\MDK\ARM\PACK\NXP\MIMXRT1064_DFP\10.0.0\utilities\fsl_debug_console.c 0x00000000   Number         0  fsl_debug_console.o ABSOLUTE
    F:\Program Filesx86\MDK\ARM\PACK\NXP\MIMXRT1064_DFP\10.0.0\utilities\io\fsl_io.c 0x00000000   Number         0  fsl_io.o ABSOLUTE
    F:\Program Filesx86\MDK\ARM\PACK\NXP\MIMXRT1064_DFP\10.0.0\utilities\log\fsl_log.c 0x00000000   Number         0  fsl_log.o ABSOLUTE
    F:\Program Filesx86\MDK\ARM\PACK\NXP\MIMXRT1064_DFP\10.0.0\utilities\str\fsl_str.c 0x00000000   Number         0  fsl_str.o ABSOLUTE
    F:\Program Filesx86\MDK\ARM\PACK\NXP\MIMXRT1064_DFP\10.0.0\xip\evkmimxrt1064_flexspi_nor_config.c 0x00000000   Number         0  evkmimxrt1064_flexspi_nor_config.o ABSOLUTE
    F:\Program Filesx86\MDK\ARM\PACK\NXP\MIMXRT1064_DFP\10.0.0\xip\evkmimxrt1064_sdram_ini_dcd.c 0x00000000   Number         0  evkmimxrt1064_sdram_ini_dcd.o ABSOLUTE
    F:\Program Filesx86\MDK\ARM\PACK\NXP\MIMXRT1064_DFP\10.0.0\xip\fsl_flexspi_nor_boot.c 0x00000000   Number         0  fsl_flexspi_nor_boot.o ABSOLUTE
    F:\\Program Filesx86\\MDK\\ARM\\PACK\\NXP\\MIMXRT1064_DFP\\10.0.0\\drivers\\fsl_clock.c 0x00000000   Number         0  fsl_clock.o ABSOLUTE
    F:\\Program Filesx86\\MDK\\ARM\\PACK\\NXP\\MIMXRT1064_DFP\\10.0.0\\drivers\\fsl_common.c 0x00000000   Number         0  fsl_common.o ABSOLUTE
    F:\\Program Filesx86\\MDK\\ARM\\PACK\\NXP\\MIMXRT1064_DFP\\10.0.0\\drivers\\fsl_gpio.c 0x00000000   Number         0  fsl_gpio.o ABSOLUTE
    F:\\Program Filesx86\\MDK\\ARM\\PACK\\NXP\\MIMXRT1064_DFP\\10.0.0\\drivers\\fsl_lpuart.c 0x00000000   Number         0  fsl_lpuart.o ABSOLUTE
    F:\\Program Filesx86\\MDK\\ARM\\PACK\\NXP\\MIMXRT1064_DFP\\10.0.0\\utilities\\fsl_assert.c 0x00000000   Number         0  fsl_assert.o ABSOLUTE
    F:\\Program Filesx86\\MDK\\ARM\\PACK\\NXP\\MIMXRT1064_DFP\\10.0.0\\utilities\\fsl_debug_console.c 0x00000000   Number         0  fsl_debug_console.o ABSOLUTE
    F:\\Program Filesx86\\MDK\\ARM\\PACK\\NXP\\MIMXRT1064_DFP\\10.0.0\\utilities\\io\\fsl_io.c 0x00000000   Number         0  fsl_io.o ABSOLUTE
    F:\\Program Filesx86\\MDK\\ARM\\PACK\\NXP\\MIMXRT1064_DFP\\10.0.0\\utilities\\log\\fsl_log.c 0x00000000   Number         0  fsl_log.o ABSOLUTE
    F:\\Program Filesx86\\MDK\\ARM\\PACK\\NXP\\MIMXRT1064_DFP\\10.0.0\\utilities\\str\\fsl_str.c 0x00000000   Number         0  fsl_str.o ABSOLUTE
    F:\\Program Filesx86\\MDK\\ARM\\PACK\\NXP\\MIMXRT1064_DFP\\10.0.0\\xip\\evkmimxrt1064_flexspi_nor_config.c 0x00000000   Number         0  evkmimxrt1064_flexspi_nor_config.o ABSOLUTE
    F:\\Program Filesx86\\MDK\\ARM\\PACK\\NXP\\MIMXRT1064_DFP\\10.0.0\\xip\\fsl_flexspi_nor_boot.c 0x00000000   Number         0  fsl_flexspi_nor_boot.o ABSOLUTE
    RTE\Board_Support\MIMXRT1064DVL6A\board.c 0x00000000   Number         0  board.o ABSOLUTE
    RTE\Board_Support\MIMXRT1064DVL6A\clock_config.c 0x00000000   Number         0  clock_config.o ABSOLUTE
    RTE\Board_Support\MIMXRT1064DVL6A\peripherals.c 0x00000000   Number         0  peripherals.o ABSOLUTE
    RTE\Board_Support\MIMXRT1064DVL6A\pin_mux.c 0x00000000   Number         0  pin_mux.o ABSOLUTE
    RTE\Device\MIMXRT1064DVL6A\startup_MIMXRT1064.s 0x00000000   Number         0  startup_mimxrt1064.o ABSOLUTE
    RTE\Device\MIMXRT1064DVL6A\system_MIMXRT1064.c 0x00000000   Number         0  system_mimxrt1064.o ABSOLUTE
    RTE\\Board_Support\\MIMXRT1064DVL6A\\board.c 0x00000000   Number         0  board.o ABSOLUTE
    RTE\\Board_Support\\MIMXRT1064DVL6A\\clock_config.c 0x00000000   Number         0  clock_config.o ABSOLUTE
    RTE\\Board_Support\\MIMXRT1064DVL6A\\pin_mux.c 0x00000000   Number         0  pin_mux.o ABSOLUTE
    RTE\\Device\\MIMXRT1064DVL6A\\system_MIMXRT1064.c 0x00000000   Number         0  system_mimxrt1064.o ABSOLUTE
    dc.s                                     0x00000000   Number         0  dc.o ABSOLUTE
    handlers.s                               0x00000000   Number         0  handlers.o ABSOLUTE
    init.s                                   0x00000000   Number         0  init.o ABSOLUTE
    .data                                    0x20000000   Section        8  led_blinky.o(.data)
    .data                                    0x20000008   Section        4  fsl_clock.o(.data)
    .data                                    0x2000000c   Section        4  fsl_clock.o(.data)
    .data                                    0x20000010   Section        4  fsl_lpuart.o(.data)
    s_lpuartIsr                              0x20000010   Data           4  fsl_lpuart.o(.data)
    .data                                    0x20000014   Section        8  fsl_io.o(.data)
    s_debugConsoleIO                         0x20000014   Data           8  fsl_io.o(.data)
    .data                                    0x2000001c   Section        4  system_mimxrt1064.o(.data)
    .bss                                     0x20000020   Section       36  fsl_lpuart.o(.bss)
    s_lpuartHandle                           0x20000020   Data          36  fsl_lpuart.o(.bss)
    .boot_hdr.conf                           0x70000000   Section      512  evkmimxrt1064_flexspi_nor_config.o(.boot_hdr.conf)
    .boot_hdr.ivt                            0x70001000   Section       32  fsl_flexspi_nor_boot.o(.boot_hdr.ivt)
    .boot_hdr.boot_data                      0x70001020   Section       16  fsl_flexspi_nor_boot.o(.boot_hdr.boot_data)
    RESET                                    0x70002000   Section     1024  startup_mimxrt1064.o(RESET)
    .ARM.Collect$$$$00000000                 0x70002400   Section        0  entry.o(.ARM.Collect$$$$00000000)
    .ARM.Collect$$$$00000003                 0x70002400   Section        4  entry4.o(.ARM.Collect$$$$00000003)
    .ARM.Collect$$$$00000004                 0x70002404   Section        4  entry5.o(.ARM.Collect$$$$00000004)
    .ARM.Collect$$$$00000008                 0x70002408   Section        0  entry7b.o(.ARM.Collect$$$$00000008)
    .ARM.Collect$$$$0000000A                 0x70002408   Section        0  entry8b.o(.ARM.Collect$$$$0000000A)
    .ARM.Collect$$$$0000000B                 0x70002408   Section        8  entry9a.o(.ARM.Collect$$$$0000000B)
    .ARM.Collect$$$$0000000D                 0x70002410   Section        0  entry10a.o(.ARM.Collect$$$$0000000D)
    .ARM.Collect$$$$0000000F                 0x70002410   Section        0  entry11a.o(.ARM.Collect$$$$0000000F)
    .ARM.Collect$$$$00002714                 0x70002410   Section        4  entry4.o(.ARM.Collect$$$$00002714)
    __lit__00000000                          0x70002410   Data           4  entry4.o(.ARM.Collect$$$$00002714)
    .text                                    0x70002414   Section      484  startup_mimxrt1064.o(.text)
    $v0                                      0x70002414   Number         0  startup_mimxrt1064.o(.text)
    .text                                    0x700025f8   Section        0  uldiv.o(.text)
    .text                                    0x7000265a   Section        0  llshl.o(.text)
    .text                                    0x70002678   Section        0  llushr.o(.text)
    .text                                    0x70002698   Section       36  init.o(.text)
    i.BOARD_BootClockRUN                     0x700026bc   Section        0  clock_config.o(i.BOARD_BootClockRUN)
    i.BOARD_DebugConsoleSrcFreq              0x70002c2c   Section        0  board.o(i.BOARD_DebugConsoleSrcFreq)
    i.BOARD_InitDebugConsole                 0x70002c84   Section        0  board.o(i.BOARD_InitDebugConsole)
    i.BOARD_InitPins                         0x70002ca0   Section        0  pin_mux.o(i.BOARD_InitPins)
    i.CLOCK_ControlGate                      0x70002cc8   Section        0  fsl_lpuart.o(i.CLOCK_ControlGate)
    CLOCK_ControlGate                        0x70002cc9   Thumb Code    30  fsl_lpuart.o(i.CLOCK_ControlGate)
    i.CLOCK_DeinitAudioPll                   0x70002cec   Section        0  fsl_clock.o(i.CLOCK_DeinitAudioPll)
    i.CLOCK_DeinitEnetPll                    0x70002cfc   Section        0  fsl_clock.o(i.CLOCK_DeinitEnetPll)
    i.CLOCK_DeinitUsb2Pll                    0x70002d0c   Section        0  fsl_clock.o(i.CLOCK_DeinitUsb2Pll)
    i.CLOCK_DeinitVideoPll                   0x70002d18   Section        0  fsl_clock.o(i.CLOCK_DeinitVideoPll)
    i.CLOCK_DisableClock                     0x70002d28   Section        0  clock_config.o(i.CLOCK_DisableClock)
    CLOCK_DisableClock                       0x70002d29   Thumb Code    32  clock_config.o(i.CLOCK_DisableClock)
    i.CLOCK_GetDiv                           0x70002d4c   Section        0  board.o(i.CLOCK_GetDiv)
    CLOCK_GetDiv                             0x70002d4d   Thumb Code    24  board.o(i.CLOCK_GetDiv)
    i.CLOCK_GetOscFreq                       0x70002d68   Section        0  fsl_clock.o(i.CLOCK_GetOscFreq)
    CLOCK_GetOscFreq                         0x70002d69   Thumb Code    20  fsl_clock.o(i.CLOCK_GetOscFreq)
    i.CLOCK_GetPllFreq                       0x70002d88   Section        0  fsl_clock.o(i.CLOCK_GetPllFreq)
    i.CLOCK_InitArmPll                       0x70002f7c   Section        0  fsl_clock.o(i.CLOCK_InitArmPll)
    i.CLOCK_InitExternalClk                  0x70002fb8   Section        0  fsl_clock.o(i.CLOCK_InitExternalClk)
    i.CLOCK_InitRcOsc24M                     0x70002fe8   Section        0  fsl_clock.o(i.CLOCK_InitRcOsc24M)
    i.CLOCK_InitSysPfd                       0x70002ffc   Section        0  fsl_clock.o(i.CLOCK_InitSysPfd)
    i.CLOCK_InitSysPll                       0x70003028   Section        0  fsl_clock.o(i.CLOCK_InitSysPll)
    i.CLOCK_SetDiv                           0x70003064   Section        0  clock_config.o(i.CLOCK_SetDiv)
    CLOCK_SetDiv                             0x70003065   Thumb Code    60  clock_config.o(i.CLOCK_SetDiv)
    i.CLOCK_SetMux                           0x700030a4   Section        0  clock_config.o(i.CLOCK_SetMux)
    CLOCK_SetMux                             0x700030a5   Thumb Code    60  clock_config.o(i.CLOCK_SetMux)
    i.CLOCK_SetPllBypass                     0x700030e4   Section        0  clock_config.o(i.CLOCK_SetPllBypass)
    CLOCK_SetPllBypass                       0x700030e5   Thumb Code    22  clock_config.o(i.CLOCK_SetPllBypass)
    i.CLOCK_SwitchOsc                        0x700030fc   Section        0  fsl_clock.o(i.CLOCK_SwitchOsc)
    i.DbgConsole_Init                        0x70003118   Section        0  fsl_debug_console.o(i.DbgConsole_Init)
    i.GPIO_PinInit                           0x70003128   Section        0  fsl_gpio.o(i.GPIO_PinInit)
    i.GPIO_PinSetInterruptConfig             0x7000319c   Section        0  fsl_gpio.o(i.GPIO_PinSetInterruptConfig)
    i.GPIO_PinWrite                          0x7000320a   Section        0  fsl_gpio.o(i.GPIO_PinWrite)
    i.IO_Init                                0x70003220   Section        0  fsl_io.o(i.IO_Init)
    i.LOG_Init                               0x70003264   Section        0  fsl_log.o(i.LOG_Init)
    i.LPUART1_DriverIRQHandler               0x70003280   Section        0  fsl_lpuart.o(i.LPUART1_DriverIRQHandler)
    i.LPUART2_DriverIRQHandler               0x70003298   Section        0  fsl_lpuart.o(i.LPUART2_DriverIRQHandler)
    i.LPUART3_DriverIRQHandler               0x700032b0   Section        0  fsl_lpuart.o(i.LPUART3_DriverIRQHandler)
    i.LPUART4_DriverIRQHandler               0x700032c8   Section        0  fsl_lpuart.o(i.LPUART4_DriverIRQHandler)
    i.LPUART5_DriverIRQHandler               0x700032e0   Section        0  fsl_lpuart.o(i.LPUART5_DriverIRQHandler)
    i.LPUART6_DriverIRQHandler               0x700032f8   Section        0  fsl_lpuart.o(i.LPUART6_DriverIRQHandler)
    i.LPUART7_DriverIRQHandler               0x70003310   Section        0  fsl_lpuart.o(i.LPUART7_DriverIRQHandler)
    i.LPUART8_DriverIRQHandler               0x70003328   Section        0  fsl_lpuart.o(i.LPUART8_DriverIRQHandler)
    i.LPUART_GetDefaultConfig                0x70003340   Section        0  fsl_lpuart.o(i.LPUART_GetDefaultConfig)
    i.LPUART_GetInstance                     0x70003368   Section        0  fsl_lpuart.o(i.LPUART_GetInstance)
    i.LPUART_Init                            0x70003384   Section        0  fsl_lpuart.o(i.LPUART_Init)
    i.SysTick_DelayTicks                     0x70003524   Section        0  led_blinky.o(i.SysTick_DelayTicks)
    i.SysTick_Handler                        0x70003534   Section        0  led_blinky.o(i.SysTick_Handler)
    i.SystemCoreClockUpdate                  0x70003548   Section        0  system_mimxrt1064.o(i.SystemCoreClockUpdate)
    i.SystemInit                             0x70003664   Section        0  system_mimxrt1064.o(i.SystemInit)
    i.SystemInitHook                         0x70003780   Section        0  system_mimxrt1064.o(i.SystemInitHook)
    i.__scatterload_copy                     0x70003782   Section       14  handlers.o(i.__scatterload_copy)
    i.__scatterload_null                     0x70003790   Section        2  handlers.o(i.__scatterload_null)
    i.__scatterload_zeroinit                 0x70003792   Section       14  handlers.o(i.__scatterload_zeroinit)
    i.main                                   0x700037a0   Section        0  led_blinky.o(i.main)
    .constdata                               0x7000383c   Section        3  led_blinky.o(.constdata)
    .constdata                               0x70003840   Section       24  clock_config.o(.constdata)
    .constdata                               0x70003858   Section       16  fsl_clock.o(.constdata)
    .constdata                               0x70003868   Section       52  fsl_gpio.o(.constdata)
    s_gpioBases                              0x70003868   Data          40  fsl_gpio.o(.constdata)
    s_gpioClock                              0x70003890   Data          12  fsl_gpio.o(.constdata)
    .constdata                               0x7000389c   Section       72  fsl_lpuart.o(.constdata)
    s_lpuartBases                            0x7000389c   Data          36  fsl_lpuart.o(.constdata)
    s_lpuartIRQ                              0x700038c0   Data          18  fsl_lpuart.o(.constdata)
    s_lpuartClock                            0x700038d2   Data          18  fsl_lpuart.o(.constdata)
    .constdata                               0x700038e4   Section        1  evkmimxrt1064_sdram_ini_dcd.o(.constdata)

    Global Symbols

    Symbol Name                              Value     Ov Type        Size  Object(Section)

    BuildAttributes$$THM_ISAv4$E$P$D$K$B$S$7EM$VFPv5_D16$PE$PLD8$A:L22UL41UL21$X:L11$S22US41US21$IEEE1$IW$USESV6$~STKCKD$USESV7$~SHL$OSPACE$EBA8$MICROLIB$REQ8$PRES8$EABIv2 0x00000000   Number         0  anon$$obj.o ABSOLUTE
    __ARM_use_no_argv                        0x00000000   Number         0  led_blinky.o ABSOLUTE
    __cpp_initialize__aeabi_                  - Undefined Weak Reference
    __cxa_finalize                            - Undefined Weak Reference
    __decompress                              - Undefined Weak Reference
    _clock_init                               - Undefined Weak Reference
    _microlib_exit                            - Undefined Weak Reference
    __Vectors_Size                           0x00000400   Number         0  startup_mimxrt1064.o ABSOLUTE
    g_pinSet                                 0x20000000   Data           1  led_blinky.o(.data)
    g_systickCounter                         0x20000004   Data           4  led_blinky.o(.data)
    g_xtalFreq                               0x20000008   Data           4  fsl_clock.o(.data)
    g_rtcXtalFreq                            0x2000000c   Data           4  fsl_clock.o(.data)
    SystemCoreClock                          0x2000001c   Data           4  system_mimxrt1064.o(.data)
    Image$$ARM_LIB_HEAP$$ZI$$Base            0x20000044   Number         0  anon$$obj.o ABSOLUTE
    Image$$ARM_LIB_HEAP$$ZI$$Limit           0x20000444   Number         0  anon$$obj.o ABSOLUTE
    Image$$ARM_LIB_STACK$$ZI$$Limit          0x20020000   Number         0  anon$$obj.o ABSOLUTE
    Image$$RW_m_config_text$$Base            0x70000000   Number         0  anon$$obj.o ABSOLUTE
    qspiflash_config                         0x70000000   Data         512  evkmimxrt1064_flexspi_nor_config.o(.boot_hdr.conf)
    image_vector_table                       0x70001000   Data          32  fsl_flexspi_nor_boot.o(.boot_hdr.ivt)
    boot_data                                0x70001020   Data          16  fsl_flexspi_nor_boot.o(.boot_hdr.boot_data)
    __Vectors                                0x70002000   Data           4  startup_mimxrt1064.o(RESET)
    __Vectors_End                            0x70002400   Data           0  startup_mimxrt1064.o(RESET)
    __main                                   0x70002401   Thumb Code     0  entry.o(.ARM.Collect$$$$00000000)
    _main_stk                                0x70002401   Thumb Code     0  entry4.o(.ARM.Collect$$$$00000003)
    _main_scatterload                        0x70002405   Thumb Code     0  entry5.o(.ARM.Collect$$$$00000004)
    __main_after_scatterload                 0x70002409   Thumb Code     0  entry5.o(.ARM.Collect$$$$00000004)
    _main_clock                              0x70002409   Thumb Code     0  entry7b.o(.ARM.Collect$$$$00000008)
    _main_cpp_init                           0x70002409   Thumb Code     0  entry8b.o(.ARM.Collect$$$$0000000A)
    _main_init                               0x70002409   Thumb Code     0  entry9a.o(.ARM.Collect$$$$0000000B)
    __rt_final_cpp                           0x70002411   Thumb Code     0  entry10a.o(.ARM.Collect$$$$0000000D)
    __rt_final_exit                          0x70002411   Thumb Code     0  entry11a.o(.ARM.Collect$$$$0000000F)
    Reset_Handler                            0x70002415   Thumb Code    24  startup_mimxrt1064.o(.text)
    NMI_Handler                              0x7000242d   Thumb Code     2  startup_mimxrt1064.o(.text)
    HardFault_Handler                        0x7000242f   Thumb Code     2  startup_mimxrt1064.o(.text)
    MemManage_Handler                        0x70002431   Thumb Code     2  startup_mimxrt1064.o(.text)
    BusFault_Handler                         0x70002433   Thumb Code     2  startup_mimxrt1064.o(.text)
    UsageFault_Handler                       0x70002435   Thumb Code     2  startup_mimxrt1064.o(.text)
    SVC_Handler                              0x70002437   Thumb Code     2  startup_mimxrt1064.o(.text)
    DebugMon_Handler                         0x70002439   Thumb Code     2  startup_mimxrt1064.o(.text)
    PendSV_Handler                           0x7000243b   Thumb Code     2  startup_mimxrt1064.o(.text)
    DMA0_DMA16_IRQHandler                    0x7000243f   Thumb Code     4  startup_mimxrt1064.o(.text)
    DMA1_DMA17_IRQHandler                    0x70002443   Thumb Code     4  startup_mimxrt1064.o(.text)
    DMA2_DMA18_IRQHandler                    0x70002447   Thumb Code     4  startup_mimxrt1064.o(.text)
    DMA3_DMA19_IRQHandler                    0x7000244b   Thumb Code     4  startup_mimxrt1064.o(.text)
    DMA4_DMA20_IRQHandler                    0x7000244f   Thumb Code     4  startup_mimxrt1064.o(.text)
    DMA5_DMA21_IRQHandler                    0x70002453   Thumb Code     4  startup_mimxrt1064.o(.text)
    DMA6_DMA22_IRQHandler                    0x70002457   Thumb Code     4  startup_mimxrt1064.o(.text)
    DMA7_DMA23_IRQHandler                    0x7000245b   Thumb Code     4  startup_mimxrt1064.o(.text)
    DMA8_DMA24_IRQHandler                    0x7000245f   Thumb Code     4  startup_mimxrt1064.o(.text)
    DMA9_DMA25_IRQHandler                    0x70002463   Thumb Code     4  startup_mimxrt1064.o(.text)
    DMA10_DMA26_IRQHandler                   0x70002467   Thumb Code     4  startup_mimxrt1064.o(.text)
    DMA11_DMA27_IRQHandler                   0x7000246b   Thumb Code     4  startup_mimxrt1064.o(.text)
    DMA12_DMA28_IRQHandler                   0x7000246f   Thumb Code     4  startup_mimxrt1064.o(.text)
    DMA13_DMA29_IRQHandler                   0x70002473   Thumb Code     4  startup_mimxrt1064.o(.text)
    DMA14_DMA30_IRQHandler                   0x70002477   Thumb Code     4  startup_mimxrt1064.o(.text)
    DMA15_DMA31_IRQHandler                   0x7000247b   Thumb Code     4  startup_mimxrt1064.o(.text)
    DMA_ERROR_IRQHandler                     0x7000247f   Thumb Code     4  startup_mimxrt1064.o(.text)
    LPUART1_IRQHandler                       0x70002483   Thumb Code     4  startup_mimxrt1064.o(.text)
    LPUART2_IRQHandler                       0x70002487   Thumb Code     4  startup_mimxrt1064.o(.text)
    LPUART3_IRQHandler                       0x7000248b   Thumb Code     4  startup_mimxrt1064.o(.text)
    LPUART4_IRQHandler                       0x7000248f   Thumb Code     4  startup_mimxrt1064.o(.text)
    LPUART5_IRQHandler                       0x70002493   Thumb Code     4  startup_mimxrt1064.o(.text)
    LPUART6_IRQHandler                       0x70002497   Thumb Code     4  startup_mimxrt1064.o(.text)
    LPUART7_IRQHandler                       0x7000249b   Thumb Code     4  startup_mimxrt1064.o(.text)
    LPUART8_IRQHandler                       0x7000249f   Thumb Code     4  startup_mimxrt1064.o(.text)
    LPI2C1_IRQHandler                        0x700024a3   Thumb Code     4  startup_mimxrt1064.o(.text)
    LPI2C2_IRQHandler                        0x700024a7   Thumb Code     4  startup_mimxrt1064.o(.text)
    LPI2C3_IRQHandler                        0x700024ab   Thumb Code     4  startup_mimxrt1064.o(.text)
    LPI2C4_IRQHandler                        0x700024af   Thumb Code     4  startup_mimxrt1064.o(.text)
    LPSPI1_IRQHandler                        0x700024b3   Thumb Code     4  startup_mimxrt1064.o(.text)
    LPSPI2_IRQHandler                        0x700024b7   Thumb Code     4  startup_mimxrt1064.o(.text)
    LPSPI3_IRQHandler                        0x700024bb   Thumb Code     4  startup_mimxrt1064.o(.text)
    LPSPI4_IRQHandler                        0x700024bf   Thumb Code     4  startup_mimxrt1064.o(.text)
    CAN1_IRQHandler                          0x700024c3   Thumb Code     4  startup_mimxrt1064.o(.text)
    CAN2_IRQHandler                          0x700024c7   Thumb Code     4  startup_mimxrt1064.o(.text)
    SAI1_IRQHandler                          0x700024cb   Thumb Code     4  startup_mimxrt1064.o(.text)
    SAI2_IRQHandler                          0x700024cf   Thumb Code     4  startup_mimxrt1064.o(.text)
    SAI3_RX_IRQHandler                       0x700024d3   Thumb Code     4  startup_mimxrt1064.o(.text)
    SAI3_TX_IRQHandler                       0x700024d7   Thumb Code     4  startup_mimxrt1064.o(.text)
    SPDIF_IRQHandler                         0x700024db   Thumb Code     4  startup_mimxrt1064.o(.text)
    FLEXIO1_IRQHandler                       0x700024df   Thumb Code     4  startup_mimxrt1064.o(.text)
    FLEXIO2_IRQHandler                       0x700024e3   Thumb Code     4  startup_mimxrt1064.o(.text)
    FLEXSPI2_IRQHandler                      0x700024e7   Thumb Code     4  startup_mimxrt1064.o(.text)
    FLEXSPI_IRQHandler                       0x700024eb   Thumb Code     4  startup_mimxrt1064.o(.text)
    USDHC1_IRQHandler                        0x700024ef   Thumb Code     4  startup_mimxrt1064.o(.text)
    USDHC2_IRQHandler                        0x700024f3   Thumb Code     4  startup_mimxrt1064.o(.text)
    ENET_IRQHandler                          0x700024f7   Thumb Code     4  startup_mimxrt1064.o(.text)
    ENET_1588_Timer_IRQHandler               0x700024fb   Thumb Code     4  startup_mimxrt1064.o(.text)
    ENET2_IRQHandler                         0x700024ff   Thumb Code     4  startup_mimxrt1064.o(.text)
    ENET2_1588_Timer_IRQHandler              0x70002503   Thumb Code     4  startup_mimxrt1064.o(.text)
    CAN3_IRQHandler                          0x70002507   Thumb Code     4  startup_mimxrt1064.o(.text)
    FLEXIO3_IRQHandler                       0x7000250b   Thumb Code     4  startup_mimxrt1064.o(.text)
    ACMP1_IRQHandler                         0x7000250f   Thumb Code     0  startup_mimxrt1064.o(.text)
    ACMP2_IRQHandler                         0x7000250f   Thumb Code     0  startup_mimxrt1064.o(.text)
    ACMP3_IRQHandler                         0x7000250f   Thumb Code     0  startup_mimxrt1064.o(.text)
    ACMP4_IRQHandler                         0x7000250f   Thumb Code     0  startup_mimxrt1064.o(.text)
    ADC1_IRQHandler                          0x7000250f   Thumb Code     0  startup_mimxrt1064.o(.text)
    ADC2_IRQHandler                          0x7000250f   Thumb Code     0  startup_mimxrt1064.o(.text)
    ADC_ETC_ERROR_IRQ_IRQHandler             0x7000250f   Thumb Code     0  startup_mimxrt1064.o(.text)
    ADC_ETC_IRQ0_IRQHandler                  0x7000250f   Thumb Code     0  startup_mimxrt1064.o(.text)
    ADC_ETC_IRQ1_IRQHandler                  0x7000250f   Thumb Code     0  startup_mimxrt1064.o(.text)
    ADC_ETC_IRQ2_IRQHandler                  0x7000250f   Thumb Code     0  startup_mimxrt1064.o(.text)
    BEE_IRQHandler                           0x7000250f   Thumb Code     0  startup_mimxrt1064.o(.text)
    CAN1_DriverIRQHandler                    0x7000250f   Thumb Code     0  startup_mimxrt1064.o(.text)
    CAN2_DriverIRQHandler                    0x7000250f   Thumb Code     0  startup_mimxrt1064.o(.text)
    CAN3_DriverIRQHandler                    0x7000250f   Thumb Code     0  startup_mimxrt1064.o(.text)
    CCM_1_IRQHandler                         0x7000250f   Thumb Code     0  startup_mimxrt1064.o(.text)
    CCM_2_IRQHandler                         0x7000250f   Thumb Code     0  startup_mimxrt1064.o(.text)
    CORE_IRQHandler                          0x7000250f   Thumb Code     0  startup_mimxrt1064.o(.text)
    CSI_IRQHandler                           0x7000250f   Thumb Code     0  startup_mimxrt1064.o(.text)
    CSU_IRQHandler                           0x7000250f   Thumb Code     0  startup_mimxrt1064.o(.text)
    CTI0_ERROR_IRQHandler                    0x7000250f   Thumb Code     0  startup_mimxrt1064.o(.text)
    CTI1_ERROR_IRQHandler                    0x7000250f   Thumb Code     0  startup_mimxrt1064.o(.text)
    DCDC_IRQHandler                          0x7000250f   Thumb Code     0  startup_mimxrt1064.o(.text)
    DCP_IRQHandler                           0x7000250f   Thumb Code     0  startup_mimxrt1064.o(.text)
    DCP_VMI_IRQHandler                       0x7000250f   Thumb Code     0  startup_mimxrt1064.o(.text)
    DMA0_DMA16_DriverIRQHandler              0x7000250f   Thumb Code     0  startup_mimxrt1064.o(.text)
    DMA10_DMA26_DriverIRQHandler             0x7000250f   Thumb Code     0  startup_mimxrt1064.o(.text)
    DMA11_DMA27_DriverIRQHandler             0x7000250f   Thumb Code     0  startup_mimxrt1064.o(.text)
    DMA12_DMA28_DriverIRQHandler             0x7000250f   Thumb Code     0  startup_mimxrt1064.o(.text)
    DMA13_DMA29_DriverIRQHandler             0x7000250f   Thumb Code     0  startup_mimxrt1064.o(.text)
    DMA14_DMA30_DriverIRQHandler             0x7000250f   Thumb Code     0  startup_mimxrt1064.o(.text)
    DMA15_DMA31_DriverIRQHandler             0x7000250f   Thumb Code     0  startup_mimxrt1064.o(.text)
    DMA1_DMA17_DriverIRQHandler              0x7000250f   Thumb Code     0  startup_mimxrt1064.o(.text)
    DMA2_DMA18_DriverIRQHandler              0x7000250f   Thumb Code     0  startup_mimxrt1064.o(.text)
    DMA3_DMA19_DriverIRQHandler              0x7000250f   Thumb Code     0  startup_mimxrt1064.o(.text)
    DMA4_DMA20_DriverIRQHandler              0x7000250f   Thumb Code     0  startup_mimxrt1064.o(.text)
    DMA5_DMA21_DriverIRQHandler              0x7000250f   Thumb Code     0  startup_mimxrt1064.o(.text)
    DMA6_DMA22_DriverIRQHandler              0x7000250f   Thumb Code     0  startup_mimxrt1064.o(.text)
    DMA7_DMA23_DriverIRQHandler              0x7000250f   Thumb Code     0  startup_mimxrt1064.o(.text)
    DMA8_DMA24_DriverIRQHandler              0x7000250f   Thumb Code     0  startup_mimxrt1064.o(.text)
    DMA9_DMA25_DriverIRQHandler              0x7000250f   Thumb Code     0  startup_mimxrt1064.o(.text)
    DMA_ERROR_DriverIRQHandler               0x7000250f   Thumb Code     0  startup_mimxrt1064.o(.text)
    DefaultISR                               0x7000250f   Thumb Code     0  startup_mimxrt1064.o(.text)
    ENC1_IRQHandler                          0x7000250f   Thumb Code     0  startup_mimxrt1064.o(.text)
    ENC2_IRQHandler                          0x7000250f   Thumb Code     0  startup_mimxrt1064.o(.text)
    ENC3_IRQHandler                          0x7000250f   Thumb Code     0  startup_mimxrt1064.o(.text)
    ENC4_IRQHandler                          0x7000250f   Thumb Code     0  startup_mimxrt1064.o(.text)
    ENET2_1588_Timer_DriverIRQHandler        0x7000250f   Thumb Code     0  startup_mimxrt1064.o(.text)
    ENET2_DriverIRQHandler                   0x7000250f   Thumb Code     0  startup_mimxrt1064.o(.text)
    ENET_1588_Timer_DriverIRQHandler         0x7000250f   Thumb Code     0  startup_mimxrt1064.o(.text)
    ENET_DriverIRQHandler                    0x7000250f   Thumb Code     0  startup_mimxrt1064.o(.text)
    EWM_IRQHandler                           0x7000250f   Thumb Code     0  startup_mimxrt1064.o(.text)
    FLEXIO1_DriverIRQHandler                 0x7000250f   Thumb Code     0  startup_mimxrt1064.o(.text)
    FLEXIO2_DriverIRQHandler                 0x7000250f   Thumb Code     0  startup_mimxrt1064.o(.text)
    FLEXIO3_DriverIRQHandler                 0x7000250f   Thumb Code     0  startup_mimxrt1064.o(.text)
    FLEXRAM_IRQHandler                       0x7000250f   Thumb Code     0  startup_mimxrt1064.o(.text)
    FLEXSPI2_DriverIRQHandler                0x7000250f   Thumb Code     0  startup_mimxrt1064.o(.text)
    FLEXSPI_DriverIRQHandler                 0x7000250f   Thumb Code     0  startup_mimxrt1064.o(.text)
    GPC_IRQHandler                           0x7000250f   Thumb Code     0  startup_mimxrt1064.o(.text)
    GPIO1_Combined_0_15_IRQHandler           0x7000250f   Thumb Code     0  startup_mimxrt1064.o(.text)
    GPIO1_Combined_16_31_IRQHandler          0x7000250f   Thumb Code     0  startup_mimxrt1064.o(.text)
    GPIO1_INT0_IRQHandler                    0x7000250f   Thumb Code     0  startup_mimxrt1064.o(.text)
    GPIO1_INT1_IRQHandler                    0x7000250f   Thumb Code     0  startup_mimxrt1064.o(.text)
    GPIO1_INT2_IRQHandler                    0x7000250f   Thumb Code     0  startup_mimxrt1064.o(.text)
    GPIO1_INT3_IRQHandler                    0x7000250f   Thumb Code     0  startup_mimxrt1064.o(.text)
    GPIO1_INT4_IRQHandler                    0x7000250f   Thumb Code     0  startup_mimxrt1064.o(.text)
    GPIO1_INT5_IRQHandler                    0x7000250f   Thumb Code     0  startup_mimxrt1064.o(.text)
    GPIO1_INT6_IRQHandler                    0x7000250f   Thumb Code     0  startup_mimxrt1064.o(.text)
    GPIO1_INT7_IRQHandler                    0x7000250f   Thumb Code     0  startup_mimxrt1064.o(.text)
    GPIO2_Combined_0_15_IRQHandler           0x7000250f   Thumb Code     0  startup_mimxrt1064.o(.text)
    GPIO2_Combined_16_31_IRQHandler          0x7000250f   Thumb Code     0  startup_mimxrt1064.o(.text)
    GPIO3_Combined_0_15_IRQHandler           0x7000250f   Thumb Code     0  startup_mimxrt1064.o(.text)
    GPIO3_Combined_16_31_IRQHandler          0x7000250f   Thumb Code     0  startup_mimxrt1064.o(.text)
    GPIO4_Combined_0_15_IRQHandler           0x7000250f   Thumb Code     0  startup_mimxrt1064.o(.text)
    GPIO4_Combined_16_31_IRQHandler          0x7000250f   Thumb Code     0  startup_mimxrt1064.o(.text)
    GPIO5_Combined_0_15_IRQHandler           0x7000250f   Thumb Code     0  startup_mimxrt1064.o(.text)
    GPIO5_Combined_16_31_IRQHandler          0x7000250f   Thumb Code     0  startup_mimxrt1064.o(.text)
    GPIO6_7_8_9_IRQHandler                   0x7000250f   Thumb Code     0  startup_mimxrt1064.o(.text)
    GPR_IRQ_IRQHandler                       0x7000250f   Thumb Code     0  startup_mimxrt1064.o(.text)
    GPT1_IRQHandler                          0x7000250f   Thumb Code     0  startup_mimxrt1064.o(.text)
    GPT2_IRQHandler                          0x7000250f   Thumb Code     0  startup_mimxrt1064.o(.text)
    KPP_IRQHandler                           0x7000250f   Thumb Code     0  startup_mimxrt1064.o(.text)
    LCDIF_IRQHandler                         0x7000250f   Thumb Code     0  startup_mimxrt1064.o(.text)
    LPI2C1_DriverIRQHandler                  0x7000250f   Thumb Code     0  startup_mimxrt1064.o(.text)
    LPI2C2_DriverIRQHandler                  0x7000250f   Thumb Code     0  startup_mimxrt1064.o(.text)
    LPI2C3_DriverIRQHandler                  0x7000250f   Thumb Code     0  startup_mimxrt1064.o(.text)
    LPI2C4_DriverIRQHandler                  0x7000250f   Thumb Code     0  startup_mimxrt1064.o(.text)
    LPSPI1_DriverIRQHandler                  0x7000250f   Thumb Code     0  startup_mimxrt1064.o(.text)
    LPSPI2_DriverIRQHandler                  0x7000250f   Thumb Code     0  startup_mimxrt1064.o(.text)
    LPSPI3_DriverIRQHandler                  0x7000250f   Thumb Code     0  startup_mimxrt1064.o(.text)
    LPSPI4_DriverIRQHandler                  0x7000250f   Thumb Code     0  startup_mimxrt1064.o(.text)
    PIT_IRQHandler                           0x7000250f   Thumb Code     0  startup_mimxrt1064.o(.text)
    PMU_EVENT_IRQHandler                     0x7000250f   Thumb Code     0  startup_mimxrt1064.o(.text)
    PWM1_0_IRQHandler                        0x7000250f   Thumb Code     0  startup_mimxrt1064.o(.text)
    PWM1_1_IRQHandler                        0x7000250f   Thumb Code     0  startup_mimxrt1064.o(.text)
    PWM1_2_IRQHandler                        0x7000250f   Thumb Code     0  startup_mimxrt1064.o(.text)
    PWM1_3_IRQHandler                        0x7000250f   Thumb Code     0  startup_mimxrt1064.o(.text)
    PWM1_FAULT_IRQHandler                    0x7000250f   Thumb Code     0  startup_mimxrt1064.o(.text)
    PWM2_0_IRQHandler                        0x7000250f   Thumb Code     0  startup_mimxrt1064.o(.text)
    PWM2_1_IRQHandler                        0x7000250f   Thumb Code     0  startup_mimxrt1064.o(.text)
    PWM2_2_IRQHandler                        0x7000250f   Thumb Code     0  startup_mimxrt1064.o(.text)
    PWM2_3_IRQHandler                        0x7000250f   Thumb Code     0  startup_mimxrt1064.o(.text)
    PWM2_FAULT_IRQHandler                    0x7000250f   Thumb Code     0  startup_mimxrt1064.o(.text)
    PWM3_0_IRQHandler                        0x7000250f   Thumb Code     0  startup_mimxrt1064.o(.text)
    PWM3_1_IRQHandler                        0x7000250f   Thumb Code     0  startup_mimxrt1064.o(.text)
    PWM3_2_IRQHandler                        0x7000250f   Thumb Code     0  startup_mimxrt1064.o(.text)
    PWM3_3_IRQHandler                        0x7000250f   Thumb Code     0  startup_mimxrt1064.o(.text)
    PWM3_FAULT_IRQHandler                    0x7000250f   Thumb Code     0  startup_mimxrt1064.o(.text)
    PWM4_0_IRQHandler                        0x7000250f   Thumb Code     0  startup_mimxrt1064.o(.text)
    PWM4_1_IRQHandler                        0x7000250f   Thumb Code     0  startup_mimxrt1064.o(.text)
    PWM4_2_IRQHandler                        0x7000250f   Thumb Code     0  startup_mimxrt1064.o(.text)
    PWM4_3_IRQHandler                        0x7000250f   Thumb Code     0  startup_mimxrt1064.o(.text)
    PWM4_FAULT_IRQHandler                    0x7000250f   Thumb Code     0  startup_mimxrt1064.o(.text)
    PXP_IRQHandler                           0x7000250f   Thumb Code     0  startup_mimxrt1064.o(.text)
    RTWDOG_IRQHandler                        0x7000250f   Thumb Code     0  startup_mimxrt1064.o(.text)
    Reserved115_IRQHandler                   0x7000250f   Thumb Code     0  startup_mimxrt1064.o(.text)
    Reserved143_IRQHandler                   0x7000250f   Thumb Code     0  startup_mimxrt1064.o(.text)
    Reserved144_IRQHandler                   0x7000250f   Thumb Code     0  startup_mimxrt1064.o(.text)
    Reserved171_IRQHandler                   0x7000250f   Thumb Code     0  startup_mimxrt1064.o(.text)
    Reserved68_IRQHandler                    0x7000250f   Thumb Code     0  startup_mimxrt1064.o(.text)
    Reserved78_IRQHandler                    0x7000250f   Thumb Code     0  startup_mimxrt1064.o(.text)
    Reserved86_IRQHandler                    0x7000250f   Thumb Code     0  startup_mimxrt1064.o(.text)
    Reserved87_IRQHandler                    0x7000250f   Thumb Code     0  startup_mimxrt1064.o(.text)
    SAI1_DriverIRQHandler                    0x7000250f   Thumb Code     0  startup_mimxrt1064.o(.text)
    SAI2_DriverIRQHandler                    0x7000250f   Thumb Code     0  startup_mimxrt1064.o(.text)
    SAI3_RX_DriverIRQHandler                 0x7000250f   Thumb Code     0  startup_mimxrt1064.o(.text)
    SAI3_TX_DriverIRQHandler                 0x7000250f   Thumb Code     0  startup_mimxrt1064.o(.text)
    SEMC_IRQHandler                          0x7000250f   Thumb Code     0  startup_mimxrt1064.o(.text)
    SJC_IRQHandler                           0x7000250f   Thumb Code     0  startup_mimxrt1064.o(.text)
    SNVS_HP_WRAPPER_IRQHandler               0x7000250f   Thumb Code     0  startup_mimxrt1064.o(.text)
    SNVS_HP_WRAPPER_TZ_IRQHandler            0x7000250f   Thumb Code     0  startup_mimxrt1064.o(.text)
    SNVS_LP_WRAPPER_IRQHandler               0x7000250f   Thumb Code     0  startup_mimxrt1064.o(.text)
    SPDIF_DriverIRQHandler                   0x7000250f   Thumb Code     0  startup_mimxrt1064.o(.text)
    SRC_IRQHandler                           0x7000250f   Thumb Code     0  startup_mimxrt1064.o(.text)
    TEMP_LOW_HIGH_IRQHandler                 0x7000250f   Thumb Code     0  startup_mimxrt1064.o(.text)
    TEMP_PANIC_IRQHandler                    0x7000250f   Thumb Code     0  startup_mimxrt1064.o(.text)
    TMR1_IRQHandler                          0x7000250f   Thumb Code     0  startup_mimxrt1064.o(.text)
    TMR2_IRQHandler                          0x7000250f   Thumb Code     0  startup_mimxrt1064.o(.text)
    TMR3_IRQHandler                          0x7000250f   Thumb Code     0  startup_mimxrt1064.o(.text)
    TMR4_IRQHandler                          0x7000250f   Thumb Code     0  startup_mimxrt1064.o(.text)
    TRNG_IRQHandler                          0x7000250f   Thumb Code     0  startup_mimxrt1064.o(.text)
    TSC_DIG_IRQHandler                       0x7000250f   Thumb Code     0  startup_mimxrt1064.o(.text)
    USB_OTG1_IRQHandler                      0x7000250f   Thumb Code     0  startup_mimxrt1064.o(.text)
    USB_OTG2_IRQHandler                      0x7000250f   Thumb Code     0  startup_mimxrt1064.o(.text)
    USB_PHY1_IRQHandler                      0x7000250f   Thumb Code     0  startup_mimxrt1064.o(.text)
    USB_PHY2_IRQHandler                      0x7000250f   Thumb Code     0  startup_mimxrt1064.o(.text)
    USDHC1_DriverIRQHandler                  0x7000250f   Thumb Code     0  startup_mimxrt1064.o(.text)
    USDHC2_DriverIRQHandler                  0x7000250f   Thumb Code     0  startup_mimxrt1064.o(.text)
    WDOG1_IRQHandler                         0x7000250f   Thumb Code     0  startup_mimxrt1064.o(.text)
    WDOG2_IRQHandler                         0x7000250f   Thumb Code     0  startup_mimxrt1064.o(.text)
    XBAR1_IRQ_0_1_IRQHandler                 0x7000250f   Thumb Code     0  startup_mimxrt1064.o(.text)
    XBAR1_IRQ_2_3_IRQHandler                 0x7000250f   Thumb Code     0  startup_mimxrt1064.o(.text)
    __aeabi_uldivmod                         0x700025f9   Thumb Code    98  uldiv.o(.text)
    __aeabi_llsl                             0x7000265b   Thumb Code    30  llshl.o(.text)
    _ll_shift_l                              0x7000265b   Thumb Code     0  llshl.o(.text)
    __aeabi_llsr                             0x70002679   Thumb Code    32  llushr.o(.text)
    _ll_ushift_r                             0x70002679   Thumb Code     0  llushr.o(.text)
    __scatterload                            0x70002699   Thumb Code    28  init.o(.text)
    __scatterload_rt2                        0x70002699   Thumb Code     0  init.o(.text)
    BOARD_BootClockRUN                       0x700026bd   Thumb Code  1350  clock_config.o(i.BOARD_BootClockRUN)
    BOARD_DebugConsoleSrcFreq                0x70002c2d   Thumb Code    62  board.o(i.BOARD_DebugConsoleSrcFreq)
    BOARD_InitDebugConsole                   0x70002c85   Thumb Code    24  board.o(i.BOARD_InitDebugConsole)
    BOARD_InitPins                           0x70002ca1   Thumb Code    26  pin_mux.o(i.BOARD_InitPins)
    CLOCK_DeinitAudioPll                     0x70002ced   Thumb Code    10  fsl_clock.o(i.CLOCK_DeinitAudioPll)
    CLOCK_DeinitEnetPll                      0x70002cfd   Thumb Code    12  fsl_clock.o(i.CLOCK_DeinitEnetPll)
    CLOCK_DeinitUsb2Pll                      0x70002d0d   Thumb Code     8  fsl_clock.o(i.CLOCK_DeinitUsb2Pll)
    CLOCK_DeinitVideoPll                     0x70002d19   Thumb Code    12  fsl_clock.o(i.CLOCK_DeinitVideoPll)
    CLOCK_GetPllFreq                         0x70002d89   Thumb Code   480  fsl_clock.o(i.CLOCK_GetPllFreq)
    CLOCK_InitArmPll                         0x70002f7d   Thumb Code    54  fsl_clock.o(i.CLOCK_InitArmPll)
    CLOCK_InitExternalClk                    0x70002fb9   Thumb Code    42  fsl_clock.o(i.CLOCK_InitExternalClk)
    CLOCK_InitRcOsc24M                       0x70002fe9   Thumb Code    16  fsl_clock.o(i.CLOCK_InitRcOsc24M)
    CLOCK_InitSysPfd                         0x70002ffd   Thumb Code    40  fsl_clock.o(i.CLOCK_InitSysPfd)
    CLOCK_InitSysPll                         0x70003029   Thumb Code    54  fsl_clock.o(i.CLOCK_InitSysPll)
    CLOCK_SwitchOsc                          0x700030fd   Thumb Code    22  fsl_clock.o(i.CLOCK_SwitchOsc)
    DbgConsole_Init                          0x70003119   Thumb Code    14  fsl_debug_console.o(i.DbgConsole_Init)
    GPIO_PinInit                             0x70003129   Thumb Code   108  fsl_gpio.o(i.GPIO_PinInit)
    GPIO_PinSetInterruptConfig               0x7000319d   Thumb Code   110  fsl_gpio.o(i.GPIO_PinSetInterruptConfig)
    GPIO_PinWrite                            0x7000320b   Thumb Code    20  fsl_gpio.o(i.GPIO_PinWrite)
    IO_Init                                  0x70003221   Thumb Code    62  fsl_io.o(i.IO_Init)
    LOG_Init                                 0x70003265   Thumb Code    28  fsl_log.o(i.LOG_Init)
    LPUART1_DriverIRQHandler                 0x70003281   Thumb Code    12  fsl_lpuart.o(i.LPUART1_DriverIRQHandler)
    LPUART2_DriverIRQHandler                 0x70003299   Thumb Code    12  fsl_lpuart.o(i.LPUART2_DriverIRQHandler)
    LPUART3_DriverIRQHandler                 0x700032b1   Thumb Code    12  fsl_lpuart.o(i.LPUART3_DriverIRQHandler)
    LPUART4_DriverIRQHandler                 0x700032c9   Thumb Code    12  fsl_lpuart.o(i.LPUART4_DriverIRQHandler)
    LPUART5_DriverIRQHandler                 0x700032e1   Thumb Code    12  fsl_lpuart.o(i.LPUART5_DriverIRQHandler)
    LPUART6_DriverIRQHandler                 0x700032f9   Thumb Code    12  fsl_lpuart.o(i.LPUART6_DriverIRQHandler)
    LPUART7_DriverIRQHandler                 0x70003311   Thumb Code    12  fsl_lpuart.o(i.LPUART7_DriverIRQHandler)
    LPUART8_DriverIRQHandler                 0x70003329   Thumb Code    12  fsl_lpuart.o(i.LPUART8_DriverIRQHandler)
    LPUART_GetDefaultConfig                  0x70003341   Thumb Code    38  fsl_lpuart.o(i.LPUART_GetDefaultConfig)
    LPUART_GetInstance                       0x70003369   Thumb Code    24  fsl_lpuart.o(i.LPUART_GetInstance)
    LPUART_Init                              0x70003385   Thumb Code   404  fsl_lpuart.o(i.LPUART_Init)
    SysTick_DelayTicks                       0x70003525   Thumb Code    12  led_blinky.o(i.SysTick_DelayTicks)
    SysTick_Handler                          0x70003535   Thumb Code    16  led_blinky.o(i.SysTick_Handler)
    SystemCoreClockUpdate                    0x70003549   Thumb Code   268  system_mimxrt1064.o(i.SystemCoreClockUpdate)
    SystemInit                               0x70003665   Thumb Code   258  system_mimxrt1064.o(i.SystemInit)
    SystemInitHook                           0x70003781   Thumb Code     2  system_mimxrt1064.o(i.SystemInitHook)
    __scatterload_copy                       0x70003783   Thumb Code    14  handlers.o(i.__scatterload_copy)
    __scatterload_null                       0x70003791   Thumb Code     2  handlers.o(i.__scatterload_null)
    __scatterload_zeroinit                   0x70003793   Thumb Code    14  handlers.o(i.__scatterload_zeroinit)
    main                                     0x700037a1   Thumb Code   136  led_blinky.o(i.main)
    armPllConfig_BOARD_BootClockRUN          0x70003840   Data           8  clock_config.o(.constdata)
    sysPllConfig_BOARD_BootClockRUN          0x70003848   Data          16  clock_config.o(.constdata)
    dcd_data                                 0x700038e4   Data           1  evkmimxrt1064_sdram_ini_dcd.o(.constdata)
    Region$$Table$$Base                      0x700038e8   Number         0  anon$$obj.o(Region$$Table)
    Region$$Table$$Limit                     0x70003908   Number         0  anon$$obj.o(Region$$Table)



==============================================================================

Memory Map of the image

  Image Entry point : 0x70002401

  Load Region LR_m_text (Base: 0x70000000, Size: 0x00003928, Max: 0x00400000, ABSOLUTE)

    Execution Region RW_m_data (Base: 0x20000000, Size: 0x00000044, Max: 0x0001f800, ABSOLUTE)

    Base Addr    Size         Type   Attr      Idx    E Section Name        Object

    0x20000000   0x00000008   Data   RW           10    .data               led_blinky.o
    0x20000008   0x00000004   Data   RW           79    .data               fsl_clock.o
    0x2000000c   0x00000004   Data   RW           80    .data               fsl_clock.o
    0x20000010   0x00000004   Data   RW          133    .data               fsl_lpuart.o
    0x20000014   0x00000008   Data   RW          159    .data               fsl_io.o
    0x2000001c   0x00000004   Data   RW          196    .data               system_mimxrt1064.o
    0x20000020   0x00000024   Zero   RW          131    .bss                fsl_lpuart.o


    Execution Region ARM_LIB_HEAP (Base: 0x20000044, Size: 0x00000400, Max: 0x00000400, ABSOLUTE)

    Base Addr    Size         Type   Attr      Idx    E Section Name        Object

    0x20000044   0x00000400   Zero   RW            1    ARM_LIB_HEAP.bss    anon$$obj.o


    Execution Region ARM_LIB_STACK (Base: 0x2001fc00, Size: 0x00000400, Max: 0x00000400, ABSOLUTE)

    Base Addr    Size         Type   Attr      Idx    E Section Name        Object

    0x2001fc00   0x00000400   Zero   RW            2    ARM_LIB_STACK.bss   anon$$obj.o


    Execution Region RW_m_config_text (Base: 0x70000000, Size: 0x00000200, Max: 0x00001000, ABSOLUTE, FIXED)

    Base Addr    Size         Type   Attr      Idx    E Section Name        Object

    0x70000000   0x00000200   Data   RO          181    .boot_hdr.conf      evkmimxrt1064_flexspi_nor_config.o


    Execution Region RW_m_ivt_text (Base: 0x70001000, Size: 0x00000030, Max: 0x00001000, ABSOLUTE, FIXED)

    Base Addr    Size         Type   Attr      Idx    E Section Name        Object

    0x70001000   0x00000020   Data   RO          187    .boot_hdr.ivt       fsl_flexspi_nor_boot.o
    0x70001020   0x00000010   Data   RO          186    .boot_hdr.boot_data  fsl_flexspi_nor_boot.o


    Execution Region VECTOR_ROM (Base: 0x70002000, Size: 0x00000400, Max: 0x00000400, ABSOLUTE, FIXED)

    Base Addr    Size         Type   Attr      Idx    E Section Name        Object

    0x70002000   0x00000400   Data   RO          188    RESET               startup_mimxrt1064.o


    Execution Region ER_m_text (Base: 0x70002400, Size: 0x00001508, Max: 0x003fdc00, ABSOLUTE, FIXED)

    Base Addr    Size         Type   Attr      Idx    E Section Name        Object

    0x70002400   0x00000000   Code   RO          197  * .ARM.Collect$$$$00000000  mc_w.l(entry.o)
    0x70002400   0x00000004   Code   RO          217    .ARM.Collect$$$$00000003  mc_w.l(entry4.o)
    0x70002404   0x00000004   Code   RO          220    .ARM.Collect$$$$00000004  mc_w.l(entry5.o)
    0x70002408   0x00000000   Code   RO          222    .ARM.Collect$$$$00000008  mc_w.l(entry7b.o)
    0x70002408   0x00000000   Code   RO          224    .ARM.Collect$$$$0000000A  mc_w.l(entry8b.o)
    0x70002408   0x00000008   Code   RO          225    .ARM.Collect$$$$0000000B  mc_w.l(entry9a.o)
    0x70002410   0x00000000   Code   RO          227    .ARM.Collect$$$$0000000D  mc_w.l(entry10a.o)
    0x70002410   0x00000000   Code   RO          229    .ARM.Collect$$$$0000000F  mc_w.l(entry11a.o)
    0x70002410   0x00000004   Code   RO          218    .ARM.Collect$$$$00002714  mc_w.l(entry4.o)
    0x70002414   0x000001e4   Code   RO          189    .text               startup_mimxrt1064.o
    0x700025f8   0x00000062   Code   RO          200    .text               mc_w.l(uldiv.o)
    0x7000265a   0x0000001e   Code   RO          231    .text               mc_w.l(llshl.o)
    0x70002678   0x00000020   Code   RO          232    .text               mc_w.l(llushr.o)
    0x70002698   0x00000024   Code   RO          237    .text               mc_w.l(init.o)
    0x700026bc   0x00000570   Code   RO           22    i.BOARD_BootClockRUN  clock_config.o
    0x70002c2c   0x00000058   Code   RO           14    i.BOARD_DebugConsoleSrcFreq  board.o
    0x70002c84   0x0000001c   Code   RO           15    i.BOARD_InitDebugConsole  board.o
    0x70002ca0   0x00000028   Code   RO           35    i.BOARD_InitPins    pin_mux.o
    0x70002cc8   0x00000024   Code   RO           96    i.CLOCK_ControlGate  fsl_lpuart.o
    0x70002cec   0x00000010   Code   RO           40    i.CLOCK_DeinitAudioPll  fsl_clock.o
    0x70002cfc   0x00000010   Code   RO           41    i.CLOCK_DeinitEnetPll  fsl_clock.o
    0x70002d0c   0x0000000c   Code   RO           48    i.CLOCK_DeinitUsb2Pll  fsl_clock.o
    0x70002d18   0x00000010   Code   RO           49    i.CLOCK_DeinitVideoPll  fsl_clock.o
    0x70002d28   0x00000024   Code   RO           24    i.CLOCK_DisableClock  clock_config.o
    0x70002d4c   0x0000001c   Code   RO           18    i.CLOCK_GetDiv      board.o
    0x70002d68   0x00000020   Code   RO           59    i.CLOCK_GetOscFreq  fsl_clock.o
    0x70002d88   0x000001f4   Code   RO           62    i.CLOCK_GetPllFreq  fsl_clock.o
    0x70002f7c   0x0000003c   Code   RO           66    i.CLOCK_InitArmPll  fsl_clock.o
    0x70002fb8   0x00000030   Code   RO           69    i.CLOCK_InitExternalClk  fsl_clock.o
    0x70002fe8   0x00000014   Code   RO           70    i.CLOCK_InitRcOsc24M  fsl_clock.o
    0x70002ffc   0x0000002c   Code   RO           71    i.CLOCK_InitSysPfd  fsl_clock.o
    0x70003028   0x0000003c   Code   RO           72    i.CLOCK_InitSysPll  fsl_clock.o
    0x70003064   0x00000040   Code   RO           25    i.CLOCK_SetDiv      clock_config.o
    0x700030a4   0x00000040   Code   RO           26    i.CLOCK_SetMux      clock_config.o
    0x700030e4   0x00000016   Code   RO           27    i.CLOCK_SetPllBypass  clock_config.o
    0x700030fa   0x00000002   PAD
    0x700030fc   0x0000001c   Code   RO           77    i.CLOCK_SwitchOsc   fsl_clock.o
    0x70003118   0x0000000e   Code   RO          143    i.DbgConsole_Init   fsl_debug_console.o
    0x70003126   0x00000002   PAD
    0x70003128   0x00000074   Code   RO           89    i.GPIO_PinInit      fsl_gpio.o
    0x7000319c   0x0000006e   Code   RO           90    i.GPIO_PinSetInterruptConfig  fsl_gpio.o
    0x7000320a   0x00000014   Code   RO           91    i.GPIO_PinWrite     fsl_gpio.o
    0x7000321e   0x00000002   PAD
    0x70003220   0x00000044   Code   RO          156    i.IO_Init           fsl_io.o
    0x70003264   0x0000001c   Code   RO          164    i.LOG_Init          fsl_log.o
    0x70003280   0x00000018   Code   RO           97    i.LPUART1_DriverIRQHandler  fsl_lpuart.o
    0x70003298   0x00000018   Code   RO           98    i.LPUART2_DriverIRQHandler  fsl_lpuart.o
    0x700032b0   0x00000018   Code   RO           99    i.LPUART3_DriverIRQHandler  fsl_lpuart.o
    0x700032c8   0x00000018   Code   RO          100    i.LPUART4_DriverIRQHandler  fsl_lpuart.o
    0x700032e0   0x00000018   Code   RO          101    i.LPUART5_DriverIRQHandler  fsl_lpuart.o
    0x700032f8   0x00000018   Code   RO          102    i.LPUART6_DriverIRQHandler  fsl_lpuart.o
    0x70003310   0x00000018   Code   RO          103    i.LPUART7_DriverIRQHandler  fsl_lpuart.o
    0x70003328   0x00000018   Code   RO          104    i.LPUART8_DriverIRQHandler  fsl_lpuart.o
    0x70003340   0x00000026   Code   RO          109    i.LPUART_GetDefaultConfig  fsl_lpuart.o
    0x70003366   0x00000002   PAD
    0x70003368   0x0000001c   Code   RO          111    i.LPUART_GetInstance  fsl_lpuart.o
    0x70003384   0x000001a0   Code   RO          113    i.LPUART_Init       fsl_lpuart.o
    0x70003524   0x00000010   Code   RO            6    i.SysTick_DelayTicks  led_blinky.o
    0x70003534   0x00000014   Code   RO            7    i.SysTick_Handler   led_blinky.o
    0x70003548   0x0000011c   Code   RO          193    i.SystemCoreClockUpdate  system_mimxrt1064.o
    0x70003664   0x0000011c   Code   RO          194    i.SystemInit        system_mimxrt1064.o
    0x70003780   0x00000002   Code   RO          195    i.SystemInitHook    system_mimxrt1064.o
    0x70003782   0x0000000e   Code   RO          240    i.__scatterload_copy  mc_w.l(handlers.o)
    0x70003790   0x00000002   Code   RO          241    i.__scatterload_null  mc_w.l(handlers.o)
    0x70003792   0x0000000e   Code   RO          242    i.__scatterload_zeroinit  mc_w.l(handlers.o)
    0x700037a0   0x0000009c   Code   RO            8    i.main              led_blinky.o
    0x7000383c   0x00000003   Data   RO            9    .constdata          led_blinky.o
    0x7000383f   0x00000001   PAD
    0x70003840   0x00000018   Data   RO           28    .constdata          clock_config.o
    0x70003858   0x00000010   Data   RO           78    .constdata          fsl_clock.o
    0x70003868   0x00000034   Data   RO           92    .constdata          fsl_gpio.o
    0x7000389c   0x00000048   Data   RO          132    .constdata          fsl_lpuart.o
    0x700038e4   0x00000001   Data   RO          182    .constdata          evkmimxrt1064_sdram_ini_dcd.o
    0x700038e5   0x00000003   PAD
    0x700038e8   0x00000020   Data   RO          238    Region$$Table       anon$$obj.o


==============================================================================

Image component sizes


      Code (inc. data)   RO Data    RW Data    ZI Data      Debug   Object Name

       144         34          0          0          0          0   board.o
      1578        200         24          0          0          0   clock_config.o
         0          0        512          0          0          0   evkmimxrt1064_flexspi_nor_config.o
         0          0          1          0          0          0   evkmimxrt1064_sdram_ini_dcd.o
       852         82         16          8          0          0   fsl_clock.o
        14          0          0          0          0          0   fsl_debug_console.o
         0          0         48          0          0          0   fsl_flexspi_nor_boot.o
       246         14         52          0          0          0   fsl_gpio.o
        68          6          0          8          0          0   fsl_io.o
        28          0          0          0          0          0   fsl_log.o
       710        118         72          4         36          0   fsl_lpuart.o
       192         28          3          8          0          0   led_blinky.o
        40         14          0          0          0          0   pin_mux.o
       484        230       1024          0          0          0   startup_mimxrt1064.o
       570         42          0          4          0          0   system_mimxrt1064.o

    ----------------------------------------------------------------------
      4934        768       1788         32       2084          0   Object Totals
         0          0         32          0       2048          0   (incl. Generated)
         8          0          4          0          0          0   (incl. Padding)

    ----------------------------------------------------------------------

      Code (inc. data)   RO Data    RW Data    ZI Data      Debug   Library Member Name

         0          0          0          0          0          0   entry.o
         0          0          0          0          0          0   entry10a.o
         0          0          0          0          0          0   entry11a.o
         8          4          0          0          0          0   entry4.o
         4          0          0          0          0          0   entry5.o
         0          0          0          0          0          0   entry7b.o
         0          0          0          0          0          0   entry8b.o
         8          4          0          0          0          0   entry9a.o
        30          0          0          0          0          0   handlers.o
        36          8          0          0          0          0   init.o
        30          0          0          0          0          0   llshl.o
        32          0          0          0          0          0   llushr.o
        98          0          0          0          0          0   uldiv.o

    ----------------------------------------------------------------------
       246         16          0          0          0          0   Library Totals
         0          0          0          0          0          0   (incl. Padding)

    ----------------------------------------------------------------------

      Code (inc. data)   RO Data    RW Data    ZI Data      Debug   Library Name

       246         16          0          0          0          0   mc_w.l

    ----------------------------------------------------------------------
       246         16          0          0          0          0   Library Totals

    ----------------------------------------------------------------------

==============================================================================


      Code (inc. data)   RO Data    RW Data    ZI Data      Debug   

      5180        784       1788         32       2084          0   Grand Totals
      5180        784       1788         32       2084          0   ELF Image Totals
      5180        784       1788         32          0          0   ROM Totals

==============================================================================

    Total RO  Size (Code + RO Data)                 6968 (   6.80kB)
    Total RW  Size (RW Data + ZI Data)              2116 (   2.07kB)
    Total ROM Size (Code + RO Data + RW Data)       7000 (   6.84kB)

==============================================================================

