<html>
<body>
<pre>
<h1>µVision Build Log</h1>
<h2>Tool Versions:</h2>
IDE-Version: ¦ÌVision V5.24.2.0
Copyright (C) 2017 ARM Ltd and ARM Germany GmbH. All rights reserved.
License Information: Jone Wu, nxp, LIC=FQQBS-LYBVS-TJZ6H-WIA6W-FH8EV-D881Y
 
Tool Versions:
Toolchain:       MDK-ARM Professional  Version: 5.24.1
Toolchain Path:  F:\Program Filesx86\MDK\ARM\ARMCC\Bin
C Compiler:      Armcc.exe V5.06 update 5 (build 528)
Assembler:       Armasm.exe V5.06 update 5 (build 528)
Linker/Locator:  ArmLink.exe V5.06 update 5 (build 528)
Library Manager: ArmAr.exe V5.06 update 5 (build 528)
Hex Converter:   FromElf.exe V5.06 update 5 (build 528)
CPU DLL:         SARMCM3.DLL V5.24.1
Dialog DLL:      DCM.DLL V1.16.0.0
Target DLL:      UL2CM3.DLL V1.160.3.0
Dialog DLL:      TCM.DLL V1.32.0.0
 
<h2>Project:</h2>
D:\code\c_language\data-struct\rtos_demo\Project\rtos_demo.uvprojx
Project File Date:  08/29/2019

<h2>Output:</h2>
*** Using Compiler 'V5.06 update 5 (build 528)', folder: 'F:\Program Filesx86\MDK\ARM\ARMCC\Bin'
Rebuild target 'Target 1'
compiling main.c...
assembling startup_ARMCM7.s...
compiling list.c...
..\freertos\list.c(27): warning:  #1-D: last line of file ends without a newline
  }
..\freertos\list.c: 1 warning, 0 errors
compiling system_ARMCM7.c...
linking...
Program Size: Code=380 RO-data=224 RW-data=4 ZI-data=4196  
".\Objects\rtos_demo.axf" - 0 Error(s), 1 Warning(s).

<h2>Software Packages used:</h2>

Package Vendor: ARM
                http://www.keil.com/pack/ARM.CMSIS.5.0.1.pack
                ARM.CMSIS.5.0.1
                CMSIS (Cortex Microcontroller Software Interface Standard)
   * Component: Startup Version: 1.0.1
   * Component: CORE Version: 5.0.1

<h2>Collection of Component include folders:</h2>
  .\RTE\_Target_1
  F:\Program Filesx86\MDK\ARM\PACK\ARM\CMSIS\5.0.1\CMSIS\Include
  F:\Program Filesx86\MDK\ARM\PACK\ARM\CMSIS\5.0.1\Device\ARM\ARMCM7\Include

<h2>Collection of Component Files used:</h2>

   * Component: ARM::Device:Startup:1.0.1
      Source file:   Device\ARM\ARMCM7\Source\system_ARMCM7.c
      Source file:   Device\ARM\ARMCM7\Source\ARM\startup_ARMCM7.s

   * Component: ARM::CMSIS:CORE:5.0.1
Build Time Elapsed:  00:00:04
</pre>
</body>
</html>
