Information: Updating design information... (UID-85)
Performing power analysis through design. (low effort)
Warning: There are sequential cells with no output activity annotation. (PWR-96)
Warning: Sequential cell p_wr_reg[2] with no output activity annotation. (PWR-81)
Warning: Sequential cell p_wr_reg[3] with no output activity annotation. (PWR-81)
Warning: Sequential cell p_rd_reg[3] with no output activity annotation. (PWR-81)
Warning: Sequential cell p_rd_reg[0] with no output activity annotation. (PWR-81)
Warning: Sequential cell p_wr_reg[1] with no output activity annotation. (PWR-81)
Warning: Sequential cell p_wr_reg[0] with no output activity annotation. (PWR-81)
Warning: Sequential cell p_rd_reg[2] with no output activity annotation. (PWR-81)
Warning: Sequential cell p_rd_reg[1] with no output activity annotation. (PWR-81)
Warning: Sequential cell full_reg with no output activity annotation. (PWR-81)
Warning: Sequential cell do_reg[1] with no output activity annotation. (PWR-81)
Warning: Sequential cell do_reg[0] with no output activity annotation. (PWR-81)
Warning: Sequential cell do_reg[2] with no output activity annotation. (PWR-81)
Warning: Sequential cell do_reg[4] with no output activity annotation. (PWR-81)
Warning: Sequential cell do_reg[6] with no output activity annotation. (PWR-81)
Warning: Sequential cell do_reg[7] with no output activity annotation. (PWR-81)
Warning: Sequential cell do_reg[5] with no output activity annotation. (PWR-81)
Warning: Sequential cell do_reg[3] with no output activity annotation. (PWR-81)
Warning: Sequential cell empty_reg with no output activity annotation. (PWR-81)
Warning: Sequential cell fifo_regs/re14_reg[0] with no output activity annotation. (PWR-81)
Warning: Sequential cell fifo_regs/re14_reg[1] with no output activity annotation. (PWR-81)
Warning: Sequential cell fifo_regs/re14_reg[2] with no output activity annotation. (PWR-81)
Warning: Sequential cell fifo_regs/re14_reg[3] with no output activity annotation. (PWR-81)
Warning: Sequential cell fifo_regs/re14_reg[4] with no output activity annotation. (PWR-81)
Warning: Sequential cell fifo_regs/re14_reg[5] with no output activity annotation. (PWR-81)
Warning: Sequential cell fifo_regs/re14_reg[6] with no output activity annotation. (PWR-81)
Warning: Sequential cell fifo_regs/re14_reg[7] with no output activity annotation. (PWR-81)
Warning: Sequential cell fifo_regs/re13_reg[0] with no output activity annotation. (PWR-81)
Warning: Sequential cell fifo_regs/re13_reg[1] with no output activity annotation. (PWR-81)
Warning: Sequential cell fifo_regs/re13_reg[2] with no output activity annotation. (PWR-81)
Warning: Sequential cell fifo_regs/re13_reg[3] with no output activity annotation. (PWR-81)
Warning: Sequential cell fifo_regs/re13_reg[4] with no output activity annotation. (PWR-81)
Warning: Sequential cell fifo_regs/re13_reg[5] with no output activity annotation. (PWR-81)
Warning: Sequential cell fifo_regs/re13_reg[6] with no output activity annotation. (PWR-81)
Warning: Sequential cell fifo_regs/re13_reg[7] with no output activity annotation. (PWR-81)
Warning: Sequential cell fifo_regs/re12_reg[0] with no output activity annotation. (PWR-81)
Warning: Sequential cell fifo_regs/re12_reg[1] with no output activity annotation. (PWR-81)
Warning: Sequential cell fifo_regs/re12_reg[2] with no output activity annotation. (PWR-81)
Warning: Sequential cell fifo_regs/re12_reg[3] with no output activity annotation. (PWR-81)
Warning: Sequential cell fifo_regs/re12_reg[4] with no output activity annotation. (PWR-81)
Warning: Sequential cell fifo_regs/re12_reg[5] with no output activity annotation. (PWR-81)
Warning: Sequential cell fifo_regs/re12_reg[6] with no output activity annotation. (PWR-81)
Warning: Sequential cell fifo_regs/re12_reg[7] with no output activity annotation. (PWR-81)
Warning: Sequential cell fifo_regs/re11_reg[0] with no output activity annotation. (PWR-81)
Warning: Sequential cell fifo_regs/re11_reg[1] with no output activity annotation. (PWR-81)
Warning: Sequential cell fifo_regs/re11_reg[2] with no output activity annotation. (PWR-81)
Warning: Sequential cell fifo_regs/re11_reg[3] with no output activity annotation. (PWR-81)
Warning: Sequential cell fifo_regs/re11_reg[4] with no output activity annotation. (PWR-81)
Warning: Sequential cell fifo_regs/re11_reg[5] with no output activity annotation. (PWR-81)
Warning: Sequential cell fifo_regs/re11_reg[6] with no output activity annotation. (PWR-81)
Warning: Sequential cell fifo_regs/re11_reg[7] with no output activity annotation. (PWR-81)
Warning: Sequential cell fifo_regs/re10_reg[0] with no output activity annotation. (PWR-81)
Warning: Sequential cell fifo_regs/re10_reg[1] with no output activity annotation. (PWR-81)
Warning: Sequential cell fifo_regs/re10_reg[2] with no output activity annotation. (PWR-81)
Warning: Sequential cell fifo_regs/re10_reg[3] with no output activity annotation. (PWR-81)
Warning: Sequential cell fifo_regs/re10_reg[4] with no output activity annotation. (PWR-81)
Warning: Sequential cell fifo_regs/re10_reg[5] with no output activity annotation. (PWR-81)
Warning: Sequential cell fifo_regs/re10_reg[6] with no output activity annotation. (PWR-81)
Warning: Sequential cell fifo_regs/re10_reg[7] with no output activity annotation. (PWR-81)
Warning: Sequential cell fifo_regs/re9_reg[0] with no output activity annotation. (PWR-81)
Warning: Sequential cell fifo_regs/re9_reg[1] with no output activity annotation. (PWR-81)
Warning: Sequential cell fifo_regs/re9_reg[2] with no output activity annotation. (PWR-81)
Warning: Sequential cell fifo_regs/re9_reg[3] with no output activity annotation. (PWR-81)
Warning: Sequential cell fifo_regs/re9_reg[4] with no output activity annotation. (PWR-81)
Warning: Sequential cell fifo_regs/re9_reg[5] with no output activity annotation. (PWR-81)
Warning: Sequential cell fifo_regs/re9_reg[6] with no output activity annotation. (PWR-81)
Warning: Sequential cell fifo_regs/re9_reg[7] with no output activity annotation. (PWR-81)
Warning: Sequential cell fifo_regs/re8_reg[0] with no output activity annotation. (PWR-81)
Warning: Sequential cell fifo_regs/re8_reg[1] with no output activity annotation. (PWR-81)
Warning: Sequential cell fifo_regs/re8_reg[2] with no output activity annotation. (PWR-81)
Warning: Sequential cell fifo_regs/re8_reg[3] with no output activity annotation. (PWR-81)
Warning: Sequential cell fifo_regs/re8_reg[4] with no output activity annotation. (PWR-81)
Warning: Sequential cell fifo_regs/re8_reg[5] with no output activity annotation. (PWR-81)
Warning: Sequential cell fifo_regs/re8_reg[6] with no output activity annotation. (PWR-81)
Warning: Sequential cell fifo_regs/re8_reg[7] with no output activity annotation. (PWR-81)
Warning: Sequential cell fifo_regs/re7_reg[0] with no output activity annotation. (PWR-81)
Warning: Sequential cell fifo_regs/re7_reg[1] with no output activity annotation. (PWR-81)
Warning: Sequential cell fifo_regs/re7_reg[2] with no output activity annotation. (PWR-81)
Warning: Sequential cell fifo_regs/re7_reg[3] with no output activity annotation. (PWR-81)
Warning: Sequential cell fifo_regs/re7_reg[4] with no output activity annotation. (PWR-81)
Warning: Sequential cell fifo_regs/re7_reg[5] with no output activity annotation. (PWR-81)
Warning: Sequential cell fifo_regs/re7_reg[6] with no output activity annotation. (PWR-81)
Warning: Sequential cell fifo_regs/re7_reg[7] with no output activity annotation. (PWR-81)
Warning: Sequential cell fifo_regs/re6_reg[0] with no output activity annotation. (PWR-81)
Warning: Sequential cell fifo_regs/re6_reg[1] with no output activity annotation. (PWR-81)
Warning: Sequential cell fifo_regs/re6_reg[2] with no output activity annotation. (PWR-81)
Warning: Sequential cell fifo_regs/re6_reg[3] with no output activity annotation. (PWR-81)
Warning: Sequential cell fifo_regs/re6_reg[4] with no output activity annotation. (PWR-81)
Warning: Sequential cell fifo_regs/re6_reg[5] with no output activity annotation. (PWR-81)
Warning: Sequential cell fifo_regs/re6_reg[6] with no output activity annotation. (PWR-81)
Warning: Sequential cell fifo_regs/re6_reg[7] with no output activity annotation. (PWR-81)
Warning: Sequential cell fifo_regs/re5_reg[0] with no output activity annotation. (PWR-81)
Warning: Sequential cell fifo_regs/re5_reg[1] with no output activity annotation. (PWR-81)
Warning: Sequential cell fifo_regs/re5_reg[2] with no output activity annotation. (PWR-81)
Warning: Sequential cell fifo_regs/re5_reg[3] with no output activity annotation. (PWR-81)
Warning: Sequential cell fifo_regs/re5_reg[4] with no output activity annotation. (PWR-81)
Warning: Sequential cell fifo_regs/re5_reg[5] with no output activity annotation. (PWR-81)
Warning: Sequential cell fifo_regs/re5_reg[6] with no output activity annotation. (PWR-81)
Warning: Sequential cell fifo_regs/re5_reg[7] with no output activity annotation. (PWR-81)
Warning: Sequential cell fifo_regs/re4_reg[0] with no output activity annotation. (PWR-81)
Warning: Sequential cell fifo_regs/re4_reg[1] with no output activity annotation. (PWR-81)
Warning: Sequential cell fifo_regs/re4_reg[2] with no output activity annotation. (PWR-81)
Warning: Sequential cell fifo_regs/re4_reg[3] with no output activity annotation. (PWR-81)
Warning: Sequential cell fifo_regs/re4_reg[4] with no output activity annotation. (PWR-81)
Warning: Sequential cell fifo_regs/re4_reg[5] with no output activity annotation. (PWR-81)
Warning: Sequential cell fifo_regs/re4_reg[6] with no output activity annotation. (PWR-81)
Warning: Sequential cell fifo_regs/re4_reg[7] with no output activity annotation. (PWR-81)
Warning: Sequential cell fifo_regs/re3_reg[0] with no output activity annotation. (PWR-81)
Warning: Sequential cell fifo_regs/re3_reg[1] with no output activity annotation. (PWR-81)
Warning: Sequential cell fifo_regs/re3_reg[2] with no output activity annotation. (PWR-81)
Warning: Sequential cell fifo_regs/re3_reg[3] with no output activity annotation. (PWR-81)
Warning: Sequential cell fifo_regs/re3_reg[4] with no output activity annotation. (PWR-81)
Warning: Sequential cell fifo_regs/re3_reg[5] with no output activity annotation. (PWR-81)
Warning: Sequential cell fifo_regs/re3_reg[6] with no output activity annotation. (PWR-81)
Warning: Sequential cell fifo_regs/re3_reg[7] with no output activity annotation. (PWR-81)
Warning: Sequential cell fifo_regs/re2_reg[0] with no output activity annotation. (PWR-81)
Warning: Sequential cell fifo_regs/re2_reg[1] with no output activity annotation. (PWR-81)
Warning: Sequential cell fifo_regs/re2_reg[2] with no output activity annotation. (PWR-81)
Warning: Sequential cell fifo_regs/re2_reg[3] with no output activity annotation. (PWR-81)
Warning: Sequential cell fifo_regs/re2_reg[4] with no output activity annotation. (PWR-81)
Warning: Sequential cell fifo_regs/re2_reg[5] with no output activity annotation. (PWR-81)
Warning: Sequential cell fifo_regs/re2_reg[6] with no output activity annotation. (PWR-81)
Warning: Sequential cell fifo_regs/re2_reg[7] with no output activity annotation. (PWR-81)
Warning: Sequential cell fifo_regs/re1_reg[0] with no output activity annotation. (PWR-81)
Warning: Sequential cell fifo_regs/re1_reg[1] with no output activity annotation. (PWR-81)
Warning: Sequential cell fifo_regs/re1_reg[2] with no output activity annotation. (PWR-81)
Warning: Sequential cell fifo_regs/re1_reg[3] with no output activity annotation. (PWR-81)
Warning: Sequential cell fifo_regs/re1_reg[4] with no output activity annotation. (PWR-81)
Warning: Sequential cell fifo_regs/re1_reg[5] with no output activity annotation. (PWR-81)
Warning: Sequential cell fifo_regs/re1_reg[6] with no output activity annotation. (PWR-81)
Warning: Sequential cell fifo_regs/re1_reg[7] with no output activity annotation. (PWR-81)
Warning: Sequential cell fifo_regs/re0_reg[0] with no output activity annotation. (PWR-81)
Warning: Sequential cell fifo_regs/re0_reg[1] with no output activity annotation. (PWR-81)
Warning: Sequential cell fifo_regs/re0_reg[2] with no output activity annotation. (PWR-81)
Warning: Sequential cell fifo_regs/re0_reg[3] with no output activity annotation. (PWR-81)
Warning: Sequential cell fifo_regs/re0_reg[4] with no output activity annotation. (PWR-81)
Warning: Sequential cell fifo_regs/re0_reg[5] with no output activity annotation. (PWR-81)
Warning: Sequential cell fifo_regs/re0_reg[6] with no output activity annotation. (PWR-81)
Warning: Sequential cell fifo_regs/re0_reg[7] with no output activity annotation. (PWR-81)
Warning: Sequential cell fifo_regs/re15_reg[0] with no output activity annotation. (PWR-81)
Warning: Sequential cell fifo_regs/re15_reg[1] with no output activity annotation. (PWR-81)
Warning: Sequential cell fifo_regs/re15_reg[2] with no output activity annotation. (PWR-81)
Warning: Sequential cell fifo_regs/re15_reg[3] with no output activity annotation. (PWR-81)
Warning: Sequential cell fifo_regs/re15_reg[4] with no output activity annotation. (PWR-81)
Warning: Sequential cell fifo_regs/re15_reg[5] with no output activity annotation. (PWR-81)
Warning: Sequential cell fifo_regs/re15_reg[6] with no output activity annotation. (PWR-81)
Warning: Sequential cell fifo_regs/re15_reg[7] with no output activity annotation. (PWR-81)
 
****************************************
Report : power
	-analysis_effort low
Design : fifo16x8
Version: 2003.03
Date   : Sun Apr  5 11:47:55 2009
****************************************


Library(s) Used:

    fsa0a_c_sc_tc (File: /usr/iclib/fsa0a_c/2004Q4v1.1/SC/FrontEnd/synopsys/fsa0a_c_sc_tc.db)


Operating Conditions: TCCOM   Library: fsa0a_c_sc_tc
Wire Load Model Mode: top

Design        Wire Load Model            Library
------------------------------------------------
fifo16x8               G5K               fsa0a_c_sc_tc


Global Operating Voltage = 1.8  
Power-specific unit information :
    Voltage Units = 1V
    Capacitance Units = 1.000000pf
    Time Units = 1ns
    Dynamic Power Units = 1mW    (derived from V,C,T units)
    Leakage Power Units = 1pW


  Cell Internal Power  = 668.8909 uW   (49%)
  Net Switching Power  = 705.2502 uW   (51%)
                         ---------
Total Dynamic Power    =   1.3741 mW  (100%)

Cell Leakage Power     =  77.6272 nW

1
