         OVL_INFO : ASSERT_NEVER : nvr_3_test_expr should be permanently low : Test expression is not FALSE : severity 3 : time 2500 : tb_assert_simulation.DUT.u_nvr_3.ovl_error_t
         OVL_INFO : ASSERT_NEVER : nvr_3_test_expr should be permanently low : Test expression is not FALSE : severity 3 : time 2600 : tb_assert_simulation.DUT.u_nvr_3.ovl_error_t
         OVL_INFO : ASSERT_NEVER : nvr_3_test_expr should be permanently low : test_expr contains X or Z : severity 3 : time 2500 : tb_assert_simulation.DUT.u_nvr_3.ovl_error_t
        OVL_ERROR : ASSERT_ALWAYS : alw_1_test_expr should be permanently high : Test expression is FALSE : severity 1 : time 1100 : tb_assert_simulation.DUT.u_alw_1.ovl_error_t
        OVL_ERROR : ASSERT_ALWAYS : alw_1_test_expr should be permanently high : Test expression is FALSE : severity 1 : time 1200 : tb_assert_simulation.DUT.u_alw_1.ovl_error_t
        OVL_ERROR : ASSERT_ALWAYS : alw_1_test_expr should be permanently high : test_expr contains X or Z : severity 1 : time 1100 : tb_assert_simulation.DUT.u_alw_1.ovl_error_t
        OVL_ERROR : ASSERT_ALWAYS : alw_4_test_expr should be permanently high : Test expression is FALSE : severity 1 : time 1100 : tb_assert_simulation.DUT.u_alw_4.ovl_error_t
        OVL_ERROR : ASSERT_ALWAYS : alw_4_test_expr should be permanently high : Test expression is FALSE : severity 1 : time 1200 : tb_assert_simulation.DUT.u_alw_4.ovl_error_t
        OVL_ERROR : ASSERT_ALWAYS_ON_EDGE : aoe_1_test_expr should be permanently high : Test expression is FALSE irrespective of sampling event : severity 1 : time 5500 : tb_assert_simulation.DUT.u_aoe_1.ovl_error_t
        OVL_ERROR : ASSERT_ALWAYS_ON_EDGE : aoe_1_test_expr should be permanently high : Test expression is FALSE irrespective of sampling event : severity 1 : time 5600 : tb_assert_simulation.DUT.u_aoe_1.ovl_error_t
        OVL_ERROR : ASSERT_ALWAYS_ON_EDGE : aoe_1_test_expr should be permanently high : Test expression is FALSE irrespective of sampling event : severity 1 : time 5700 : tb_assert_simulation.DUT.u_aoe_1.ovl_error_t
        OVL_ERROR : ASSERT_ALWAYS_ON_EDGE : aoe_1_test_expr should be permanently high : test_expr contains X or Z : severity 1 : time 5500 : tb_assert_simulation.DUT.u_aoe_1.ovl_error_t
        OVL_ERROR : ASSERT_ALWAYS_ON_EDGE : aoe_1_test_expr should be permanently high : test_expr contains X or Z : severity 1 : time 5600 : tb_assert_simulation.DUT.u_aoe_1.ovl_error_t
        OVL_ERROR : ASSERT_ALWAYS_ON_EDGE : aoe_2_test_expr should be high on posedge : Test expression is FALSE on posedge of sampling event : severity 1 : time 5600 : tb_assert_simulation.DUT.u_aoe_2.ovl_error_t
        OVL_ERROR : ASSERT_ALWAYS_ON_EDGE : aoe_2_test_expr should be high on posedge : sampling_event contains X or Z : severity 1 : time 5900 : tb_assert_simulation.DUT.u_aoe_2.ovl_error_t
        OVL_ERROR : ASSERT_ALWAYS_ON_EDGE : aoe_2_test_expr should be high on posedge : sampling_event contains X or Z : severity 1 : time 6000 : tb_assert_simulation.DUT.u_aoe_2.ovl_error_t
        OVL_ERROR : ASSERT_ALWAYS_ON_EDGE : aoe_2_test_expr should be high on posedge : test_expr contains X or Z : severity 1 : time 5600 : tb_assert_simulation.DUT.u_aoe_2.ovl_error_t
        OVL_ERROR : ASSERT_ALWAYS_ON_EDGE : aoe_3_test_expr should be high on negedge :  sampling_event contains X or Z  : severity 1 : time 6000 : tb_assert_simulation.DUT.u_aoe_3.ovl_error_t
        OVL_ERROR : ASSERT_ALWAYS_ON_EDGE : aoe_3_test_expr should be high on negedge : Test expression is FALSE on negedge of sampling event : severity 1 : time 5600 : tb_assert_simulation.DUT.u_aoe_3.ovl_error_t
        OVL_ERROR : ASSERT_ALWAYS_ON_EDGE : aoe_3_test_expr should be high on negedge : sampling_event contains X or Z : severity 1 : time 5900 : tb_assert_simulation.DUT.u_aoe_3.ovl_error_t
        OVL_ERROR : ASSERT_ALWAYS_ON_EDGE : aoe_3_test_expr should be high on negedge : test_expr contains X or Z : severity 1 : time 5600 : tb_assert_simulation.DUT.u_aoe_3.ovl_error_t
        OVL_ERROR : ASSERT_ALWAYS_ON_EDGE : aoe_4_test_expr should be high on any edge : Test expression is FALSE on any edge of sampling event : severity 1 : time 5600 : tb_assert_simulation.DUT.u_aoe_4.ovl_error_t
        OVL_ERROR : ASSERT_ALWAYS_ON_EDGE : aoe_4_test_expr should be high on any edge : sampling_event contains X or Z : severity 1 : time 5900 : tb_assert_simulation.DUT.u_aoe_4.ovl_error_t
        OVL_ERROR : ASSERT_ALWAYS_ON_EDGE : aoe_4_test_expr should be high on any edge : sampling_event contains X or Z : severity 1 : time 6000 : tb_assert_simulation.DUT.u_aoe_4.ovl_error_t
        OVL_ERROR : ASSERT_ALWAYS_ON_EDGE : aoe_4_test_expr should be high on any edge : test_expr contains X or Z : severity 1 : time 5600 : tb_assert_simulation.DUT.u_aoe_4.ovl_error_t
        OVL_ERROR : ASSERT_CHANGE : chg_1_test_expr should change within num_cks of start_event : Test expression did not change value within num_cks cycles after start event : severity 1 : time 9900 : tb_assert_simulation.DUT.u_chg_1.ovl_error_t
        OVL_ERROR : ASSERT_CYCLE_SEQUENCE : csq_1_event_sequence[0] should be high at end of sequence : First num_cks-1 events occured but they are not followed by the last event in sequence : severity 1 : time 10100 : tb_assert_simulation.DUT.u_csq_1.ovl_error_t
        OVL_ERROR : ASSERT_DECREMENT : dec_1_test_expr should decrement by 1 : Test expression is decreased by a value other than specified : severity 1 : time 6100 : tb_assert_simulation.DUT.u_dec_1.ovl_error_t
        OVL_ERROR : ASSERT_DECREMENT : dec_2_test_expr should decrement by 2 : Test expression is decreased by a value other than specified : severity 1 : time 6100 : tb_assert_simulation.DUT.u_dec_2.ovl_error_t
        OVL_ERROR : ASSERT_DELTA : dlt_1_test_expr should change by 2 to 4 : Test expression changed by a delta value not in the range specified by min and max : severity 1 : time 6700 : tb_assert_simulation.DUT.u_dlt_1.ovl_error_t
        OVL_ERROR : ASSERT_DELTA : dlt_1_test_expr should change by 2 to 4 : Test expression changed by a delta value not in the range specified by min and max : severity 1 : time 6800 : tb_assert_simulation.DUT.u_dlt_1.ovl_error_t
        OVL_ERROR : ASSERT_DELTA : dlt_1_test_expr should change by 2 to 4 : Test expression changed by a delta value not in the range specified by min and max : severity 1 : time 7000 : tb_assert_simulation.DUT.u_dlt_1.ovl_error_t
        OVL_ERROR : ASSERT_EVEN_PARITY : evp_1_test_expr should have an even number of bits asserted : Test expression does not exhibit even parity : severity 1 : time 1400 : tb_assert_simulation.DUT.u_evp_1.ovl_error_t
        OVL_ERROR : ASSERT_EVEN_PARITY : evp_1_test_expr should have an even number of bits asserted : Test expression does not exhibit even parity : severity 1 : time 1500 : tb_assert_simulation.DUT.u_evp_1.ovl_error_t
        OVL_ERROR : ASSERT_EVEN_PARITY : evp_1_test_expr should have an even number of bits asserted : test_expr contains X or Z : severity 1 : time 1400 : tb_assert_simulation.DUT.u_evp_1.ovl_error_t
        OVL_ERROR : ASSERT_IMPLICATION : imp_1_consequent_expr should be high when imp_1_antecedent_expr is high : Antecedent does not have consequent : severity 1 : time 2000 : tb_assert_simulation.DUT.u_imp_1.ovl_error_t
        OVL_ERROR : ASSERT_IMPLICATION : imp_1_consequent_expr should be high when imp_1_antecedent_expr is high : Antecedent does not have consequent : severity 1 : time 2300 : tb_assert_simulation.DUT.u_imp_1.ovl_error_t
        OVL_ERROR : ASSERT_IMPLICATION : imp_1_consequent_expr should be high when imp_1_antecedent_expr is high : antecedent_expr contains X or Z : severity 1 : time 1800 : tb_assert_simulation.DUT.u_imp_1.ovl_error_t
        OVL_ERROR : ASSERT_IMPLICATION : imp_1_consequent_expr should be high when imp_1_antecedent_expr is high : consequent_expr contains X or Z : severity 1 : time 2000 : tb_assert_simulation.DUT.u_imp_1.ovl_error_t
        OVL_ERROR : ASSERT_INCREMENT : inc_1_test_expr should increment by 1 : Test expression is increased by a value other than specified : severity 1 : time 7200 : tb_assert_simulation.DUT.u_inc_1.ovl_error_t
        OVL_ERROR : ASSERT_INCREMENT : inc_2_test_expr should increment by 2 : Test expression is increased by a value other than specified : severity 1 : time 7200 : tb_assert_simulation.DUT.u_inc_2.ovl_error_t
        OVL_ERROR : ASSERT_NEVER_UNKNOWN : nun_1_test_expr should never be X or Z : test_expr contains X or Z : severity 1 : time 2800 : tb_assert_simulation.DUT.u_nun_1.ovl_error_t
        OVL_ERROR : ASSERT_NEVER_UNKNOWN_ASYNC : nua_1_test_expr should never be X or Z : test_expr contains X or Z : severity 1 : time 250 : tb_assert_simulation.DUT.u_nua_1.ovl_error_t
        OVL_ERROR : ASSERT_NEVER_UNKNOWN_ASYNC : nua_1_test_expr should never be X or Z : test_expr contains X or Z : severity 1 : time 550 : tb_assert_simulation.DUT.u_nua_1.ovl_error_t
        OVL_ERROR : ASSERT_NEXT : nxt_1_test_expr should occur num_cks after start_event : Test expression is not asserted after elapse of num_cks cycles from start event : severity 1 : time 10400 : tb_assert_simulation.DUT.u_nxt_1.ovl_error_t
        OVL_ERROR : ASSERT_NO_OVERFLOW : noo_1_test_expr should not overflow : Test expression changed value from allowed maximum value max to a value in the range max+1 to min : severity 1 : time 7600 : tb_assert_simulation.DUT.u_noo_1.ovl_error_t
        OVL_ERROR : ASSERT_NO_OVERFLOW : noo_1_test_expr should not overflow : Test expression changed value from allowed maximum value max to a value in the range max+1 to min : severity 1 : time 7800 : tb_assert_simulation.DUT.u_noo_1.ovl_error_t
        OVL_ERROR : ASSERT_NO_TRANSITION : not_1_test_expr should not change from start_state to next_state : Test expression transitioned from value equal to start_state to a value equal to next_state : severity 1 : time 8100 : tb_assert_simulation.DUT.u_not_1.ovl_error_t
        OVL_ERROR : ASSERT_NO_UNDERFLOW : nou_1_test_expr should not underflow : Test expression changed value from allowed minimum value min to a value in the range min-1 to max : severity 1 : time 8300 : tb_assert_simulation.DUT.u_nou_1.ovl_error_t
        OVL_ERROR : ASSERT_NO_UNDERFLOW : nou_1_test_expr should not underflow : Test expression changed value from allowed minimum value min to a value in the range min-1 to max : severity 1 : time 8500 : tb_assert_simulation.DUT.u_nou_1.ovl_error_t
        OVL_ERROR : ASSERT_ODD_PARITY : odp_1_test_expr should have an odd number of bits asserted : Test expression does not exhibit odd parity : severity 1 : time 3300 : tb_assert_simulation.DUT.u_odp_1.ovl_error_t
        OVL_ERROR : ASSERT_ODD_PARITY : odp_1_test_expr should have an odd number of bits asserted : Test expression does not exhibit odd parity : severity 1 : time 3400 : tb_assert_simulation.DUT.u_odp_1.ovl_error_t
        OVL_ERROR : ASSERT_ODD_PARITY : odp_1_test_expr should have an odd number of bits asserted : test_expr contains X or Z : severity 1 : time 3300 : tb_assert_simulation.DUT.u_odp_1.ovl_error_t
        OVL_ERROR : ASSERT_ONE_COLD : ocd_1_test_expr should be onecold : Test expression contains more or less than 1 deasserted bits : severity 1 : time 3800 : tb_assert_simulation.DUT.u_ocd_1.ovl_error_t
        OVL_ERROR : ASSERT_ONE_COLD : ocd_1_test_expr should be onecold : Test expression contains more or less than 1 deasserted bits : severity 1 : time 3900 : tb_assert_simulation.DUT.u_ocd_1.ovl_error_t
        OVL_ERROR : ASSERT_ONE_COLD : ocd_1_test_expr should be onecold : test_expr contains X or Z : severity 1 : time 3700 : tb_assert_simulation.DUT.u_ocd_1.ovl_error_t
        OVL_ERROR : ASSERT_ONE_COLD : ocd_2_test_expr should be onecold or zero : Test expression contains more or less than 1 deasserted bits : severity 1 : time 3800 : tb_assert_simulation.DUT.u_ocd_2.ovl_error_t
        OVL_ERROR : ASSERT_ONE_COLD : ocd_2_test_expr should be onecold or zero : Test expression contains more or less than 1 deasserted bits : severity 1 : time 3900 : tb_assert_simulation.DUT.u_ocd_2.ovl_error_t
        OVL_ERROR : ASSERT_ONE_COLD : ocd_2_test_expr should be onecold or zero : test_expr contains X or Z : severity 1 : time 3700 : tb_assert_simulation.DUT.u_ocd_2.ovl_error_t
        OVL_ERROR : ASSERT_ONE_COLD : ocd_3_test_expr should be onecold or all-ones : Test expression contains more or less than 1 deasserted bits : severity 1 : time 3800 : tb_assert_simulation.DUT.u_ocd_3.ovl_error_t
        OVL_ERROR : ASSERT_ONE_COLD : ocd_3_test_expr should be onecold or all-ones : Test expression contains more or less than 1 deasserted bits : severity 1 : time 3900 : tb_assert_simulation.DUT.u_ocd_3.ovl_error_t
        OVL_ERROR : ASSERT_ONE_COLD : ocd_3_test_expr should be onecold or all-ones : test_expr contains X or Z : severity 1 : time 3700 : tb_assert_simulation.DUT.u_ocd_3.ovl_error_t
        OVL_ERROR : ASSERT_ONE_HOT : oht_1_test_expr should be onehot : Test expression contains more or less than 1 asserted bits : severity 1 : time 4200 : tb_assert_simulation.DUT.u_oht_1.ovl_error_t
        OVL_ERROR : ASSERT_ONE_HOT : oht_1_test_expr should be onehot : Test expression contains more or less than 1 asserted bits : severity 1 : time 4300 : tb_assert_simulation.DUT.u_oht_1.ovl_error_t
        OVL_ERROR : ASSERT_ONE_HOT : oht_1_test_expr should be onehot : test_expr contains X or Z : severity 1 : time 4100 : tb_assert_simulation.DUT.u_oht_1.ovl_error_t
        OVL_ERROR : ASSERT_PROPOSITION : prp_1_test_expr should be high : Test expression is FALSE : severity 1 : time 650 : tb_assert_simulation.DUT.u_prp_1.ovl_error_t
        OVL_ERROR : ASSERT_PROPOSITION : prp_1_test_expr should be high : Test expression is FALSE : severity 1 : time 850 : tb_assert_simulation.DUT.u_prp_1.ovl_error_t
        OVL_ERROR : ASSERT_PROPOSITION : prp_1_test_expr should be high : test_expr contains X or Z : severity 1 : time 650 : tb_assert_simulation.DUT.u_prp_1.ovl_error_t
        OVL_ERROR : ASSERT_QUIESCENT_STATE : qst_1_state_expr should equal check_value on a rising-edge of sample_event : State expression is not equal to check_value while sample event is asserted : severity 1 : time 8600 : tb_assert_simulation.DUT.u_qst_1.ovl_error_t
        OVL_ERROR : ASSERT_RANGE : rng_1_test_expr should be between 1 and 6 : Test expression evaluates to a value outside the range specified by parameters min and max : severity 1 : time 4500 : tb_assert_simulation.DUT.u_rng_1.ovl_error_t
        OVL_ERROR : ASSERT_RANGE : rng_1_test_expr should be between 1 and 6 : Test expression evaluates to a value outside the range specified by parameters min and max : severity 1 : time 4600 : tb_assert_simulation.DUT.u_rng_1.ovl_error_t
        OVL_ERROR : ASSERT_RANGE : rng_1_test_expr should be between 1 and 6 : Test expression evaluates to a value outside the range specified by parameters min and max : severity 1 : time 4700 : tb_assert_simulation.DUT.u_rng_1.ovl_error_t
        OVL_ERROR : ASSERT_RANGE : rng_1_test_expr should be between 1 and 6 : Test expression evaluates to a value outside the range specified by parameters min and max : severity 1 : time 4800 : tb_assert_simulation.DUT.u_rng_1.ovl_error_t
        OVL_ERROR : ASSERT_RANGE : rng_1_test_expr should be between 1 and 6 : Test expression evaluates to a value outside the range specified by parameters min and max : severity 1 : time 4900 : tb_assert_simulation.DUT.u_rng_1.ovl_error_t
        OVL_ERROR : ASSERT_RANGE : rng_1_test_expr should be between 1 and 6 : test_expr contains X or Z : severity 1 : time 4500 : tb_assert_simulation.DUT.u_rng_1.ovl_error_t
        OVL_ERROR : ASSERT_RANGE : rng_1_test_expr should be between 1 and 6 : test_expr contains X or Z : severity 1 : time 4600 : tb_assert_simulation.DUT.u_rng_1.ovl_error_t
        OVL_ERROR : ASSERT_RANGE : rng_1_test_expr should be between 1 and 6 : test_expr contains X or Z : severity 1 : time 4700 : tb_assert_simulation.DUT.u_rng_1.ovl_error_t
        OVL_ERROR : ASSERT_TIME : tim_1_test_expr must hold for 5 cycles after tim_1_start_event (ignore new start) : Test expression is not TRUE within specified num_cks cycles from the start_event : severity 1 : time 11000 : tb_assert_simulation.DUT.u_tim_1.ovl_error_t
        OVL_ERROR : ASSERT_TRANSITION : trn_1_test_expr should change from start_state to next_state : Test expression transitioned from value start_state to a value other than next_state : severity 1 : time 8900 : tb_assert_simulation.DUT.u_trn_1.ovl_error_t
        OVL_ERROR : ASSERT_UNCHANGE : unc_1_test_expr should be stable during num_cks of start_event : Test expression changed value within num_cks from the start event asserted : severity 1 : time 11500 : tb_assert_simulation.DUT.u_unc_1.ovl_error_t
        OVL_ERROR : ASSERT_WIDTH : wid_1_test_expr should hold between min and max cycles : Test expression was held TRUE for less than specified minimum min_cks cycles : severity 1 : time 11900 : tb_assert_simulation.DUT.u_wid_1.ovl_error_t
        OVL_ERROR : ASSERT_WINDOW : win_1_test_expr should hold between start_event & end_event : Test expression changed value during an open event window : severity 1 : time 14400 : tb_assert_simulation.DUT.u_win_1.ovl_error_t
        OVL_ERROR : ASSERT_WINDOW : win_1_test_expr should hold between start_event & end_event : Test expression changed value during an open event window : severity 1 : time 15000 : tb_assert_simulation.DUT.u_win_1.ovl_error_t
        OVL_ERROR : ASSERT_WIN_CHANGE : wch_1_test_expr should change between start_event & end_event : Test expression has not changed value before window is closed : severity 1 : time 13100 : tb_assert_simulation.DUT.u_wch_1.ovl_error_t
        OVL_ERROR : ASSERT_WIN_UNCHANGE : wuc_1_test_expr should be stable between start_event & end_event : Test expression has changed value before the event window closes : severity 1 : time 16400 : tb_assert_simulation.DUT.u_wuc_1.ovl_error_t
        OVL_ERROR : ASSERT_WIN_UNCHANGE : wuc_1_test_expr should be stable between start_event & end_event : Test expression has changed value before the event window closes : severity 1 : time 17000 : tb_assert_simulation.DUT.u_wuc_1.ovl_error_t
        OVL_ERROR : ASSERT_ZERO_ONE_HOT : zoh_1_test_expr should be onehot or zero : Test expression contains more than 1 asserted bits : severity 1 : time 5200 : tb_assert_simulation.DUT.u_zoh_1.ovl_error_t
        OVL_ERROR : ASSERT_ZERO_ONE_HOT : zoh_1_test_expr should be onehot or zero : test_expr contains X or Z : severity 1 : time 5100 : tb_assert_simulation.DUT.u_zoh_1.ovl_error_t
        OVL_FATAL : ASSERT_NEVER : nvr_1_test_expr should be permanently low : Test expression is not FALSE : severity 0 : time 99900 : tb_assert_simulation.DUT.u_nvr_1.ovl_error_t
      OVL_WARNING : ASSERT_NEVER : nvr_2_test_expr should be permanently low : Test expression is not FALSE : severity 2 : time 2500 : tb_assert_simulation.DUT.u_nvr_2.ovl_error_t
      OVL_WARNING : ASSERT_NEVER : nvr_2_test_expr should be permanently low : Test expression is not FALSE : severity 2 : time 2600 : tb_assert_simulation.DUT.u_nvr_2.ovl_error_t
      OVL_WARNING : ASSERT_NEVER : nvr_2_test_expr should be permanently low : test_expr contains X or Z : severity 2 : time 2500 : tb_assert_simulation.DUT.u_nvr_2.ovl_error_t
